Archive member included to satisfy reference by file (symbol)

c:/st/stm32cubeide_1.10.1/stm32cubeide/plugins/com.st.stm32cube.ide.mcu.externaltools.gnu-tools-for-stm32.10.3-2021.10.win32_1.0.0.202111181127/tools/bin/../lib/gcc/arm-none-eabi/10.3.1/../../../../arm-none-eabi/lib/thumb/v7e-m+fp/hard\libc_nano.a(lib_a-errno.o)
                              ./Core/Src/syscalls.o (__errno)
c:/st/stm32cubeide_1.10.1/stm32cubeide/plugins/com.st.stm32cube.ide.mcu.externaltools.gnu-tools-for-stm32.10.3-2021.10.win32_1.0.0.202111181127/tools/bin/../lib/gcc/arm-none-eabi/10.3.1/../../../../arm-none-eabi/lib/thumb/v7e-m+fp/hard\libc_nano.a(lib_a-exit.o)
                              c:/st/stm32cubeide_1.10.1/stm32cubeide/plugins/com.st.stm32cube.ide.mcu.externaltools.gnu-tools-for-stm32.10.3-2021.10.win32_1.0.0.202111181127/tools/bin/../lib/gcc/arm-none-eabi/10.3.1/../../../../arm-none-eabi/lib/thumb/v7e-m+fp/hard/crt0.o (exit)
c:/st/stm32cubeide_1.10.1/stm32cubeide/plugins/com.st.stm32cube.ide.mcu.externaltools.gnu-tools-for-stm32.10.3-2021.10.win32_1.0.0.202111181127/tools/bin/../lib/gcc/arm-none-eabi/10.3.1/../../../../arm-none-eabi/lib/thumb/v7e-m+fp/hard\libc_nano.a(lib_a-findfp.o)
                              ./Middlewares/Third_Party/FreeRTOS/Source/tasks.o (__sf_fake_stderr)
c:/st/stm32cubeide_1.10.1/stm32cubeide/plugins/com.st.stm32cube.ide.mcu.externaltools.gnu-tools-for-stm32.10.3-2021.10.win32_1.0.0.202111181127/tools/bin/../lib/gcc/arm-none-eabi/10.3.1/../../../../arm-none-eabi/lib/thumb/v7e-m+fp/hard\libc_nano.a(lib_a-fwalk.o)
                              c:/st/stm32cubeide_1.10.1/stm32cubeide/plugins/com.st.stm32cube.ide.mcu.externaltools.gnu-tools-for-stm32.10.3-2021.10.win32_1.0.0.202111181127/tools/bin/../lib/gcc/arm-none-eabi/10.3.1/../../../../arm-none-eabi/lib/thumb/v7e-m+fp/hard\libc_nano.a(lib_a-findfp.o) (_fwalk)
c:/st/stm32cubeide_1.10.1/stm32cubeide/plugins/com.st.stm32cube.ide.mcu.externaltools.gnu-tools-for-stm32.10.3-2021.10.win32_1.0.0.202111181127/tools/bin/../lib/gcc/arm-none-eabi/10.3.1/../../../../arm-none-eabi/lib/thumb/v7e-m+fp/hard\libc_nano.a(lib_a-impure.o)
                              c:/st/stm32cubeide_1.10.1/stm32cubeide/plugins/com.st.stm32cube.ide.mcu.externaltools.gnu-tools-for-stm32.10.3-2021.10.win32_1.0.0.202111181127/tools/bin/../lib/gcc/arm-none-eabi/10.3.1/../../../../arm-none-eabi/lib/thumb/v7e-m+fp/hard\libc_nano.a(lib_a-exit.o) (_global_impure_ptr)
c:/st/stm32cubeide_1.10.1/stm32cubeide/plugins/com.st.stm32cube.ide.mcu.externaltools.gnu-tools-for-stm32.10.3-2021.10.win32_1.0.0.202111181127/tools/bin/../lib/gcc/arm-none-eabi/10.3.1/../../../../arm-none-eabi/lib/thumb/v7e-m+fp/hard\libc_nano.a(lib_a-init.o)
                              c:/st/stm32cubeide_1.10.1/stm32cubeide/plugins/com.st.stm32cube.ide.mcu.externaltools.gnu-tools-for-stm32.10.3-2021.10.win32_1.0.0.202111181127/tools/bin/../lib/gcc/arm-none-eabi/10.3.1/../../../../arm-none-eabi/lib/thumb/v7e-m+fp/hard/crt0.o (__libc_init_array)
c:/st/stm32cubeide_1.10.1/stm32cubeide/plugins/com.st.stm32cube.ide.mcu.externaltools.gnu-tools-for-stm32.10.3-2021.10.win32_1.0.0.202111181127/tools/bin/../lib/gcc/arm-none-eabi/10.3.1/../../../../arm-none-eabi/lib/thumb/v7e-m+fp/hard\libc_nano.a(lib_a-lock.o)
                              c:/st/stm32cubeide_1.10.1/stm32cubeide/plugins/com.st.stm32cube.ide.mcu.externaltools.gnu-tools-for-stm32.10.3-2021.10.win32_1.0.0.202111181127/tools/bin/../lib/gcc/arm-none-eabi/10.3.1/../../../../arm-none-eabi/lib/thumb/v7e-m+fp/hard\libc_nano.a(lib_a-findfp.o) (__retarget_lock_init_recursive)
c:/st/stm32cubeide_1.10.1/stm32cubeide/plugins/com.st.stm32cube.ide.mcu.externaltools.gnu-tools-for-stm32.10.3-2021.10.win32_1.0.0.202111181127/tools/bin/../lib/gcc/arm-none-eabi/10.3.1/../../../../arm-none-eabi/lib/thumb/v7e-m+fp/hard\libc_nano.a(lib_a-memcpy-stub.o)
                              ./Middlewares/Third_Party/FreeRTOS/Source/queue.o (memcpy)
c:/st/stm32cubeide_1.10.1/stm32cubeide/plugins/com.st.stm32cube.ide.mcu.externaltools.gnu-tools-for-stm32.10.3-2021.10.win32_1.0.0.202111181127/tools/bin/../lib/gcc/arm-none-eabi/10.3.1/../../../../arm-none-eabi/lib/thumb/v7e-m+fp/hard\libc_nano.a(lib_a-memset.o)
                              c:/st/stm32cubeide_1.10.1/stm32cubeide/plugins/com.st.stm32cube.ide.mcu.externaltools.gnu-tools-for-stm32.10.3-2021.10.win32_1.0.0.202111181127/tools/bin/../lib/gcc/arm-none-eabi/10.3.1/../../../../arm-none-eabi/lib/thumb/v7e-m+fp/hard/crt0.o (memset)
c:/st/stm32cubeide_1.10.1/stm32cubeide/plugins/com.st.stm32cube.ide.mcu.externaltools.gnu-tools-for-stm32.10.3-2021.10.win32_1.0.0.202111181127/tools/bin/../lib/gcc/arm-none-eabi/10.3.1/../../../../arm-none-eabi/lib/thumb/v7e-m+fp/hard\libc_nano.a(lib_a-nano-mallocr.o)
[...]
Memory Configuration

Name             Origin             Length             Attributes
RAM              0x0000000020000000 0x0000000000020000 xrw
FLASH            0x0000000008000000 0x0000000000080000 xr
*default*        0x0000000000000000 0xffffffffffffffff

Linker script and memory map

LOAD c:/st/stm32cubeide_1.10.1/stm32cubeide/plugins/com.st.stm32cube.ide.mcu.externaltools.gnu-tools-for-stm32.10.3-2021.10.win32_1.0.0.202111181127/tools/bin/../lib/gcc/arm-none-eabi/10.3.1/thumb/v7e-m+fp/hard/crti.o
LOAD c:/st/stm32cubeide_1.10.1/stm32cubeide/plugins/com.st.stm32cube.ide.mcu.externaltools.gnu-tools-for-stm32.10.3-2021.10.win32_1.0.0.202111181127/tools/bin/../lib/gcc/arm-none-eabi/10.3.1/thumb/v7e-m+fp/hard/crtbegin.o
LOAD c:/st/stm32cubeide_1.10.1/stm32cubeide/plugins/com.st.stm32cube.ide.mcu.externaltools.gnu-tools-for-stm32.10.3-2021.10.win32_1.0.0.202111181127/tools/bin/../lib/gcc/arm-none-eabi/10.3.1/../../../../arm-none-eabi/lib/thumb/v7e-m+fp/hard/crt0.o
LOAD ./Core/Src/GopherCAN_interface.o
LOAD ./Core/Src/freertos.o
LOAD ./Core/Src/ledStrip.o
LOAD ./Core/Src/main.o
LOAD ./Core/Src/stm32f4xx_hal_msp.o
LOAD ./Core/Src/stm32f4xx_hal_timebase_tim.o
LOAD ./Core/Src/stm32f4xx_it.o
LOAD ./Core/Src/syscalls.o
LOAD ./Core/Src/sysmem.o
LOAD ./Core/Src/system_stm32f4xx.o
LOAD ./Core/Startup/startup_stm32f446retx.o
LOAD ./Core/gophercan-lib/GopherCAN.o
LOAD ./Core/gophercan-lib/GopherCAN_ids.o
LOAD ./Core/gophercan-lib/GopherCAN_names.o
LOAD ./Core/gophercan-lib/GopherCAN_ring_buffer.o
LOAD ./Drivers/STM32F4xx_HAL_Driver/Src/stm32f4xx_hal.o
LOAD ./Drivers/STM32F4xx_HAL_Driver/Src/stm32f4xx_hal_can.o
LOAD ./Drivers/STM32F4xx_HAL_Driver/Src/stm32f4xx_hal_cortex.o
LOAD ./Drivers/STM32F4xx_HAL_Driver/Src/stm32f4xx_hal_dma.o
LOAD ./Drivers/STM32F4xx_HAL_Driver/Src/stm32f4xx_hal_dma_ex.o
LOAD ./Drivers/STM32F4xx_HAL_Driver/Src/stm32f4xx_hal_exti.o
LOAD ./Drivers/STM32F4xx_HAL_Driver/Src/stm32f4xx_hal_flash.o
LOAD ./Drivers/STM32F4xx_HAL_Driver/Src/stm32f4xx_hal_flash_ex.o
LOAD ./Drivers/STM32F4xx_HAL_Driver/Src/stm32f4xx_hal_flash_ramfunc.o
LOAD ./Drivers/STM32F4xx_HAL_Driver/Src/stm32f4xx_hal_gpio.o
LOAD ./Drivers/STM32F4xx_HAL_Driver/Src/stm32f4xx_hal_pwr.o
LOAD ./Drivers/STM32F4xx_HAL_Driver/Src/stm32f4xx_hal_pwr_ex.o
LOAD ./Drivers/STM32F4xx_HAL_Driver/Src/stm32f4xx_hal_rcc.o
LOAD ./Drivers/STM32F4xx_HAL_Driver/Src/stm32f4xx_hal_rcc_ex.o
LOAD ./Drivers/STM32F4xx_HAL_Driver/Src/stm32f4xx_hal_tim.o
LOAD ./Drivers/STM32F4xx_HAL_Driver/Src/stm32f4xx_hal_tim_ex.o
LOAD ./Drivers/STM32F4xx_HAL_Driver/Src/stm32f4xx_hal_uart.o
LOAD ./Middlewares/Third_Party/FreeRTOS/Source/CMSIS_RTOS/cmsis_os.o
LOAD ./Middlewares/Third_Party/FreeRTOS/Source/croutine.o
LOAD ./Middlewares/Third_Party/FreeRTOS/Source/event_groups.o
LOAD ./Middlewares/Third_Party/FreeRTOS/Source/list.o
LOAD ./Middlewares/Third_Party/FreeRTOS/Source/queue.o
LOAD ./Middlewares/Third_Party/FreeRTOS/Source/stream_buffer.o
LOAD ./Middlewares/Third_Party/FreeRTOS/Source/tasks.o
LOAD ./Middlewares/Third_Party/FreeRTOS/Source/timers.o
LOAD ./Middlewares/Third_Party/FreeRTOS/Source/portable/GCC/ARM_CM4F/port.o
LOAD ./Middlewares/Third_Party/FreeRTOS/Source/portable/MemMang/heap_4.o
START GROUP
LOAD c:/st/stm32cubeide_1.10.1/stm32cubeide/plugins/com.st.stm32cube.ide.mcu.externaltools.gnu-tools-for-stm32.10.3-2021.10.win32_1.0.0.202111181127/tools/bin/../lib/gcc/arm-none-eabi/10.3.1/../../../../arm-none-eabi/lib/thumb/v7e-m+fp/hard\libc_nano.a
LOAD c:/st/stm32cubeide_1.10.1/stm32cubeide/plugins/com.st.stm32cube.ide.mcu.externaltools.gnu-tools-for-stm32.10.3-2021.10.win32_1.0.0.202111181127/tools/bin/../lib/gcc/arm-none-eabi/10.3.1/../../../../arm-none-eabi/lib/thumb/v7e-m+fp/hard\libm.a
END GROUP
START GROUP
LOAD c:/st/stm32cubeide_1.10.1/stm32cubeide/plugins/com.st.stm32cube.ide.mcu.externaltools.gnu-tools-for-stm32.10.3-2021.10.win32_1.0.0.202111181127/tools/bin/../lib/gcc/arm-none-eabi/10.3.1/thumb/v7e-m+fp/hard\libgcc.a
LOAD c:/st/stm32cubeide_1.10.1/stm32cubeide/plugins/com.st.stm32cube.ide.mcu.externaltools.gnu-tools-for-stm32.10.3-2021.10.win32_1.0.0.202111181127/tools/bin/../lib/gcc/arm-none-eabi/10.3.1/../../../../arm-none-eabi/lib/thumb/v7e-m+fp/hard\libc_nano.a
END GROUP
START GROUP
LOAD c:/st/stm32cubeide_1.10.1/stm32cubeide/plugins/com.st.stm32cube.ide.mcu.externaltools.gnu-tools-for-stm32.10.3-2021.10.win32_1.0.0.202111181127/tools/bin/../lib/gcc/arm-none-eabi/10.3.1/thumb/v7e-m+fp/hard\libgcc.a
LOAD c:/st/stm32cubeide_1.10.1/stm32cubeide/plugins/com.st.stm32cube.ide.mcu.externaltools.gnu-tools-for-stm32.10.3-2021.10.win32_1.0.0.202111181127/tools/bin/../lib/gcc/arm-none-eabi/10.3.1/../../../../arm-none-eabi/lib/thumb/v7e-m+fp/hard\libc_nano.a
LOAD c:/st/stm32cubeide_1.10.1/stm32cubeide/plugins/com.st.stm32cube.ide.mcu.externaltools.gnu-tools-for-stm32.10.3-2021.10.win32_1.0.0.202111181127/tools/bin/../lib/gcc/arm-none-eabi/10.3.1/../../../../arm-none-eabi/lib/thumb/v7e-m+fp/hard\libnosys.a
END GROUP
START GROUP
LOAD c:/st/stm32cubeide_1.10.1/stm32cubeide/plugins/com.st.stm32cube.ide.mcu.externaltools.gnu-tools-for-stm32.10.3-2021.10.win32_1.0.0.202111181127/tools/bin/../lib/gcc/arm-none-eabi/10.3.1/thumb/v7e-m+fp/hard\libgcc.a
LOAD c:/st/stm32cubeide_1.10.1/stm32cubeide/plugins/com.st.stm32cube.ide.mcu.externaltools.gnu-tools-for-stm32.10.3-2021.10.win32_1.0.0.202111181127/tools/bin/../lib/gcc/arm-none-eabi/10.3.1/../../../../arm-none-eabi/lib/thumb/v7e-m+fp/hard\libc_nano.a
LOAD c:/st/stm32cubeide_1.10.1/stm32cubeide/plugins/com.st.stm32cube.ide.mcu.externaltools.gnu-tools-for-stm32.10.3-2021.10.win32_1.0.0.202111181127/tools/bin/../lib/gcc/arm-none-eabi/10.3.1/../../../../arm-none-eabi/lib/thumb/v7e-m+fp/hard\libnosys.a
END GROUP
LOAD c:/st/stm32cubeide_1.10.1/stm32cubeide/plugins/com.st.stm32cube.ide.mcu.externaltools.gnu-tools-for-stm32.10.3-2021.10.win32_1.0.0.202111181127/tools/bin/../lib/gcc/arm-none-eabi/10.3.1/thumb/v7e-m+fp/hard/crtend.o
LOAD c:/st/stm32cubeide_1.10.1/stm32cubeide/plugins/com.st.stm32cube.ide.mcu.externaltools.gnu-tools-for-stm32.10.3-2021.10.win32_1.0.0.202111181127/tools/bin/../lib/gcc/arm-none-eabi/10.3.1/thumb/v7e-m+fp/hard/crtn.o
                0x0000000020020000                _estack = (ORIGIN (RAM) + LENGTH (RAM))
                0x0000000000000200                _Min_Heap_Size = 0x200
                0x0000000000000400                _Min_Stack_Size = 0x400

.isr_vector     0x0000000008000000      0x1c4
                0x0000000008000000                . = ALIGN (0x4)
 *(.isr_vector)
 .isr_vector    0x0000000008000000      0x1c4 ./Core/Startup/startup_stm32f446retx.o
                0x0000000008000000                g_pfnVectors
                0x00000000080001c4                . = ALIGN (0x4)

.text           0x00000000080001d0     0x7cb4
                0x00000000080001d0                . = ALIGN (0x4)
 *(.text)
 .text          0x00000000080001d0       0x40 c:/st/stm32cubeide_1.10.1/stm32cubeide/plugins/com.st.stm32cube.ide.mcu.externaltools.gnu-tools-for-stm32.10.3-2021.10.win32_1.0.0.202111181127/tools/bin/../lib/gcc/arm-none-eabi/10.3.1/thumb/v7e-m+fp/hard/crtbegin.o
 .text          0x0000000008000210       0x30 c:/st/stm32cubeide_1.10.1/stm32cubeide/plugins/com.st.stm32cube.ide.mcu.externaltools.gnu-tools-for-stm32.10.3-2021.10.win32_1.0.0.202111181127/tools/bin/../lib/gcc/arm-none-eabi/10.3.1/thumb/v7e-m+fp/hard\libgcc.a(_aeabi_uldivmod.o)
                0x0000000008000210                __aeabi_uldivmod
 .text          0x0000000008000240      0x2d0 c:/st/stm32cubeide_1.10.1/stm32cubeide/plugins/com.st.stm32cube.ide.mcu.externaltools.gnu-tools-for-stm32.10.3-2021.10.win32_1.0.0.202111181127/tools/bin/../lib/gcc/arm-none-eabi/10.3.1/thumb/v7e-m+fp/hard\libgcc.a(_udivmoddi4.o)
                0x0000000008000240                __udivmoddi4
 .text          0x0000000008000510        0x4 c:/st/stm32cubeide_1.10.1/stm32cubeide/plugins/com.st.stm32cube.ide.mcu.externaltools.gnu-tools-for-stm32.10.3-2021.10.win32_1.0.0.202111181127/tools/bin/../lib/gcc/arm-none-eabi/10.3.1/thumb/v7e-m+fp/hard\libgcc.a(_dvmd_tls.o)
                0x0000000008000510                __aeabi_idiv0
                0x0000000008000510                __aeabi_ldiv0
 *(.text*)
 .text.init     0x0000000008000514       0x4c ./Core/Src/GopherCAN_interface.o
                0x0000000008000514                init
 .text.can_buffer_handling_loop
                0x0000000008000560       0x1c ./Core/Src/GopherCAN_interface.o
                0x0000000008000560                can_buffer_handling_loop
 .text.main_loop
                0x000000000800057c       0xc8 ./Core/Src/GopherCAN_interface.o
                0x000000000800057c                main_loop
 .text.vApplicationGetIdleTaskMemory
                0x0000000008000644       0x34 ./Core/Src/freertos.o
                0x0000000008000644                vApplicationGetIdleTaskMemory
 .text.clear    0x0000000008000678       0x40 ./Core/Src/ledStrip.o
                0x0000000008000678                clear
 .text.write    0x00000000080006b8      0x11c ./Core/Src/ledStrip.o
                0x00000000080006b8                write
 .text.setPixelColor
                0x00000000080007d4       0x54 ./Core/Src/ledStrip.o
                0x00000000080007d4                setPixelColor
 .text.setStripBrightness
                0x0000000008000828       0x48 ./Core/Src/ledStrip.o
                0x0000000008000828                setStripBrightness
 .text.map      0x0000000008000870       0x38 ./Core/Src/ledStrip.o
                0x0000000008000870                map
 .text.generateRainbow
                0x00000000080008a8      0x27c ./Core/Src/ledStrip.o
                0x00000000080008a8                generateRainbow
 .text.rainbow  0x0000000008000b24      0x170 ./Core/Src/ledStrip.o
                0x0000000008000b24                rainbow
 .text.rpmProgressBar
                0x0000000008000c94       0xfc ./Core/Src/ledStrip.o
                0x0000000008000c94                rpmProgressBar
 .text.main     0x0000000008000d90       0x90 ./Core/Src/main.o
                0x0000000008000d90                main
 .text.SystemClock_Config
                0x0000000008000e20       0xd8 ./Core/Src/main.o
                0x0000000008000e20                SystemClock_Config
 .text.MX_CAN1_Init
                0x0000000008000ef8       0x6c ./Core/Src/main.o
 .text.MX_TIM2_Init
                0x0000000008000f64       0xe8 ./Core/Src/main.o
 .text.MX_TIM3_Init
                0x000000000800104c       0xec ./Core/Src/main.o
 .text.MX_USART2_UART_Init
                0x0000000008001138       0x54 ./Core/Src/main.o
 .text.MX_DMA_Init
                0x000000000800118c       0x50 ./Core/Src/main.o
 .text.MX_GPIO_Init
                0x00000000080011dc       0xc0 ./Core/Src/main.o
 .text.task_main_loop
                0x000000000800129c       0x14 ./Core/Src/main.o
                0x000000000800129c                task_main_loop
 .text.task_gcan_hw
                0x00000000080012b0       0x14 ./Core/Src/main.o
                0x00000000080012b0                task_gcan_hw
 .text.HAL_TIM_PeriodElapsedCallback
                0x00000000080012c4       0x24 ./Core/Src/main.o
                0x00000000080012c4                HAL_TIM_PeriodElapsedCallback
 .text.Error_Handler
                0x00000000080012e8        0xa ./Core/Src/main.o
                0x00000000080012e8                Error_Handler
 *fill*         0x00000000080012f2        0x2 
 .text.HAL_MspInit
                0x00000000080012f4       0x58 ./Core/Src/stm32f4xx_hal_msp.o
                0x00000000080012f4                HAL_MspInit
 .text.HAL_CAN_MspInit
                0x000000000800134c       0xc0 ./Core/Src/stm32f4xx_hal_msp.o
                0x000000000800134c                HAL_CAN_MspInit
 .text.HAL_TIM_Base_MspInit
                0x000000000800140c      0x150 ./Core/Src/stm32f4xx_hal_msp.o
                0x000000000800140c                HAL_TIM_Base_MspInit
 .text.HAL_TIM_MspPostInit
                0x000000000800155c       0xc0 ./Core/Src/stm32f4xx_hal_msp.o
                0x000000000800155c                HAL_TIM_MspPostInit
 .text.HAL_UART_MspInit
                0x000000000800161c       0x90 ./Core/Src/stm32f4xx_hal_msp.o
                0x000000000800161c                HAL_UART_MspInit
 .text.HAL_InitTick
                0x00000000080016ac       0xf8 ./Core/Src/stm32f4xx_hal_timebase_tim.o
                0x00000000080016ac                HAL_InitTick
 .text.NMI_Handler
                0x00000000080017a4        0x6 ./Core/Src/stm32f4xx_it.o
                0x00000000080017a4                NMI_Handler
 .text.HardFault_Handler
                0x00000000080017aa        0x6 ./Core/Src/stm32f4xx_it.o
                0x00000000080017aa                HardFault_Handler
 .text.MemManage_Handler
                0x00000000080017b0        0x6 ./Core/Src/stm32f4xx_it.o
                0x00000000080017b0                MemManage_Handler
 .text.BusFault_Handler
                0x00000000080017b6        0x6 ./Core/Src/stm32f4xx_it.o
                0x00000000080017b6                BusFault_Handler
 .text.UsageFault_Handler
                0x00000000080017bc        0x6 ./Core/Src/stm32f4xx_it.o
                0x00000000080017bc                UsageFault_Handler
 .text.DebugMon_Handler
                0x00000000080017c2        0xe ./Core/Src/stm32f4xx_it.o
                0x00000000080017c2                DebugMon_Handler
 .text.DMA1_Stream2_IRQHandler
                0x00000000080017d0       0x14 ./Core/Src/stm32f4xx_it.o
                0x00000000080017d0                DMA1_Stream2_IRQHandler
 .text.CAN1_TX_IRQHandler
                0x00000000080017e4       0x14 ./Core/Src/stm32f4xx_it.o
                0x00000000080017e4                CAN1_TX_IRQHandler
 .text.CAN1_RX0_IRQHandler
                0x00000000080017f8       0x14 ./Core/Src/stm32f4xx_it.o
                0x00000000080017f8                CAN1_RX0_IRQHandler
 .text.CAN1_RX1_IRQHandler
                0x000000000800180c       0x14 ./Core/Src/stm32f4xx_it.o
                0x000000000800180c                CAN1_RX1_IRQHandler
 .text.DMA1_Stream7_IRQHandler
                0x0000000008001820       0x14 ./Core/Src/stm32f4xx_it.o
                0x0000000008001820                DMA1_Stream7_IRQHandler
 .text.TIM6_DAC_IRQHandler
                0x0000000008001834       0x14 ./Core/Src/stm32f4xx_it.o
                0x0000000008001834                TIM6_DAC_IRQHandler
 .text.SystemInit
                0x0000000008001848       0x24 ./Core/Src/system_stm32f4xx.o
                0x0000000008001848                SystemInit
 .text.Reset_Handler
                0x000000000800186c       0x50 ./Core/Startup/startup_stm32f446retx.o
                0x000000000800186c                Reset_Handler
 .text.Default_Handler
                0x00000000080018bc        0x2 ./Core/Startup/startup_stm32f446retx.o
                0x00000000080018bc                RTC_Alarm_IRQHandler
                0x00000000080018bc                EXTI2_IRQHandler
                0x00000000080018bc                TIM8_CC_IRQHandler
                0x00000000080018bc                FMPI2C1_EV_IRQHandler
                0x00000000080018bc                SPI4_IRQHandler
                0x00000000080018bc                TIM1_CC_IRQHandler
                0x00000000080018bc                DMA2_Stream5_IRQHandler
                0x00000000080018bc                DMA1_Stream5_IRQHandler
                0x00000000080018bc                PVD_IRQHandler
                0x00000000080018bc                SDIO_IRQHandler
                0x00000000080018bc                TAMP_STAMP_IRQHandler
                0x00000000080018bc                CAN2_RX1_IRQHandler
                0x00000000080018bc                EXTI3_IRQHandler
                0x00000000080018bc                TIM8_TRG_COM_TIM14_IRQHandler
                0x00000000080018bc                TIM1_UP_TIM10_IRQHandler
                0x00000000080018bc                TIM8_UP_TIM13_IRQHandler
                0x00000000080018bc                I2C3_ER_IRQHandler
                0x00000000080018bc                EXTI0_IRQHandler
                0x00000000080018bc                I2C2_EV_IRQHandler
                0x00000000080018bc                FPU_IRQHandler
                0x00000000080018bc                OTG_HS_WKUP_IRQHandler
                0x00000000080018bc                CAN2_SCE_IRQHandler
                0x00000000080018bc                DMA2_Stream2_IRQHandler
                0x00000000080018bc                SPI1_IRQHandler
                0x00000000080018bc                TIM1_BRK_TIM9_IRQHandler
                0x00000000080018bc                DCMI_IRQHandler
                0x00000000080018bc                CAN2_RX0_IRQHandler
                0x00000000080018bc                DMA2_Stream3_IRQHandler
                0x00000000080018bc                SAI2_IRQHandler
                0x00000000080018bc                USART6_IRQHandler
                0x00000000080018bc                USART3_IRQHandler
                0x00000000080018bc                UART5_IRQHandler
                0x00000000080018bc                DMA2_Stream0_IRQHandler
                0x00000000080018bc                TIM4_IRQHandler
                0x00000000080018bc                QUADSPI_IRQHandler
                0x00000000080018bc                I2C1_EV_IRQHandler
                0x00000000080018bc                DMA1_Stream6_IRQHandler
                0x00000000080018bc                DMA1_Stream1_IRQHandler
                0x00000000080018bc                UART4_IRQHandler
                0x00000000080018bc                TIM3_IRQHandler
                0x00000000080018bc                RCC_IRQHandler
                0x00000000080018bc                TIM8_BRK_TIM12_IRQHandler
                0x00000000080018bc                Default_Handler
                0x00000000080018bc                CEC_IRQHandler
                0x00000000080018bc                EXTI15_10_IRQHandler
                0x00000000080018bc                ADC_IRQHandler
                0x00000000080018bc                TIM7_IRQHandler
                0x00000000080018bc                CAN2_TX_IRQHandler
                0x00000000080018bc                TIM5_IRQHandler
                0x00000000080018bc                DMA2_Stream7_IRQHandler
                0x00000000080018bc                I2C3_EV_IRQHandler
                0x00000000080018bc                EXTI9_5_IRQHandler
                0x00000000080018bc                RTC_WKUP_IRQHandler
                0x00000000080018bc                SPDIF_RX_IRQHandler
                0x00000000080018bc                SPI2_IRQHandler
                0x00000000080018bc                OTG_HS_EP1_IN_IRQHandler
                0x00000000080018bc                DMA1_Stream0_IRQHandler
                0x00000000080018bc                FMPI2C1_ER_IRQHandler
                0x00000000080018bc                EXTI4_IRQHandler
                0x00000000080018bc                OTG_HS_EP1_OUT_IRQHandler
                0x00000000080018bc                WWDG_IRQHandler
                0x00000000080018bc                TIM2_IRQHandler
                0x00000000080018bc                OTG_FS_WKUP_IRQHandler
                0x00000000080018bc                TIM1_TRG_COM_TIM11_IRQHandler
                0x00000000080018bc                OTG_HS_IRQHandler
                0x00000000080018bc                EXTI1_IRQHandler
                0x00000000080018bc                USART2_IRQHandler
                0x00000000080018bc                I2C2_ER_IRQHandler
                0x00000000080018bc                DMA2_Stream1_IRQHandler
                0x00000000080018bc                CAN1_SCE_IRQHandler
                0x00000000080018bc                FLASH_IRQHandler
                0x00000000080018bc                DMA2_Stream4_IRQHandler
                0x00000000080018bc                USART1_IRQHandler
                0x00000000080018bc                OTG_FS_IRQHandler
                0x00000000080018bc                SPI3_IRQHandler
                0x00000000080018bc                DMA1_Stream4_IRQHandler
                0x00000000080018bc                I2C1_ER_IRQHandler
                0x00000000080018bc                FMC_IRQHandler
                0x00000000080018bc                DMA2_Stream6_IRQHandler
                0x00000000080018bc                SAI1_IRQHandler
                0x00000000080018bc                DMA1_Stream3_IRQHandler
 *fill*         0x00000000080018be        0x2 
 .text.init_can
                0x00000000080018c0      0x104 ./Core/gophercan-lib/GopherCAN.o
                0x00000000080018c0                init_can
 .text.init_all_params
                0x00000000080019c4       0x58 ./Core/gophercan-lib/GopherCAN.o
 .text.set_all_params_state
                0x0000000008001a1c       0x3c ./Core/gophercan-lib/GopherCAN.o
                0x0000000008001a1c                set_all_params_state
 .text.init_filters
                0x0000000008001a58      0x110 ./Core/gophercan-lib/GopherCAN.o
 .text.HAL_CAN_RxFifo0MsgPendingCallback
                0x0000000008001b68       0x18 ./Core/gophercan-lib/GopherCAN.o
                0x0000000008001b68                HAL_CAN_RxFifo0MsgPendingCallback
 .text.HAL_CAN_RxFifo1MsgPendingCallback
                0x0000000008001b80       0x18 ./Core/gophercan-lib/GopherCAN.o
                0x0000000008001b80                HAL_CAN_RxFifo1MsgPendingCallback
 .text.request_parameter
                0x0000000008001b98       0x88 ./Core/gophercan-lib/GopherCAN.o
                0x0000000008001b98                request_parameter
 .text.send_parameter
                0x0000000008001c20      0x280 ./Core/gophercan-lib/GopherCAN.o
                0x0000000008001c20                send_parameter
 .text.service_can_tx_hardware
                0x0000000008001ea0       0xa4 ./Core/gophercan-lib/GopherCAN.o
                0x0000000008001ea0                service_can_tx_hardware
 .text.service_can_rx_hardware
                0x0000000008001f44       0xa4 ./Core/gophercan-lib/GopherCAN.o
                0x0000000008001f44                service_can_rx_hardware
 .text.service_can_rx_buffer
                0x0000000008001fe8       0x48 ./Core/gophercan-lib/GopherCAN.o
                0x0000000008001fe8                service_can_rx_buffer
 .text.tx_can_message
                0x0000000008002030       0x5c ./Core/gophercan-lib/GopherCAN.o
 .text.service_can_rx_message
                0x000000000800208c      0x20c ./Core/gophercan-lib/GopherCAN.o
 .text.parameter_requested
                0x0000000008002298       0x5c ./Core/gophercan-lib/GopherCAN.o
 .text.run_can_command
                0x00000000080022f4       0xb4 ./Core/gophercan-lib/GopherCAN.o
 .text.build_message_id
                0x00000000080023a8       0xc0 ./Core/gophercan-lib/GopherCAN.o
 .text.get_message_id
                0x0000000008002468       0x6e ./Core/gophercan-lib/GopherCAN.o
 *fill*         0x00000000080024d6        0x2 
 .text.send_error_message
                0x00000000080024d8       0x5c ./Core/gophercan-lib/GopherCAN.o
 .text.HAL_CAN_TxMailbox0CompleteCallback
                0x0000000008002534       0x16 ./Core/gophercan-lib/GopherCAN.o
                0x0000000008002534                HAL_CAN_TxMailbox0CompleteCallback
 .text.HAL_CAN_TxMailbox1CompleteCallback
                0x000000000800254a       0x16 ./Core/gophercan-lib/GopherCAN.o
                0x000000000800254a                HAL_CAN_TxMailbox1CompleteCallback
 .text.HAL_CAN_TxMailbox2CompleteCallback
                0x0000000008002560       0x16 ./Core/gophercan-lib/GopherCAN.o
                0x0000000008002560                HAL_CAN_TxMailbox2CompleteCallback
 .text.HAL_CAN_TxMailbox0AbortCallback
                0x0000000008002576       0x16 ./Core/gophercan-lib/GopherCAN.o
                0x0000000008002576                HAL_CAN_TxMailbox0AbortCallback
 .text.HAL_CAN_TxMailbox1AbortCallback
                0x000000000800258c       0x16 ./Core/gophercan-lib/GopherCAN.o
                0x000000000800258c                HAL_CAN_TxMailbox1AbortCallback
 .text.HAL_CAN_TxMailbox2AbortCallback
                0x00000000080025a2       0x16 ./Core/gophercan-lib/GopherCAN.o
                0x00000000080025a2                HAL_CAN_TxMailbox2AbortCallback
 .text.do_nothing
                0x00000000080025b8       0x24 ./Core/gophercan-lib/GopherCAN.o
                0x00000000080025b8                do_nothing
 .text.init_buffer
                0x00000000080025dc       0x32 ./Core/gophercan-lib/GopherCAN_ring_buffer.o
                0x00000000080025dc                init_buffer
 .text.remove_from_front
                0x000000000800260e       0x44 ./Core/gophercan-lib/GopherCAN_ring_buffer.o
                0x000000000800260e                remove_from_front
 .text.add_message_by_highest_prio
                0x0000000008002652       0xe8 ./Core/gophercan-lib/GopherCAN_ring_buffer.o
                0x0000000008002652                add_message_by_highest_prio
 .text.copy_message
                0x000000000800273a       0x58 ./Core/gophercan-lib/GopherCAN_ring_buffer.o
 *fill*         0x0000000008002792        0x2 
 .text.HAL_Init
                0x0000000008002794       0x44 ./Drivers/STM32F4xx_HAL_Driver/Src/stm32f4xx_hal.o
                0x0000000008002794                HAL_Init
 .text.HAL_IncTick
                0x00000000080027d8       0x28 ./Drivers/STM32F4xx_HAL_Driver/Src/stm32f4xx_hal.o
                0x00000000080027d8                HAL_IncTick
 .text.HAL_GetTick
                0x0000000008002800       0x18 ./Drivers/STM32F4xx_HAL_Driver/Src/stm32f4xx_hal.o
                0x0000000008002800                HAL_GetTick
 .text.HAL_SetTickFreq
                0x0000000008002818       0x50 ./Drivers/STM32F4xx_HAL_Driver/Src/stm32f4xx_hal.o
                0x0000000008002818                HAL_SetTickFreq
 .text.HAL_CAN_Init
                0x0000000008002868      0x1f6 ./Drivers/STM32F4xx_HAL_Driver/Src/stm32f4xx_hal_can.o
                0x0000000008002868                HAL_CAN_Init
 *fill*         0x0000000008002a5e        0x2 
 .text.HAL_CAN_ConfigFilter
                0x0000000008002a60      0x1c0 ./Drivers/STM32F4xx_HAL_Driver/Src/stm32f4xx_hal_can.o
                0x0000000008002a60                HAL_CAN_ConfigFilter
 .text.HAL_CAN_Start
                0x0000000008002c20       0x88 ./Drivers/STM32F4xx_HAL_Driver/Src/stm32f4xx_hal_can.o
                0x0000000008002c20                HAL_CAN_Start
 .text.HAL_CAN_AddTxMessage
                0x0000000008002ca8      0x1b6 ./Drivers/STM32F4xx_HAL_Driver/Src/stm32f4xx_hal_can.o
                0x0000000008002ca8                HAL_CAN_AddTxMessage
 .text.HAL_CAN_GetTxMailboxesFreeLevel
                0x0000000008002e5e       0x6a ./Drivers/STM32F4xx_HAL_Driver/Src/stm32f4xx_hal_can.o
                0x0000000008002e5e                HAL_CAN_GetTxMailboxesFreeLevel
 .text.HAL_CAN_GetRxMessage
                0x0000000008002ec8      0x224 ./Drivers/STM32F4xx_HAL_Driver/Src/stm32f4xx_hal_can.o
                0x0000000008002ec8                HAL_CAN_GetRxMessage
 .text.HAL_CAN_GetRxFifoFillLevel
                0x00000000080030ec       0x50 ./Drivers/STM32F4xx_HAL_Driver/Src/stm32f4xx_hal_can.o
                0x00000000080030ec                HAL_CAN_GetRxFifoFillLevel
 .text.HAL_CAN_ActivateNotification
                0x000000000800313c       0x4c ./Drivers/STM32F4xx_HAL_Driver/Src/stm32f4xx_hal_can.o
                0x000000000800313c                HAL_CAN_ActivateNotification
 .text.HAL_CAN_DeactivateNotification
                0x0000000008003188       0x4e ./Drivers/STM32F4xx_HAL_Driver/Src/stm32f4xx_hal_can.o
                0x0000000008003188                HAL_CAN_DeactivateNotification
 .text.HAL_CAN_IRQHandler
                0x00000000080031d6      0x36e ./Drivers/STM32F4xx_HAL_Driver/Src/stm32f4xx_hal_can.o
                0x00000000080031d6                HAL_CAN_IRQHandler
 .text.HAL_CAN_RxFifo0FullCallback
                0x0000000008003544       0x14 ./Drivers/STM32F4xx_HAL_Driver/Src/stm32f4xx_hal_can.o
                0x0000000008003544                HAL_CAN_RxFifo0FullCallback
 .text.HAL_CAN_RxFifo1FullCallback
                0x0000000008003558       0x14 ./Drivers/STM32F4xx_HAL_Driver/Src/stm32f4xx_hal_can.o
                0x0000000008003558                HAL_CAN_RxFifo1FullCallback
 .text.HAL_CAN_SleepCallback
                0x000000000800356c       0x14 ./Drivers/STM32F4xx_HAL_Driver/Src/stm32f4xx_hal_can.o
                0x000000000800356c                HAL_CAN_SleepCallback
 .text.HAL_CAN_WakeUpFromRxMsgCallback
                0x0000000008003580       0x14 ./Drivers/STM32F4xx_HAL_Driver/Src/stm32f4xx_hal_can.o
                0x0000000008003580                HAL_CAN_WakeUpFromRxMsgCallback
 .text.HAL_CAN_ErrorCallback
                0x0000000008003594       0x14 ./Drivers/STM32F4xx_HAL_Driver/Src/stm32f4xx_hal_can.o
                0x0000000008003594                HAL_CAN_ErrorCallback
 .text.__NVIC_SetPriorityGrouping
                0x00000000080035a8       0x48 ./Drivers/STM32F4xx_HAL_Driver/Src/stm32f4xx_hal_cortex.o
 .text.__NVIC_GetPriorityGrouping
                0x00000000080035f0       0x1c ./Drivers/STM32F4xx_HAL_Driver/Src/stm32f4xx_hal_cortex.o
 .text.__NVIC_EnableIRQ
                0x000000000800360c       0x3c ./Drivers/STM32F4xx_HAL_Driver/Src/stm32f4xx_hal_cortex.o
 .text.__NVIC_SetPriority
                0x0000000008003648       0x54 ./Drivers/STM32F4xx_HAL_Driver/Src/stm32f4xx_hal_cortex.o
 .text.NVIC_EncodePriority
                0x000000000800369c       0x66 ./Drivers/STM32F4xx_HAL_Driver/Src/stm32f4xx_hal_cortex.o
 .text.HAL_NVIC_SetPriorityGrouping
                0x0000000008003702       0x16 ./Drivers/STM32F4xx_HAL_Driver/Src/stm32f4xx_hal_cortex.o
                0x0000000008003702                HAL_NVIC_SetPriorityGrouping
 .text.HAL_NVIC_SetPriority
                0x0000000008003718       0x38 ./Drivers/STM32F4xx_HAL_Driver/Src/stm32f4xx_hal_cortex.o
                0x0000000008003718                HAL_NVIC_SetPriority
 .text.HAL_NVIC_EnableIRQ
                0x0000000008003750       0x1c ./Drivers/STM32F4xx_HAL_Driver/Src/stm32f4xx_hal_cortex.o
                0x0000000008003750                HAL_NVIC_EnableIRQ
 .text.HAL_DMA_Init
                0x000000000800376c      0x15c ./Drivers/STM32F4xx_HAL_Driver/Src/stm32f4xx_hal_dma.o
                0x000000000800376c                HAL_DMA_Init
 .text.HAL_DMA_Start_IT
                0x00000000080038c8       0xb0 ./Drivers/STM32F4xx_HAL_Driver/Src/stm32f4xx_hal_dma.o
                0x00000000080038c8                HAL_DMA_Start_IT
 .text.HAL_DMA_IRQHandler
                0x0000000008003978      0x314 ./Drivers/STM32F4xx_HAL_Driver/Src/stm32f4xx_hal_dma.o
                0x0000000008003978                HAL_DMA_IRQHandler
 .text.DMA_SetConfig
                0x0000000008003c8c       0x5c ./Drivers/STM32F4xx_HAL_Driver/Src/stm32f4xx_hal_dma.o
 .text.DMA_CalcBaseAndBitshift
                0x0000000008003ce8       0x6c ./Drivers/STM32F4xx_HAL_Driver/Src/stm32f4xx_hal_dma.o
 .text.DMA_CheckFifoParam
                0x0000000008003d54       0xf8 ./Drivers/STM32F4xx_HAL_Driver/Src/stm32f4xx_hal_dma.o
 .text.HAL_GPIO_Init
                0x0000000008003e4c      0x328 ./Drivers/STM32F4xx_HAL_Driver/Src/stm32f4xx_hal_gpio.o
                0x0000000008003e4c                HAL_GPIO_Init
 .text.HAL_GPIO_WritePin
                0x0000000008004174       0x32 ./Drivers/STM32F4xx_HAL_Driver/Src/stm32f4xx_hal_gpio.o
                0x0000000008004174                HAL_GPIO_WritePin
 *fill*         0x00000000080041a6        0x2 
 .text.HAL_RCC_ClockConfig
                0x00000000080041a8      0x1cc ./Drivers/STM32F4xx_HAL_Driver/Src/stm32f4xx_hal_rcc.o
                0x00000000080041a8                HAL_RCC_ClockConfig
 .text.HAL_RCC_GetHCLKFreq
                0x0000000008004374       0x18 ./Drivers/STM32F4xx_HAL_Driver/Src/stm32f4xx_hal_rcc.o
                0x0000000008004374                HAL_RCC_GetHCLKFreq
 .text.HAL_RCC_GetPCLK1Freq
                0x000000000800438c       0x28 ./Drivers/STM32F4xx_HAL_Driver/Src/stm32f4xx_hal_rcc.o
                0x000000000800438c                HAL_RCC_GetPCLK1Freq
 .text.HAL_RCC_GetPCLK2Freq
                0x00000000080043b4       0x28 ./Drivers/STM32F4xx_HAL_Driver/Src/stm32f4xx_hal_rcc.o
                0x00000000080043b4                HAL_RCC_GetPCLK2Freq
 .text.HAL_RCC_GetClockConfig
                0x00000000080043dc       0x64 ./Drivers/STM32F4xx_HAL_Driver/Src/stm32f4xx_hal_rcc.o
                0x00000000080043dc                HAL_RCC_GetClockConfig
 .text.HAL_RCC_GetSysClockFreq
                0x0000000008004440      0x460 ./Drivers/STM32F4xx_HAL_Driver/Src/stm32f4xx_hal_rcc_ex.o
                0x0000000008004440                HAL_RCC_GetSysClockFreq
 .text.HAL_RCC_OscConfig
                0x00000000080048a0      0x53c ./Drivers/STM32F4xx_HAL_Driver/Src/stm32f4xx_hal_rcc_ex.o
                0x00000000080048a0                HAL_RCC_OscConfig
 .text.HAL_TIM_Base_Init
                0x0000000008004ddc       0x9e ./Drivers/STM32F4xx_HAL_Driver/Src/stm32f4xx_hal_tim.o
                0x0000000008004ddc                HAL_TIM_Base_Init
 *fill*         0x0000000008004e7a        0x2 
 .text.HAL_TIM_Base_Start_IT
                0x0000000008004e7c       0xe0 ./Drivers/STM32F4xx_HAL_Driver/Src/stm32f4xx_hal_tim.o
                0x0000000008004e7c                HAL_TIM_Base_Start_IT
 .text.HAL_TIM_PWM_Init
                0x0000000008004f5c       0x9e ./Drivers/STM32F4xx_HAL_Driver/Src/stm32f4xx_hal_tim.o
                0x0000000008004f5c                HAL_TIM_PWM_Init
 .text.HAL_TIM_PWM_MspInit
                0x0000000008004ffa       0x14 ./Drivers/STM32F4xx_HAL_Driver/Src/stm32f4xx_hal_tim.o
                0x0000000008004ffa                HAL_TIM_PWM_MspInit
 *fill*         0x000000000800500e        0x2 
 .text.HAL_TIM_PWM_Start_DMA
                0x0000000008005010      0x390 ./Drivers/STM32F4xx_HAL_Driver/Src/stm32f4xx_hal_tim.o
                0x0000000008005010                HAL_TIM_PWM_Start_DMA
 .text.HAL_TIM_IRQHandler
                0x00000000080053a0      0x210 ./Drivers/STM32F4xx_HAL_Driver/Src/stm32f4xx_hal_tim.o
                0x00000000080053a0                HAL_TIM_IRQHandler
 .text.HAL_TIM_PWM_ConfigChannel
                0x00000000080055b0      0x184 ./Drivers/STM32F4xx_HAL_Driver/Src/stm32f4xx_hal_tim.o
                0x00000000080055b0                HAL_TIM_PWM_ConfigChannel
 .text.HAL_TIM_ConfigClockSource
                0x0000000008005734      0x18e ./Drivers/STM32F4xx_HAL_Driver/Src/stm32f4xx_hal_tim.o
                0x0000000008005734                HAL_TIM_ConfigClockSource
 .text.HAL_TIM_OC_DelayElapsedCallback
                0x00000000080058c2       0x14 ./Drivers/STM32F4xx_HAL_Driver/Src/stm32f4xx_hal_tim.o
                0x00000000080058c2                HAL_TIM_OC_DelayElapsedCallback
 .text.HAL_TIM_IC_CaptureCallback
                0x00000000080058d6       0x14 ./Drivers/STM32F4xx_HAL_Driver/Src/stm32f4xx_hal_tim.o
                0x00000000080058d6                HAL_TIM_IC_CaptureCallback
 .text.HAL_TIM_PWM_PulseFinishedCallback
                0x00000000080058ea       0x14 ./Drivers/STM32F4xx_HAL_Driver/Src/stm32f4xx_hal_tim.o
                0x00000000080058ea                HAL_TIM_PWM_PulseFinishedCallback
 .text.HAL_TIM_PWM_PulseFinishedHalfCpltCallback
                0x00000000080058fe       0x14 ./Drivers/STM32F4xx_HAL_Driver/Src/stm32f4xx_hal_tim.o
                0x00000000080058fe                HAL_TIM_PWM_PulseFinishedHalfCpltCallback
 .text.HAL_TIM_TriggerCallback
                0x0000000008005912       0x14 ./Drivers/STM32F4xx_HAL_Driver/Src/stm32f4xx_hal_tim.o
                0x0000000008005912                HAL_TIM_TriggerCallback
 .text.HAL_TIM_ErrorCallback
                0x0000000008005926       0x14 ./Drivers/STM32F4xx_HAL_Driver/Src/stm32f4xx_hal_tim.o
                0x0000000008005926                HAL_TIM_ErrorCallback
 .text.TIM_DMAError
                0x000000000800593a       0x92 ./Drivers/STM32F4xx_HAL_Driver/Src/stm32f4xx_hal_tim.o
                0x000000000800593a                TIM_DMAError
 .text.TIM_DMADelayPulseCplt
                0x00000000080059cc       0xa8 ./Drivers/STM32F4xx_HAL_Driver/Src/stm32f4xx_hal_tim.o
 .text.TIM_DMADelayPulseHalfCplt
                0x0000000008005a74       0x68 ./Drivers/STM32F4xx_HAL_Driver/Src/stm32f4xx_hal_tim.o
                0x0000000008005a74                TIM_DMADelayPulseHalfCplt
 .text.TIM_Base_SetConfig
                0x0000000008005adc      0x140 ./Drivers/STM32F4xx_HAL_Driver/Src/stm32f4xx_hal_tim.o
                0x0000000008005adc                TIM_Base_SetConfig
 .text.TIM_OC1_SetConfig
                0x0000000008005c1c       0xe0 ./Drivers/STM32F4xx_HAL_Driver/Src/stm32f4xx_hal_tim.o
 .text.TIM_OC2_SetConfig
                0x0000000008005cfc       0xec ./Drivers/STM32F4xx_HAL_Driver/Src/stm32f4xx_hal_tim.o
                0x0000000008005cfc                TIM_OC2_SetConfig
 .text.TIM_OC3_SetConfig
                0x0000000008005de8       0xe8 ./Drivers/STM32F4xx_HAL_Driver/Src/stm32f4xx_hal_tim.o
 .text.TIM_OC4_SetConfig
                0x0000000008005ed0       0xac ./Drivers/STM32F4xx_HAL_Driver/Src/stm32f4xx_hal_tim.o
 .text.TIM_TI1_ConfigInputStage
                0x0000000008005f7c       0x5e ./Drivers/STM32F4xx_HAL_Driver/Src/stm32f4xx_hal_tim.o
 .text.TIM_TI2_ConfigInputStage
                0x0000000008005fda       0x60 ./Drivers/STM32F4xx_HAL_Driver/Src/stm32f4xx_hal_tim.o
 .text.TIM_ITRx_SetConfig
                0x000000000800603a       0x36 ./Drivers/STM32F4xx_HAL_Driver/Src/stm32f4xx_hal_tim.o
 .text.TIM_ETR_SetConfig
                0x0000000008006070       0x40 ./Drivers/STM32F4xx_HAL_Driver/Src/stm32f4xx_hal_tim.o
                0x0000000008006070                TIM_ETR_SetConfig
 .text.TIM_CCxChannelCmd
                0x00000000080060b0       0x4a ./Drivers/STM32F4xx_HAL_Driver/Src/stm32f4xx_hal_tim.o
                0x00000000080060b0                TIM_CCxChannelCmd
 *fill*         0x00000000080060fa        0x2 
 .text.HAL_TIMEx_MasterConfigSynchronization
                0x00000000080060fc       0xf8 ./Drivers/STM32F4xx_HAL_Driver/Src/stm32f4xx_hal_tim_ex.o
                0x00000000080060fc                HAL_TIMEx_MasterConfigSynchronization
 .text.HAL_TIMEx_CommutCallback
                0x00000000080061f4       0x14 ./Drivers/STM32F4xx_HAL_Driver/Src/stm32f4xx_hal_tim_ex.o
                0x00000000080061f4                HAL_TIMEx_CommutCallback
 .text.HAL_TIMEx_BreakCallback
                0x0000000008006208       0x14 ./Drivers/STM32F4xx_HAL_Driver/Src/stm32f4xx_hal_tim_ex.o
                0x0000000008006208                HAL_TIMEx_BreakCallback
 .text.HAL_UART_Init
                0x000000000800621c       0x9a ./Drivers/STM32F4xx_HAL_Driver/Src/stm32f4xx_hal_uart.o
                0x000000000800621c                HAL_UART_Init
 *fill*         0x00000000080062b6        0x2 
 .text.UART_SetConfig
                0x00000000080062b8      0x4e8 ./Drivers/STM32F4xx_HAL_Driver/Src/stm32f4xx_hal_uart.o
 .text.makeFreeRtosPriority
                0x00000000080067a0       0x30 ./Middlewares/Third_Party/FreeRTOS/Source/CMSIS_RTOS/cmsis_os.o
 .text.osKernelStart
                0x00000000080067d0        0xe ./Middlewares/Third_Party/FreeRTOS/Source/CMSIS_RTOS/cmsis_os.o
                0x00000000080067d0                osKernelStart
 .text.osThreadCreate
                0x00000000080067de       0x98 ./Middlewares/Third_Party/FreeRTOS/Source/CMSIS_RTOS/cmsis_os.o
                0x00000000080067de                osThreadCreate
 .text.osDelay  0x0000000008006876       0x28 ./Middlewares/Third_Party/FreeRTOS/Source/CMSIS_RTOS/cmsis_os.o
                0x0000000008006876                osDelay
 .text.vListInitialise
                0x000000000800689e       0x40 ./Middlewares/Third_Party/FreeRTOS/Source/list.o
                0x000000000800689e                vListInitialise
 .text.vListInitialiseItem
                0x00000000080068de       0x1a ./Middlewares/Third_Party/FreeRTOS/Source/list.o
                0x00000000080068de                vListInitialiseItem
 .text.vListInsertEnd
                0x00000000080068f8       0x48 ./Middlewares/Third_Party/FreeRTOS/Source/list.o
                0x00000000080068f8                vListInsertEnd
 .text.vListInsert
                0x0000000008006940       0x72 ./Middlewares/Third_Party/FreeRTOS/Source/list.o
                0x0000000008006940                vListInsert
 .text.uxListRemove
                0x00000000080069b2       0x54 ./Middlewares/Third_Party/FreeRTOS/Source/list.o
                0x00000000080069b2                uxListRemove
 .text.xTaskCreateStatic
                0x0000000008006a06       0xba ./Middlewares/Third_Party/FreeRTOS/Source/tasks.o
                0x0000000008006a06                xTaskCreateStatic
 .text.xTaskCreate
                0x0000000008006ac0       0x8a ./Middlewares/Third_Party/FreeRTOS/Source/tasks.o
                0x0000000008006ac0                xTaskCreate
 *fill*         0x0000000008006b4a        0x2 
 .text.prvInitialiseNewTask
                0x0000000008006b4c      0x13c ./Middlewares/Third_Party/FreeRTOS/Source/tasks.o
 .text.prvAddNewTaskToReadyList
                0x0000000008006c88       0xd4 ./Middlewares/Third_Party/FreeRTOS/Source/tasks.o
 .text.vTaskDelay
                0x0000000008006d5c       0x68 ./Middlewares/Third_Party/FreeRTOS/Source/tasks.o
                0x0000000008006d5c                vTaskDelay
 .text.vTaskStartScheduler
                0x0000000008006dc4       0xd4 ./Middlewares/Third_Party/FreeRTOS/Source/tasks.o
                0x0000000008006dc4                vTaskStartScheduler
 .text.vTaskSuspendAll
                0x0000000008006e98       0x1c ./Middlewares/Third_Party/FreeRTOS/Source/tasks.o
                0x0000000008006e98                vTaskSuspendAll
 .text.xTaskResumeAll
                0x0000000008006eb4      0x138 ./Middlewares/Third_Party/FreeRTOS/Source/tasks.o
                0x0000000008006eb4                xTaskResumeAll
 .text.xTaskIncrementTick
                0x0000000008006fec      0x170 ./Middlewares/Third_Party/FreeRTOS/Source/tasks.o
                0x0000000008006fec                xTaskIncrementTick
 .text.vTaskSwitchContext
                0x000000000800715c       0xc4 ./Middlewares/Third_Party/FreeRTOS/Source/tasks.o
                0x000000000800715c                vTaskSwitchContext
 .text.prvIdleTask
                0x0000000008007220       0x30 ./Middlewares/Third_Party/FreeRTOS/Source/tasks.o
 .text.prvInitialiseTaskLists
                0x0000000008007250       0x80 ./Middlewares/Third_Party/FreeRTOS/Source/tasks.o
 .text.prvCheckTasksWaitingTermination
                0x00000000080072d0       0x5c ./Middlewares/Third_Party/FreeRTOS/Source/tasks.o
 .text.prvDeleteTCB
                0x000000000800732c       0x68 ./Middlewares/Third_Party/FreeRTOS/Source/tasks.o
 .text.prvResetNextTaskUnblockTime
                0x0000000008007394       0x40 ./Middlewares/Third_Party/FreeRTOS/Source/tasks.o
 .text.prvAddCurrentTaskToDelayedList
                0x00000000080073d4       0xcc ./Middlewares/Third_Party/FreeRTOS/Source/tasks.o
 .text.pxPortInitialiseStack
                0x00000000080074a0       0x68 ./Middlewares/Third_Party/FreeRTOS/Source/portable/GCC/ARM_CM4F/port.o
                0x00000000080074a0                pxPortInitialiseStack
 .text.prvTaskExitError
                0x0000000008007508       0x58 ./Middlewares/Third_Party/FreeRTOS/Source/portable/GCC/ARM_CM4F/port.o
 .text.SVC_Handler
                0x0000000008007560       0x28 ./Middlewares/Third_Party/FreeRTOS/Source/portable/GCC/ARM_CM4F/port.o
                0x0000000008007560                SVC_Handler
 .text.prvPortStartFirstTask
                0x0000000008007588       0x28 ./Middlewares/Third_Party/FreeRTOS/Source/portable/GCC/ARM_CM4F/port.o
 .text.xPortStartScheduler
                0x00000000080075b0      0x144 ./Middlewares/Third_Party/FreeRTOS/Source/portable/GCC/ARM_CM4F/port.o
                0x00000000080075b0                xPortStartScheduler
 .text.vPortEnterCritical
                0x00000000080076f4       0x60 ./Middlewares/Third_Party/FreeRTOS/Source/portable/GCC/ARM_CM4F/port.o
                0x00000000080076f4                vPortEnterCritical
 .text.vPortExitCritical
                0x0000000008007754       0x54 ./Middlewares/Third_Party/FreeRTOS/Source/portable/GCC/ARM_CM4F/port.o
                0x0000000008007754                vPortExitCritical
 *fill*         0x00000000080077a8        0x8 
 .text.PendSV_Handler
                0x00000000080077b0       0x68 ./Middlewares/Third_Party/FreeRTOS/Source/portable/GCC/ARM_CM4F/port.o
                0x00000000080077b0                PendSV_Handler
 .text.SysTick_Handler
                0x0000000008007818       0x44 ./Middlewares/Third_Party/FreeRTOS/Source/portable/GCC/ARM_CM4F/port.o
                0x0000000008007818                SysTick_Handler
 .text.vPortSetupTimerInterrupt
                0x000000000800785c       0x48 ./Middlewares/Third_Party/FreeRTOS/Source/portable/GCC/ARM_CM4F/port.o
                0x000000000800785c                vPortSetupTimerInterrupt
 .text.vPortEnableVFP
                0x00000000080078a4       0x14 ./Middlewares/Third_Party/FreeRTOS/Source/portable/GCC/ARM_CM4F/port.o
 .text.pvPortMalloc
                0x00000000080078b8      0x198 ./Middlewares/Third_Party/FreeRTOS/Source/portable/MemMang/heap_4.o
                0x00000000080078b8                pvPortMalloc
 .text.vPortFree
                0x0000000008007a50       0xc4 ./Middlewares/Third_Party/FreeRTOS/Source/portable/MemMang/heap_4.o
                0x0000000008007a50                vPortFree
 .text.prvHeapInit
                0x0000000008007b14       0xc4 ./Middlewares/Third_Party/FreeRTOS/Source/portable/MemMang/heap_4.o
 .text.prvInsertBlockIntoFreeList
                0x0000000008007bd8       0xb4 ./Middlewares/Third_Party/FreeRTOS/Source/portable/MemMang/heap_4.o
 .text.__libc_init_array
                0x0000000008007c8c       0x48 c:/st/stm32cubeide_1.10.1/stm32cubeide/plugins/com.st.stm32cube.ide.mcu.externaltools.gnu-tools-for-stm32.10.3-2021.10.win32_1.0.0.202111181127/tools/bin/../lib/gcc/arm-none-eabi/10.3.1/../../../../arm-none-eabi/lib/thumb/v7e-m+fp/hard\libc_nano.a(lib_a-init.o)
                0x0000000008007c8c                __libc_init_array
 .text.__retarget_lock_acquire_recursive
                0x0000000008007cd4        0x2 c:/st/stm32cubeide_1.10.1/stm32cubeide/plugins/com.st.stm32cube.ide.mcu.externaltools.gnu-tools-for-stm32.10.3-2021.10.win32_1.0.0.202111181127/tools/bin/../lib/gcc/arm-none-eabi/10.3.1/../../../../arm-none-eabi/lib/thumb/v7e-m+fp/hard\libc_nano.a(lib_a-lock.o)
                0x0000000008007cd4                __retarget_lock_acquire_recursive
 .text.__retarget_lock_release_recursive
                0x0000000008007cd6        0x2 c:/st/stm32cubeide_1.10.1/stm32cubeide/plugins/com.st.stm32cube.ide.mcu.externaltools.gnu-tools-for-stm32.10.3-2021.10.win32_1.0.0.202111181127/tools/bin/../lib/gcc/arm-none-eabi/10.3.1/../../../../arm-none-eabi/lib/thumb/v7e-m+fp/hard\libc_nano.a(lib_a-lock.o)
                0x0000000008007cd6                __retarget_lock_release_recursive
 .text.memset   0x0000000008007cd8       0x10 c:/st/stm32cubeide_1.10.1/stm32cubeide/plugins/com.st.stm32cube.ide.mcu.externaltools.gnu-tools-for-stm32.10.3-2021.10.win32_1.0.0.202111181127/tools/bin/../lib/gcc/arm-none-eabi/10.3.1/../../../../arm-none-eabi/lib/thumb/v7e-m+fp/hard\libc_nano.a(lib_a-memset.o)
                0x0000000008007cd8                memset
 .text.cleanup_glue
                0x0000000008007ce8       0x1a c:/st/stm32cubeide_1.10.1/stm32cubeide/plugins/com.st.stm32cube.ide.mcu.externaltools.gnu-tools-for-stm32.10.3-2021.10.win32_1.0.0.202111181127/tools/bin/../lib/gcc/arm-none-eabi/10.3.1/../../../../arm-none-eabi/lib/thumb/v7e-m+fp/hard\libc_nano.a(lib_a-reent.o)
                0x0000000008007ce8                cleanup_glue
 *fill*         0x0000000008007d02        0x2 
 .text._reclaim_reent
                0x0000000008007d04       0xb8 c:/st/stm32cubeide_1.10.1/stm32cubeide/plugins/com.st.stm32cube.ide.mcu.externaltools.gnu-tools-for-stm32.10.3-2021.10.win32_1.0.0.202111181127/tools/bin/../lib/gcc/arm-none-eabi/10.3.1/../../../../arm-none-eabi/lib/thumb/v7e-m+fp/hard\libc_nano.a(lib_a-reent.o)
                0x0000000008007d04                _reclaim_reent
 .text.__malloc_lock
                0x0000000008007dbc        0xc c:/st/stm32cubeide_1.10.1/stm32cubeide/plugins/com.st.stm32cube.ide.mcu.externaltools.gnu-tools-for-stm32.10.3-2021.10.win32_1.0.0.202111181127/tools/bin/../lib/gcc/arm-none-eabi/10.3.1/../../../../arm-none-eabi/lib/thumb/v7e-m+fp/hard\libc_nano.a(lib_a-mlock.o)
                0x0000000008007dbc                __malloc_lock
 .text.__malloc_unlock
                0x0000000008007dc8        0xc c:/st/stm32cubeide_1.10.1/stm32cubeide/plugins/com.st.stm32cube.ide.mcu.externaltools.gnu-tools-for-stm32.10.3-2021.10.win32_1.0.0.202111181127/tools/bin/../lib/gcc/arm-none-eabi/10.3.1/../../../../arm-none-eabi/lib/thumb/v7e-m+fp/hard\libc_nano.a(lib_a-mlock.o)
                0x0000000008007dc8                __malloc_unlock
 .text._free_r  0x0000000008007dd4       0x98 c:/st/stm32cubeide_1.10.1/stm32cubeide/plugins/com.st.stm32cube.ide.mcu.externaltools.gnu-tools-for-stm32.10.3-2021.10.win32_1.0.0.202111181127/tools/bin/../lib/gcc/arm-none-eabi/10.3.1/../../../../arm-none-eabi/lib/thumb/v7e-m+fp/hard\libc_nano.a(lib_a-nano-freer.o)
                0x0000000008007dd4                _free_r
 *(.glue_7)
 .glue_7        0x0000000008007e6c        0x0 linker stubs
 *(.glue_7t)
 .glue_7t       0x0000000008007e6c        0x0 linker stubs
 *(.eh_frame)
 .eh_frame      0x0000000008007e6c        0x0 c:/st/stm32cubeide_1.10.1/stm32cubeide/plugins/com.st.stm32cube.ide.mcu.externaltools.gnu-tools-for-stm32.10.3-2021.10.win32_1.0.0.202111181127/tools/bin/../lib/gcc/arm-none-eabi/10.3.1/thumb/v7e-m+fp/hard/crtbegin.o
 *(.init)
 .init          0x0000000008007e6c        0x4 c:/st/stm32cubeide_1.10.1/stm32cubeide/plugins/com.st.stm32cube.ide.mcu.externaltools.gnu-tools-for-stm32.10.3-2021.10.win32_1.0.0.202111181127/tools/bin/../lib/gcc/arm-none-eabi/10.3.1/thumb/v7e-m+fp/hard/crti.o
                0x0000000008007e6c                _init
 .init          0x0000000008007e70        0x8 c:/st/stm32cubeide_1.10.1/stm32cubeide/plugins/com.st.stm32cube.ide.mcu.externaltools.gnu-tools-for-stm32.10.3-2021.10.win32_1.0.0.202111181127/tools/bin/../lib/gcc/arm-none-eabi/10.3.1/thumb/v7e-m+fp/hard/crtn.o
 *(.fini)
 .fini          0x0000000008007e78        0x4 c:/st/stm32cubeide_1.10.1/stm32cubeide/plugins/com.st.stm32cube.ide.mcu.externaltools.gnu-tools-for-stm32.10.3-2021.10.win32_1.0.0.202111181127/tools/bin/../lib/gcc/arm-none-eabi/10.3.1/thumb/v7e-m+fp/hard/crti.o
                0x0000000008007e78                _fini
 .fini          0x0000000008007e7c        0x8 c:/st/stm32cubeide_1.10.1/stm32cubeide/plugins/com.st.stm32cube.ide.mcu.externaltools.gnu-tools-for-stm32.10.3-2021.10.win32_1.0.0.202111181127/tools/bin/../lib/gcc/arm-none-eabi/10.3.1/thumb/v7e-m+fp/hard/crtn.o
                0x0000000008007e84                . = ALIGN (0x4)
                0x0000000008007e84                _etext = .

.vfp11_veneer   0x0000000008007e84        0x0
 .vfp11_veneer  0x0000000008007e84        0x0 linker stubs

.v4_bx          0x0000000008007e84        0x0
 .v4_bx         0x0000000008007e84        0x0 linker stubs

.iplt           0x0000000008007e84        0x0
 .iplt          0x0000000008007e84        0x0 c:/st/stm32cubeide_1.10.1/stm32cubeide/plugins/com.st.stm32cube.ide.mcu.externaltools.gnu-tools-for-stm32.10.3-2021.10.win32_1.0.0.202111181127/tools/bin/../lib/gcc/arm-none-eabi/10.3.1/thumb/v7e-m+fp/hard/crtbegin.o

.rodata         0x0000000008007e84       0xe0
                0x0000000008007e84                . = ALIGN (0x4)
 *(.rodata)
 .rodata        0x0000000008007e84       0x58 ./Core/Src/main.o
 .rodata        0x0000000008007edc        0x5 ./Middlewares/Third_Party/FreeRTOS/Source/tasks.o
 *(.rodata*)
 *fill*         0x0000000008007ee1        0x3 
 .rodata.AHBPrescTable
                0x0000000008007ee4       0x10 ./Core/Src/system_stm32f4xx.o
                0x0000000008007ee4                AHBPrescTable
 .rodata.APBPrescTable
                0x0000000008007ef4        0x8 ./Core/Src/system_stm32f4xx.o
                0x0000000008007ef4                APBPrescTable
 .rodata.flagBitshiftOffset.0
                0x0000000008007efc        0x8 ./Drivers/STM32F4xx_HAL_Driver/Src/stm32f4xx_hal_dma.o
 .rodata.__sf_fake_stderr
                0x0000000008007f04       0x20 c:/st/stm32cubeide_1.10.1/stm32cubeide/plugins/com.st.stm32cube.ide.mcu.externaltools.gnu-tools-for-stm32.10.3-2021.10.win32_1.0.0.202111181127/tools/bin/../lib/gcc/arm-none-eabi/10.3.1/../../../../arm-none-eabi/lib/thumb/v7e-m+fp/hard\libc_nano.a(lib_a-findfp.o)
                0x0000000008007f04                __sf_fake_stderr
 .rodata.__sf_fake_stdin
                0x0000000008007f24       0x20 c:/st/stm32cubeide_1.10.1/stm32cubeide/plugins/com.st.stm32cube.ide.mcu.externaltools.gnu-tools-for-stm32.10.3-2021.10.win32_1.0.0.202111181127/tools/bin/../lib/gcc/arm-none-eabi/10.3.1/../../../../arm-none-eabi/lib/thumb/v7e-m+fp/hard\libc_nano.a(lib_a-findfp.o)
                0x0000000008007f24                __sf_fake_stdin
 .rodata.__sf_fake_stdout
                0x0000000008007f44       0x20 c:/st/stm32cubeide_1.10.1/stm32cubeide/plugins/com.st.stm32cube.ide.mcu.externaltools.gnu-tools-for-stm32.10.3-2021.10.win32_1.0.0.202111181127/tools/bin/../lib/gcc/arm-none-eabi/10.3.1/../../../../arm-none-eabi/lib/thumb/v7e-m+fp/hard\libc_nano.a(lib_a-findfp.o)
                0x0000000008007f44                __sf_fake_stdout
                0x0000000008007f64                . = ALIGN (0x4)

.ARM.extab      0x0000000008007f64        0x0
                0x0000000008007f64                . = ALIGN (0x4)
 *(.ARM.extab* .gnu.linkonce.armextab.*)
                0x0000000008007f64                . = ALIGN (0x4)

.ARM            0x0000000008007f64        0x8
                0x0000000008007f64                . = ALIGN (0x4)
                0x0000000008007f64                __exidx_start = .
 *(.ARM.exidx*)
 .ARM.exidx     0x0000000008007f64        0x8 c:/st/stm32cubeide_1.10.1/stm32cubeide/plugins/com.st.stm32cube.ide.mcu.externaltools.gnu-tools-for-stm32.10.3-2021.10.win32_1.0.0.202111181127/tools/bin/../lib/gcc/arm-none-eabi/10.3.1/thumb/v7e-m+fp/hard\libgcc.a(_udivmoddi4.o)
                0x0000000008007f6c                __exidx_end = .
                0x0000000008007f6c                . = ALIGN (0x4)

.rel.dyn        0x0000000008007f6c        0x0
 .rel.iplt      0x0000000008007f6c        0x0 c:/st/stm32cubeide_1.10.1/stm32cubeide/plugins/com.st.stm32cube.ide.mcu.externaltools.gnu-tools-for-stm32.10.3-2021.10.win32_1.0.0.202111181127/tools/bin/../lib/gcc/arm-none-eabi/10.3.1/thumb/v7e-m+fp/hard/crtbegin.o

.preinit_array  0x0000000008007f6c        0x0
                0x0000000008007f6c                . = ALIGN (0x4)
                0x0000000008007f6c                PROVIDE (__preinit_array_start = .)
 *(.preinit_array*)
                0x0000000008007f6c                PROVIDE (__preinit_array_end = .)
                0x0000000008007f6c                . = ALIGN (0x4)

.init_array     0x0000000008007f6c        0x4
                0x0000000008007f6c                . = ALIGN (0x4)
                0x0000000008007f6c                PROVIDE (__init_array_start = .)
 *(SORT_BY_NAME(.init_array.*))
 *(.init_array*)
 .init_array    0x0000000008007f6c        0x4 c:/st/stm32cubeide_1.10.1/stm32cubeide/plugins/com.st.stm32cube.ide.mcu.externaltools.gnu-tools-for-stm32.10.3-2021.10.win32_1.0.0.202111181127/tools/bin/../lib/gcc/arm-none-eabi/10.3.1/thumb/v7e-m+fp/hard/crtbegin.o
                0x0000000008007f70                PROVIDE (__init_array_end = .)
                0x0000000008007f70                . = ALIGN (0x4)

.fini_array     0x0000000008007f70        0x4
                0x0000000008007f70                . = ALIGN (0x4)
                [!provide]                        PROVIDE (__fini_array_start = .)
 *(SORT_BY_NAME(.fini_array.*))
 *(.fini_array*)
 .fini_array    0x0000000008007f70        0x4 c:/st/stm32cubeide_1.10.1/stm32cubeide/plugins/com.st.stm32cube.ide.mcu.externaltools.gnu-tools-for-stm32.10.3-2021.10.win32_1.0.0.202111181127/tools/bin/../lib/gcc/arm-none-eabi/10.3.1/thumb/v7e-m+fp/hard/crtbegin.o
                [!provide]                        PROVIDE (__fini_array_end = .)
                0x0000000008007f74                . = ALIGN (0x4)
                0x0000000008007f74                _sidata = LOADADDR (.data)

.data           0x0000000020000000      0x42c load address 0x0000000008007f74
                0x0000000020000000                . = ALIGN (0x4)
                0x0000000020000000                _sdata = .
 *(.data)
 *(.data*)
 .data.i        0x0000000020000000        0x2 ./Core/Src/GopherCAN_interface.o
                0x0000000020000000                i
 .data.lowMode  0x0000000020000002        0x1 ./Core/Src/GopherCAN_interface.o
                0x0000000020000002                lowMode
 *fill*         0x0000000020000003        0x1 
 .data.SystemCoreClock
                0x0000000020000004        0x4 ./Core/Src/system_stm32f4xx.o
                0x0000000020000004                SystemCoreClock
 .data.all_parameter_structs
                0x0000000020000008      0x2f4 ./Core/gophercan-lib/GopherCAN_ids.o
                0x0000000020000008                all_parameter_structs
 .data.parameter_data_types
                0x00000000200002fc       0xbd ./Core/gophercan-lib/GopherCAN_ids.o
                0x00000000200002fc                parameter_data_types
 *fill*         0x00000000200003b9        0x3 
 .data.uwTickPrio
                0x00000000200003bc        0x4 ./Drivers/STM32F4xx_HAL_Driver/Src/stm32f4xx_hal.o
                0x00000000200003bc                uwTickPrio
 .data.uwTickFreq
                0x00000000200003c0        0x1 ./Drivers/STM32F4xx_HAL_Driver/Src/stm32f4xx_hal.o
                0x00000000200003c0                uwTickFreq
 *fill*         0x00000000200003c1        0x3 
 .data.uxCriticalNesting
                0x00000000200003c4        0x4 ./Middlewares/Third_Party/FreeRTOS/Source/portable/GCC/ARM_CM4F/port.o
 .data._impure_ptr
                0x00000000200003c8        0x4 c:/st/stm32cubeide_1.10.1/stm32cubeide/plugins/com.st.stm32cube.ide.mcu.externaltools.gnu-tools-for-stm32.10.3-2021.10.win32_1.0.0.202111181127/tools/bin/../lib/gcc/arm-none-eabi/10.3.1/../../../../arm-none-eabi/lib/thumb/v7e-m+fp/hard\libc_nano.a(lib_a-impure.o)
                0x00000000200003c8                _impure_ptr
 .data.impure_data
                0x00000000200003cc       0x60 c:/st/stm32cubeide_1.10.1/stm32cubeide/plugins/com.st.stm32cube.ide.mcu.externaltools.gnu-tools-for-stm32.10.3-2021.10.win32_1.0.0.202111181127/tools/bin/../lib/gcc/arm-none-eabi/10.3.1/../../../../arm-none-eabi/lib/thumb/v7e-m+fp/hard\libc_nano.a(lib_a-impure.o)
 *(.RamFunc)
 *(.RamFunc*)
                0x000000002000042c                . = ALIGN (0x4)
                0x000000002000042c                _edata = .

.igot.plt       0x000000002000042c        0x0 load address 0x00000000080083a0
 .igot.plt      0x000000002000042c        0x0 c:/st/stm32cubeide_1.10.1/stm32cubeide/plugins/com.st.stm32cube.ide.mcu.externaltools.gnu-tools-for-stm32.10.3-2021.10.win32_1.0.0.202111181127/tools/bin/../lib/gcc/arm-none-eabi/10.3.1/thumb/v7e-m+fp/hard/crtbegin.o
                0x000000002000042c                . = ALIGN (0x4)

.bss            0x000000002000042c     0x765c load address 0x00000000080083a0
                0x000000002000042c                _sbss = .
                0x000000002000042c                __bss_start__ = _sbss
 *(.bss)
 .bss           0x000000002000042c       0x1c c:/st/stm32cubeide_1.10.1/stm32cubeide/plugins/com.st.stm32cube.ide.mcu.externaltools.gnu-tools-for-stm32.10.3-2021.10.win32_1.0.0.202111181127/tools/bin/../lib/gcc/arm-none-eabi/10.3.1/thumb/v7e-m+fp/hard/crtbegin.o
 *(.bss*)
 .bss.example_hcan
                0x0000000020000448        0x4 ./Core/Src/GopherCAN_interface.o
                0x0000000020000448                example_hcan
 .bss.lastUpdate
                0x000000002000044c        0x4 ./Core/Src/GopherCAN_interface.o
                0x000000002000044c                lastUpdate
 .bss.rainbowArr
                0x0000000020000450      0x6e4 ./Core/Src/GopherCAN_interface.o
                0x0000000020000450                rainbowArr
 .bss.xIdleTaskTCBBuffer
                0x0000000020000b34       0xb4 ./Core/Src/freertos.o
 .bss.xIdleStack
                0x0000000020000be8      0x400 ./Core/Src/freertos.o
 .bss.pwmData   0x0000000020000fe8     0x1bc2 ./Core/Src/ledStrip.o
                0x0000000020000fe8                pwmData
 *fill*         0x0000000020002baa        0x2 
 .bss.ledData   0x0000000020002bac      0x24c ./Core/Src/ledStrip.o
                0x0000000020002bac                ledData
 .bss.hcan1     0x0000000020002df8       0x28 ./Core/Src/main.o
                0x0000000020002df8                hcan1
 .bss.htim2     0x0000000020002e20       0x48 ./Core/Src/main.o
                0x0000000020002e20                htim2
 .bss.htim3     0x0000000020002e68       0x48 ./Core/Src/main.o
                0x0000000020002e68                htim3
 .bss.hdma_tim2_up_ch4
                0x0000000020002eb0       0x60 ./Core/Src/main.o
                0x0000000020002eb0                hdma_tim2_up_ch4
 .bss.hdma_tim3_ch4_up
                0x0000000020002f10       0x60 ./Core/Src/main.o
                0x0000000020002f10                hdma_tim3_ch4_up
 .bss.huart2    0x0000000020002f70       0x44 ./Core/Src/main.o
                0x0000000020002f70                huart2
 .bss.taskMain_LoopHandle
                0x0000000020002fb4        0x4 ./Core/Src/main.o
                0x0000000020002fb4                taskMain_LoopHandle
 .bss.taskGCAN_HardwaHandle
                0x0000000020002fb8        0x4 ./Core/Src/main.o
                0x0000000020002fb8                taskGCAN_HardwaHandle
 .bss.htim6     0x0000000020002fbc       0x48 ./Core/Src/stm32f4xx_hal_timebase_tim.o
                0x0000000020002fbc                htim6
 .bss.cust_funcs
                0x0000000020003004       0x60 ./Core/gophercan-lib/GopherCAN.o
                0x0000000020003004                cust_funcs
 .bss.this_module_id
                0x0000000020003064        0x1 ./Core/gophercan-lib/GopherCAN.o
                0x0000000020003064                this_module_id
 *fill*         0x0000000020003065        0x3 
 .bss.last_error
                0x0000000020003068        0xc ./Core/gophercan-lib/GopherCAN.o
                0x0000000020003068                last_error
 .bss.hcan_error
                0x0000000020003074        0x4 ./Core/gophercan-lib/GopherCAN.o
                0x0000000020003074                hcan_error
 .bss.rx_buffer
                0x0000000020003078        0x8 ./Core/gophercan-lib/GopherCAN.o
                0x0000000020003078                rx_buffer
 .bss.rx_buffer_mem
                0x0000000020003080      0x200 ./Core/gophercan-lib/GopherCAN.o
                0x0000000020003080                rx_buffer_mem
 .bss.tx_buffer
                0x0000000020003280        0x8 ./Core/gophercan-lib/GopherCAN.o
                0x0000000020003280                tx_buffer
 .bss.tx_buffer_mem
                0x0000000020003288      0x200 ./Core/gophercan-lib/GopherCAN.o
                0x0000000020003288                tx_buffer_mem
 .bss.can_command
                0x0000000020003488        0x8 ./Core/gophercan-lib/GopherCAN_ids.o
                0x0000000020003488                can_command
 .bss.rpm_ecu   0x0000000020003490        0xc ./Core/gophercan-lib/GopherCAN_ids.o
                0x0000000020003490                rpm_ecu
 .bss.wheel_slip_ecu
                0x000000002000349c        0xc ./Core/gophercan-lib/GopherCAN_ids.o
                0x000000002000349c                wheel_slip_ecu
 .bss.wheel_slip_target_ecu
                0x00000000200034a8        0xc ./Core/gophercan-lib/GopherCAN_ids.o
                0x00000000200034a8                wheel_slip_target_ecu
 .bss.aim_rpm_ecu
                0x00000000200034b4        0xc ./Core/gophercan-lib/GopherCAN_ids.o
                0x00000000200034b4                aim_rpm_ecu
 .bss.wsfl_ecu  0x00000000200034c0        0xc ./Core/gophercan-lib/GopherCAN_ids.o
                0x00000000200034c0                wsfl_ecu
 .bss.wsfr_ecu  0x00000000200034cc        0xc ./Core/gophercan-lib/GopherCAN_ids.o
                0x00000000200034cc                wsfr_ecu
 .bss.wsrl_ecu  0x00000000200034d8        0xc ./Core/gophercan-lib/GopherCAN_ids.o
                0x00000000200034d8                wsrl_ecu
 .bss.wsrr_ecu  0x00000000200034e4        0xc ./Core/gophercan-lib/GopherCAN_ids.o
                0x00000000200034e4                wsrr_ecu
 .bss.ign_cut_level_ecu
                0x00000000200034f0        0xc ./Core/gophercan-lib/GopherCAN_ids.o
                0x00000000200034f0                ign_cut_level_ecu
 .bss.bat_volts_ecu
                0x00000000200034fc        0xc ./Core/gophercan-lib/GopherCAN_ids.o
                0x00000000200034fc                bat_volts_ecu
 .bss.engine_temp_ecu
                0x0000000020003508        0xc ./Core/gophercan-lib/GopherCAN_ids.o
                0x0000000020003508                engine_temp_ecu
 .bss.inlet_air_temp_ecu
                0x0000000020003514        0xc ./Core/gophercan-lib/GopherCAN_ids.o
                0x0000000020003514                inlet_air_temp_ecu
 .bss.lambda_1_ecu
                0x0000000020003520        0xc ./Core/gophercan-lib/GopherCAN_ids.o
                0x0000000020003520                lambda_1_ecu
 .bss.throttle_pos_1_ecu
                0x000000002000352c        0xc ./Core/gophercan-lib/GopherCAN_ids.o
                0x000000002000352c                throttle_pos_1_ecu
 .bss.throttle_pos_2_ecu
                0x0000000020003538        0xc ./Core/gophercan-lib/GopherCAN_ids.o
                0x0000000020003538                throttle_pos_2_ecu
 .bss.pedal_pos_1_ecu
                0x0000000020003544        0xc ./Core/gophercan-lib/GopherCAN_ids.o
                0x0000000020003544                pedal_pos_1_ecu
 .bss.pedal_pos_2_ecu
                0x0000000020003550        0xc ./Core/gophercan-lib/GopherCAN_ids.o
                0x0000000020003550                pedal_pos_2_ecu
 .bss.man_pressure_ecu
                0x000000002000355c        0xc ./Core/gophercan-lib/GopherCAN_ids.o
                0x000000002000355c                man_pressure_ecu
 .bss.fuel_cut_lvl_ecu
                0x0000000020003568        0xc ./Core/gophercan-lib/GopherCAN_ids.o
                0x0000000020003568                fuel_cut_lvl_ecu
 .bss.ign_advance_ecu
                0x0000000020003574        0xc ./Core/gophercan-lib/GopherCAN_ids.o
                0x0000000020003574                ign_advance_ecu
 .bss.oil_pressure_ecu
                0x0000000020003580        0xc ./Core/gophercan-lib/GopherCAN_ids.o
                0x0000000020003580                oil_pressure_ecu
 .bss.oil_temp_ecu
                0x000000002000358c        0xc ./Core/gophercan-lib/GopherCAN_ids.o
                0x000000002000358c                oil_temp_ecu
 .bss.fuel_pressure_ecu
                0x0000000020003598        0xc ./Core/gophercan-lib/GopherCAN_ids.o
                0x0000000020003598                fuel_pressure_ecu
 .bss.throttle_pos_required_ecu
                0x00000000200035a4        0xc ./Core/gophercan-lib/GopherCAN_ids.o
                0x00000000200035a4                throttle_pos_required_ecu
 .bss.brake_pressure_front_ecu
                0x00000000200035b0        0xc ./Core/gophercan-lib/GopherCAN_ids.o
                0x00000000200035b0                brake_pressure_front_ecu
 .bss.etc_duty_ecu
                0x00000000200035bc        0xc ./Core/gophercan-lib/GopherCAN_ids.o
                0x00000000200035bc                etc_duty_ecu
 .bss.fan_duty_ecu
                0x00000000200035c8        0xc ./Core/gophercan-lib/GopherCAN_ids.o
                0x00000000200035c8                fan_duty_ecu
 .bss.fanoil_duty_ecu
                0x00000000200035d4        0xc ./Core/gophercan-lib/GopherCAN_ids.o
                0x00000000200035d4                fanoil_duty_ecu
 .bss.wpump_duty_ecu
                0x00000000200035e0        0xc ./Core/gophercan-lib/GopherCAN_ids.o
                0x00000000200035e0                wpump_duty_ecu
 .bss.brake_light_duty_ecu
                0x00000000200035ec        0xc ./Core/gophercan-lib/GopherCAN_ids.o
                0x00000000200035ec                brake_light_duty_ecu
 .bss.warning_light_duty_ecu
                0x00000000200035f8        0xc ./Core/gophercan-lib/GopherCAN_ids.o
                0x00000000200035f8                warning_light_duty_ecu
 .bss.aux_5v_ecu
                0x0000000020003604        0xc ./Core/gophercan-lib/GopherCAN_ids.o
                0x0000000020003604                aux_5v_ecu
 .bss.eng_5v_ecu
                0x0000000020003610        0xc ./Core/gophercan-lib/GopherCAN_ids.o
                0x0000000020003610                eng_5v_ecu
 .bss.gps_lat_ecu
                0x000000002000361c        0xc ./Core/gophercan-lib/GopherCAN_ids.o
                0x000000002000361c                gps_lat_ecu
 .bss.gps_long_ecu
                0x0000000020003628        0xc ./Core/gophercan-lib/GopherCAN_ids.o
                0x0000000020003628                gps_long_ecu
 .bss.brake_pressure_rear
                0x0000000020003634        0xc ./Core/gophercan-lib/GopherCAN_ids.o
                0x0000000020003634                brake_pressure_rear
 .bss.steering_angle
                0x0000000020003640        0xc ./Core/gophercan-lib/GopherCAN_ids.o
                0x0000000020003640                steering_angle
 .bss.throttle_position
                0x000000002000364c        0xc ./Core/gophercan-lib/GopherCAN_ids.o
                0x000000002000364c                throttle_position
 .bss.acceleration
                0x0000000020003658        0xc ./Core/gophercan-lib/GopherCAN_ids.o
                0x0000000020003658                acceleration
 .bss.ride_height_rear
                0x0000000020003664        0xc ./Core/gophercan-lib/GopherCAN_ids.o
                0x0000000020003664                ride_height_rear
 .bss.ride_height_front
                0x0000000020003670        0xc ./Core/gophercan-lib/GopherCAN_ids.o
                0x0000000020003670                ride_height_front
 .bss.rear_right_shock_pot
                0x000000002000367c        0xc ./Core/gophercan-lib/GopherCAN_ids.o
                0x000000002000367c                rear_right_shock_pot
 .bss.rear_left_shock_pot
                0x0000000020003688        0xc ./Core/gophercan-lib/GopherCAN_ids.o
                0x0000000020003688                rear_left_shock_pot
 .bss.front_left_shock_pot
                0x0000000020003694        0xc ./Core/gophercan-lib/GopherCAN_ids.o
                0x0000000020003694                front_left_shock_pot
 .bss.front_right_shock_pot
                0x00000000200036a0        0xc ./Core/gophercan-lib/GopherCAN_ids.o
                0x00000000200036a0                front_right_shock_pot
 .bss.right_rad_pressure_in
                0x00000000200036ac        0xc ./Core/gophercan-lib/GopherCAN_ids.o
                0x00000000200036ac                right_rad_pressure_in
 .bss.right_rad_pressure_out
                0x00000000200036b8        0xc ./Core/gophercan-lib/GopherCAN_ids.o
                0x00000000200036b8                right_rad_pressure_out
 .bss.right_rad_pressure_drop
                0x00000000200036c4        0xc ./Core/gophercan-lib/GopherCAN_ids.o
                0x00000000200036c4                right_rad_pressure_drop
 .bss.right_rad_temp_in
                0x00000000200036d0        0xc ./Core/gophercan-lib/GopherCAN_ids.o
                0x00000000200036d0                right_rad_temp_in
 .bss.right_rad_temp_out
                0x00000000200036dc        0xc ./Core/gophercan-lib/GopherCAN_ids.o
                0x00000000200036dc                right_rad_temp_out
 .bss.left_rad_pressure_in
                0x00000000200036e8        0xc ./Core/gophercan-lib/GopherCAN_ids.o
                0x00000000200036e8                left_rad_pressure_in
 .bss.left_rad_pressure_out
                0x00000000200036f4        0xc ./Core/gophercan-lib/GopherCAN_ids.o
                0x00000000200036f4                left_rad_pressure_out
 .bss.left_rad_pressure_drop
                0x0000000020003700        0xc ./Core/gophercan-lib/GopherCAN_ids.o
                0x0000000020003700                left_rad_pressure_drop
 .bss.left_rad_temp_in
                0x000000002000370c        0xc ./Core/gophercan-lib/GopherCAN_ids.o
                0x000000002000370c                left_rad_temp_in
 .bss.left_rad_temp_out
                0x0000000020003718        0xc ./Core/gophercan-lib/GopherCAN_ids.o
                0x0000000020003718                left_rad_temp_out
 .bss.air_tank_pressure
                0x0000000020003724        0xc ./Core/gophercan-lib/GopherCAN_ids.o
                0x0000000020003724                air_tank_pressure
 .bss.pnumatic_line_pressure
                0x0000000020003730        0xc ./Core/gophercan-lib/GopherCAN_ids.o
                0x0000000020003730                pnumatic_line_pressure
 .bss.water_pump_pressure_in
                0x000000002000373c        0xc ./Core/gophercan-lib/GopherCAN_ids.o
                0x000000002000373c                water_pump_pressure_in
 .bss.water_pump_pressure_out
                0x0000000020003748        0xc ./Core/gophercan-lib/GopherCAN_ids.o
                0x0000000020003748                water_pump_pressure_out
 .bss.main_circuit_flow_rate
                0x0000000020003754        0xc ./Core/gophercan-lib/GopherCAN_ids.o
                0x0000000020003754                main_circuit_flow_rate
 .bss.exhaust_temp_1
                0x0000000020003760        0xc ./Core/gophercan-lib/GopherCAN_ids.o
                0x0000000020003760                exhaust_temp_1
 .bss.exhaust_temp_2
                0x000000002000376c        0xc ./Core/gophercan-lib/GopherCAN_ids.o
                0x000000002000376c                exhaust_temp_2
 .bss.exhaust_temp_3
                0x0000000020003778        0xc ./Core/gophercan-lib/GopherCAN_ids.o
                0x0000000020003778                exhaust_temp_3
 .bss.exhaust_temp_4
                0x0000000020003784        0xc ./Core/gophercan-lib/GopherCAN_ids.o
                0x0000000020003784                exhaust_temp_4
 .bss.exhaust_temp_5
                0x0000000020003790        0xc ./Core/gophercan-lib/GopherCAN_ids.o
                0x0000000020003790                exhaust_temp_5
 .bss.lambda_header_1
                0x000000002000379c        0xc ./Core/gophercan-lib/GopherCAN_ids.o
                0x000000002000379c                lambda_header_1
 .bss.lambda_header_2
                0x00000000200037a8        0xc ./Core/gophercan-lib/GopherCAN_ids.o
                0x00000000200037a8                lambda_header_2
 .bss.oil_cooler_temp_in
                0x00000000200037b4        0xc ./Core/gophercan-lib/GopherCAN_ids.o
                0x00000000200037b4                oil_cooler_temp_in
 .bss.oil_cooler_temp_out
                0x00000000200037c0        0xc ./Core/gophercan-lib/GopherCAN_ids.o
                0x00000000200037c0                oil_cooler_temp_out
 .bss.oil_cooler_pressure_in
                0x00000000200037cc        0xc ./Core/gophercan-lib/GopherCAN_ids.o
                0x00000000200037cc                oil_cooler_pressure_in
 .bss.oil_cooler_pressure_out
                0x00000000200037d8        0xc ./Core/gophercan-lib/GopherCAN_ids.o
                0x00000000200037d8                oil_cooler_pressure_out
 .bss.firewall_temp
                0x00000000200037e4        0xc ./Core/gophercan-lib/GopherCAN_ids.o
                0x00000000200037e4                firewall_temp
 .bss.yaw_rate  0x00000000200037f0        0xc ./Core/gophercan-lib/GopherCAN_ids.o
                0x00000000200037f0                yaw_rate
 .bss.y_axis_accel
                0x00000000200037fc        0xc ./Core/gophercan-lib/GopherCAN_ids.o
                0x00000000200037fc                y_axis_accel
 .bss.roll_rate
                0x0000000020003808        0xc ./Core/gophercan-lib/GopherCAN_ids.o
                0x0000000020003808                roll_rate
 .bss.x_axis_accel
                0x0000000020003814        0xc ./Core/gophercan-lib/GopherCAN_ids.o
                0x0000000020003814                x_axis_accel
 .bss.z_axis_accel
                0x0000000020003820        0xc ./Core/gophercan-lib/GopherCAN_ids.o
                0x0000000020003820                z_axis_accel
 .bss.brake_temp_fl
                0x000000002000382c        0xc ./Core/gophercan-lib/GopherCAN_ids.o
                0x000000002000382c                brake_temp_fl
 .bss.brake_temp_fr
                0x0000000020003838        0xc ./Core/gophercan-lib/GopherCAN_ids.o
                0x0000000020003838                brake_temp_fr
 .bss.brake_temp_rl
                0x0000000020003844        0xc ./Core/gophercan-lib/GopherCAN_ids.o
                0x0000000020003844                brake_temp_rl
 .bss.brake_temp_rr
                0x0000000020003850        0xc ./Core/gophercan-lib/GopherCAN_ids.o
                0x0000000020003850                brake_temp_rr
 .bss.tire_temp_rr_1
                0x000000002000385c        0xc ./Core/gophercan-lib/GopherCAN_ids.o
                0x000000002000385c                tire_temp_rr_1
 .bss.tire_temp_rr_2
                0x0000000020003868        0xc ./Core/gophercan-lib/GopherCAN_ids.o
                0x0000000020003868                tire_temp_rr_2
 .bss.tire_temp_rr_3
                0x0000000020003874        0xc ./Core/gophercan-lib/GopherCAN_ids.o
                0x0000000020003874                tire_temp_rr_3
 .bss.tire_temp_rr_4
                0x0000000020003880        0xc ./Core/gophercan-lib/GopherCAN_ids.o
                0x0000000020003880                tire_temp_rr_4
 .bss.tire_temp_rr_5
                0x000000002000388c        0xc ./Core/gophercan-lib/GopherCAN_ids.o
                0x000000002000388c                tire_temp_rr_5
 .bss.tire_temp_rr_6
                0x0000000020003898        0xc ./Core/gophercan-lib/GopherCAN_ids.o
                0x0000000020003898                tire_temp_rr_6
 .bss.tire_temp_rr_7
                0x00000000200038a4        0xc ./Core/gophercan-lib/GopherCAN_ids.o
                0x00000000200038a4                tire_temp_rr_7
 .bss.tire_temp_rr_8
                0x00000000200038b0        0xc ./Core/gophercan-lib/GopherCAN_ids.o
                0x00000000200038b0                tire_temp_rr_8
 .bss.tire_temp_rr_9
                0x00000000200038bc        0xc ./Core/gophercan-lib/GopherCAN_ids.o
                0x00000000200038bc                tire_temp_rr_9
 .bss.tire_temp_rr_10
                0x00000000200038c8        0xc ./Core/gophercan-lib/GopherCAN_ids.o
                0x00000000200038c8                tire_temp_rr_10
 .bss.tire_temp_rr_11
                0x00000000200038d4        0xc ./Core/gophercan-lib/GopherCAN_ids.o
                0x00000000200038d4                tire_temp_rr_11
 .bss.tire_temp_rr_12
                0x00000000200038e0        0xc ./Core/gophercan-lib/GopherCAN_ids.o
                0x00000000200038e0                tire_temp_rr_12
 .bss.tire_temp_rr_13
                0x00000000200038ec        0xc ./Core/gophercan-lib/GopherCAN_ids.o
                0x00000000200038ec                tire_temp_rr_13
 .bss.tire_temp_rr_14
                0x00000000200038f8        0xc ./Core/gophercan-lib/GopherCAN_ids.o
                0x00000000200038f8                tire_temp_rr_14
 .bss.tire_temp_rr_15
                0x0000000020003904        0xc ./Core/gophercan-lib/GopherCAN_ids.o
                0x0000000020003904                tire_temp_rr_15
 .bss.tire_temp_rr_16
                0x0000000020003910        0xc ./Core/gophercan-lib/GopherCAN_ids.o
                0x0000000020003910                tire_temp_rr_16
 .bss.tire_temp_rl_1
                0x000000002000391c        0xc ./Core/gophercan-lib/GopherCAN_ids.o
                0x000000002000391c                tire_temp_rl_1
 .bss.tire_temp_rl_2
                0x0000000020003928        0xc ./Core/gophercan-lib/GopherCAN_ids.o
                0x0000000020003928                tire_temp_rl_2
 .bss.tire_temp_rl_3
                0x0000000020003934        0xc ./Core/gophercan-lib/GopherCAN_ids.o
                0x0000000020003934                tire_temp_rl_3
 .bss.tire_temp_rl_4
                0x0000000020003940        0xc ./Core/gophercan-lib/GopherCAN_ids.o
                0x0000000020003940                tire_temp_rl_4
 .bss.tire_temp_rl_5
                0x000000002000394c        0xc ./Core/gophercan-lib/GopherCAN_ids.o
                0x000000002000394c                tire_temp_rl_5
 .bss.tire_temp_rl_6
                0x0000000020003958        0xc ./Core/gophercan-lib/GopherCAN_ids.o
                0x0000000020003958                tire_temp_rl_6
 .bss.tire_temp_rl_7
                0x0000000020003964        0xc ./Core/gophercan-lib/GopherCAN_ids.o
                0x0000000020003964                tire_temp_rl_7
 .bss.tire_temp_rl_8
                0x0000000020003970        0xc ./Core/gophercan-lib/GopherCAN_ids.o
                0x0000000020003970                tire_temp_rl_8
 .bss.tire_temp_rl_9
                0x000000002000397c        0xc ./Core/gophercan-lib/GopherCAN_ids.o
                0x000000002000397c                tire_temp_rl_9
 .bss.tire_temp_rl_10
                0x0000000020003988        0xc ./Core/gophercan-lib/GopherCAN_ids.o
                0x0000000020003988                tire_temp_rl_10
 .bss.tire_temp_rl_11
                0x0000000020003994        0xc ./Core/gophercan-lib/GopherCAN_ids.o
                0x0000000020003994                tire_temp_rl_11
 .bss.tire_temp_rl_12
                0x00000000200039a0        0xc ./Core/gophercan-lib/GopherCAN_ids.o
                0x00000000200039a0                tire_temp_rl_12
 .bss.tire_temp_rl_13
                0x00000000200039ac        0xc ./Core/gophercan-lib/GopherCAN_ids.o
                0x00000000200039ac                tire_temp_rl_13
 .bss.tire_temp_rl_14
                0x00000000200039b8        0xc ./Core/gophercan-lib/GopherCAN_ids.o
                0x00000000200039b8                tire_temp_rl_14
 .bss.tire_temp_rl_15
                0x00000000200039c4        0xc ./Core/gophercan-lib/GopherCAN_ids.o
                0x00000000200039c4                tire_temp_rl_15
 .bss.tire_temp_rl_16
                0x00000000200039d0        0xc ./Core/gophercan-lib/GopherCAN_ids.o
                0x00000000200039d0                tire_temp_rl_16
 .bss.tire_temp_fl_1
                0x00000000200039dc        0xc ./Core/gophercan-lib/GopherCAN_ids.o
                0x00000000200039dc                tire_temp_fl_1
 .bss.tire_temp_fl_2
                0x00000000200039e8        0xc ./Core/gophercan-lib/GopherCAN_ids.o
                0x00000000200039e8                tire_temp_fl_2
 .bss.tire_temp_fl_3
                0x00000000200039f4        0xc ./Core/gophercan-lib/GopherCAN_ids.o
                0x00000000200039f4                tire_temp_fl_3
 .bss.tire_temp_fl_4
                0x0000000020003a00        0xc ./Core/gophercan-lib/GopherCAN_ids.o
                0x0000000020003a00                tire_temp_fl_4
 .bss.tire_temp_fl_5
                0x0000000020003a0c        0xc ./Core/gophercan-lib/GopherCAN_ids.o
                0x0000000020003a0c                tire_temp_fl_5
 .bss.tire_temp_fl_6
                0x0000000020003a18        0xc ./Core/gophercan-lib/GopherCAN_ids.o
                0x0000000020003a18                tire_temp_fl_6
 .bss.tire_temp_fl_7
                0x0000000020003a24        0xc ./Core/gophercan-lib/GopherCAN_ids.o
                0x0000000020003a24                tire_temp_fl_7
 .bss.tire_temp_fl_8
                0x0000000020003a30        0xc ./Core/gophercan-lib/GopherCAN_ids.o
                0x0000000020003a30                tire_temp_fl_8
 .bss.tire_temp_fl_9
                0x0000000020003a3c        0xc ./Core/gophercan-lib/GopherCAN_ids.o
                0x0000000020003a3c                tire_temp_fl_9
 .bss.tire_temp_fl_10
                0x0000000020003a48        0xc ./Core/gophercan-lib/GopherCAN_ids.o
                0x0000000020003a48                tire_temp_fl_10
 .bss.tire_temp_fl_11
                0x0000000020003a54        0xc ./Core/gophercan-lib/GopherCAN_ids.o
                0x0000000020003a54                tire_temp_fl_11
 .bss.tire_temp_fl_12
                0x0000000020003a60        0xc ./Core/gophercan-lib/GopherCAN_ids.o
                0x0000000020003a60                tire_temp_fl_12
 .bss.tire_temp_fl_13
                0x0000000020003a6c        0xc ./Core/gophercan-lib/GopherCAN_ids.o
                0x0000000020003a6c                tire_temp_fl_13
 .bss.tire_temp_fl_14
                0x0000000020003a78        0xc ./Core/gophercan-lib/GopherCAN_ids.o
                0x0000000020003a78                tire_temp_fl_14
 .bss.tire_temp_fl_15
                0x0000000020003a84        0xc ./Core/gophercan-lib/GopherCAN_ids.o
                0x0000000020003a84                tire_temp_fl_15
 .bss.tire_temp_fl_16
                0x0000000020003a90        0xc ./Core/gophercan-lib/GopherCAN_ids.o
                0x0000000020003a90                tire_temp_fl_16
 .bss.tire_temp_fr_1
                0x0000000020003a9c        0xc ./Core/gophercan-lib/GopherCAN_ids.o
                0x0000000020003a9c                tire_temp_fr_1
 .bss.tire_temp_fr_2
                0x0000000020003aa8        0xc ./Core/gophercan-lib/GopherCAN_ids.o
                0x0000000020003aa8                tire_temp_fr_2
 .bss.tire_temp_fr_3
                0x0000000020003ab4        0xc ./Core/gophercan-lib/GopherCAN_ids.o
                0x0000000020003ab4                tire_temp_fr_3
 .bss.tire_temp_fr_4
                0x0000000020003ac0        0xc ./Core/gophercan-lib/GopherCAN_ids.o
                0x0000000020003ac0                tire_temp_fr_4
 .bss.tire_temp_fr_5
                0x0000000020003acc        0xc ./Core/gophercan-lib/GopherCAN_ids.o
                0x0000000020003acc                tire_temp_fr_5
 .bss.tire_temp_fr_6
                0x0000000020003ad8        0xc ./Core/gophercan-lib/GopherCAN_ids.o
                0x0000000020003ad8                tire_temp_fr_6
 .bss.tire_temp_fr_7
                0x0000000020003ae4        0xc ./Core/gophercan-lib/GopherCAN_ids.o
                0x0000000020003ae4                tire_temp_fr_7
 .bss.tire_temp_fr_8
                0x0000000020003af0        0xc ./Core/gophercan-lib/GopherCAN_ids.o
                0x0000000020003af0                tire_temp_fr_8
 .bss.tire_temp_fr_9
                0x0000000020003afc        0xc ./Core/gophercan-lib/GopherCAN_ids.o
                0x0000000020003afc                tire_temp_fr_9
 .bss.tire_temp_fr_10
                0x0000000020003b08        0xc ./Core/gophercan-lib/GopherCAN_ids.o
                0x0000000020003b08                tire_temp_fr_10
 .bss.tire_temp_fr_11
                0x0000000020003b14        0xc ./Core/gophercan-lib/GopherCAN_ids.o
                0x0000000020003b14                tire_temp_fr_11
 .bss.tire_temp_fr_12
                0x0000000020003b20        0xc ./Core/gophercan-lib/GopherCAN_ids.o
                0x0000000020003b20                tire_temp_fr_12
 .bss.tire_temp_fr_13
                0x0000000020003b2c        0xc ./Core/gophercan-lib/GopherCAN_ids.o
                0x0000000020003b2c                tire_temp_fr_13
 .bss.tire_temp_fr_14
                0x0000000020003b38        0xc ./Core/gophercan-lib/GopherCAN_ids.o
                0x0000000020003b38                tire_temp_fr_14
 .bss.tire_temp_fr_15
                0x0000000020003b44        0xc ./Core/gophercan-lib/GopherCAN_ids.o
                0x0000000020003b44                tire_temp_fr_15
 .bss.tire_temp_fr_16
                0x0000000020003b50        0xc ./Core/gophercan-lib/GopherCAN_ids.o
                0x0000000020003b50                tire_temp_fr_16
 .bss.sw_upshift
                0x0000000020003b5c        0x8 ./Core/gophercan-lib/GopherCAN_ids.o
                0x0000000020003b5c                sw_upshift
 .bss.sw_downshift
                0x0000000020003b64        0x8 ./Core/gophercan-lib/GopherCAN_ids.o
                0x0000000020003b64                sw_downshift
 .bss.sw_clutch_fast
                0x0000000020003b6c        0x8 ./Core/gophercan-lib/GopherCAN_ids.o
                0x0000000020003b6c                sw_clutch_fast
 .bss.sw_clutch_slow
                0x0000000020003b74        0x8 ./Core/gophercan-lib/GopherCAN_ids.o
                0x0000000020003b74                sw_clutch_slow
 .bss.sw_aero_front
                0x0000000020003b7c        0x8 ./Core/gophercan-lib/GopherCAN_ids.o
                0x0000000020003b7c                sw_aero_front
 .bss.sw_aero_rear
                0x0000000020003b84        0x8 ./Core/gophercan-lib/GopherCAN_ids.o
                0x0000000020003b84                sw_aero_rear
 .bss.tcm_neutral
                0x0000000020003b8c        0x8 ./Core/gophercan-lib/GopherCAN_ids.o
                0x0000000020003b8c                tcm_neutral
 .bss.tcm_shifter_position
                0x0000000020003b94        0xc ./Core/gophercan-lib/GopherCAN_ids.o
                0x0000000020003b94                tcm_shifter_position
 .bss.tcm_clutch_position
                0x0000000020003ba0        0xc ./Core/gophercan-lib/GopherCAN_ids.o
                0x0000000020003ba0                tcm_clutch_position
 .bss.tcm_target_rpm
                0x0000000020003bac        0xc ./Core/gophercan-lib/GopherCAN_ids.o
                0x0000000020003bac                tcm_target_rpm
 .bss.tcm_trans_rpm
                0x0000000020003bb8        0xc ./Core/gophercan-lib/GopherCAN_ids.o
                0x0000000020003bb8                tcm_trans_rpm
 .bss.tcm_current_gear
                0x0000000020003bc4        0x8 ./Core/gophercan-lib/GopherCAN_ids.o
                0x0000000020003bc4                tcm_current_gear
 .bss.tcm_target_gear
                0x0000000020003bcc        0x8 ./Core/gophercan-lib/GopherCAN_ids.o
                0x0000000020003bcc                tcm_target_gear
 .bss.tcm_currently_moving
                0x0000000020003bd4        0x8 ./Core/gophercan-lib/GopherCAN_ids.o
                0x0000000020003bd4                tcm_currently_moving
 .bss.tcm_throttle_blip
                0x0000000020003bdc        0x8 ./Core/gophercan-lib/GopherCAN_ids.o
                0x0000000020003bdc                tcm_throttle_blip
 .bss.tcm_using_clutch
                0x0000000020003be4        0x8 ./Core/gophercan-lib/GopherCAN_ids.o
                0x0000000020003be4                tcm_using_clutch
 .bss.tcm_successful_shift
                0x0000000020003bec        0x8 ./Core/gophercan-lib/GopherCAN_ids.o
                0x0000000020003bec                tcm_successful_shift
 .bss.tcm_anti_stall
                0x0000000020003bf4        0x8 ./Core/gophercan-lib/GopherCAN_ids.o
                0x0000000020003bf4                tcm_anti_stall
 .bss.acm_fl_wing_angle
                0x0000000020003bfc        0xc ./Core/gophercan-lib/GopherCAN_ids.o
                0x0000000020003bfc                acm_fl_wing_angle
 .bss.acm_fr_wing_angle
                0x0000000020003c08        0xc ./Core/gophercan-lib/GopherCAN_ids.o
                0x0000000020003c08                acm_fr_wing_angle
 .bss.acm_rear_wing_angle
                0x0000000020003c14        0xc ./Core/gophercan-lib/GopherCAN_ids.o
                0x0000000020003c14                acm_rear_wing_angle
 .bss.pdm_1_current
                0x0000000020003c20        0xc ./Core/gophercan-lib/GopherCAN_ids.o
                0x0000000020003c20                pdm_1_current
 .bss.pdm_2_current
                0x0000000020003c2c        0xc ./Core/gophercan-lib/GopherCAN_ids.o
                0x0000000020003c2c                pdm_2_current
 .bss.pdm_3_current
                0x0000000020003c38        0xc ./Core/gophercan-lib/GopherCAN_ids.o
                0x0000000020003c38                pdm_3_current
 .bss.pdm_4_current
                0x0000000020003c44        0xc ./Core/gophercan-lib/GopherCAN_ids.o
                0x0000000020003c44                pdm_4_current
 .bss.pdm_5_current
                0x0000000020003c50        0xc ./Core/gophercan-lib/GopherCAN_ids.o
                0x0000000020003c50                pdm_5_current
 .bss.pdm_6_current
                0x0000000020003c5c        0xc ./Core/gophercan-lib/GopherCAN_ids.o
                0x0000000020003c5c                pdm_6_current
 .bss.pdm_7_current
                0x0000000020003c68        0xc ./Core/gophercan-lib/GopherCAN_ids.o
                0x0000000020003c68                pdm_7_current
 .bss.pdm_8_current
                0x0000000020003c74        0xc ./Core/gophercan-lib/GopherCAN_ids.o
                0x0000000020003c74                pdm_8_current
 .bss.pdm_9_current
                0x0000000020003c80        0xc ./Core/gophercan-lib/GopherCAN_ids.o
                0x0000000020003c80                pdm_9_current
 .bss.pdm_10_current
                0x0000000020003c8c        0xc ./Core/gophercan-lib/GopherCAN_ids.o
                0x0000000020003c8c                pdm_10_current
 .bss.pdm_11_current
                0x0000000020003c98        0xc ./Core/gophercan-lib/GopherCAN_ids.o
                0x0000000020003c98                pdm_11_current
 .bss.pdm_12_current
                0x0000000020003ca4        0xc ./Core/gophercan-lib/GopherCAN_ids.o
                0x0000000020003ca4                pdm_12_current
 .bss.pdm_13_current
                0x0000000020003cb0        0xc ./Core/gophercan-lib/GopherCAN_ids.o
                0x0000000020003cb0                pdm_13_current
 .bss.pdm_14_current
                0x0000000020003cbc        0xc ./Core/gophercan-lib/GopherCAN_ids.o