Archive member included to satisfy reference by file (symbol)

C:/ST/STM32CubeIDE_1.10.1/STM32CubeIDE/plugins/com.st.stm32cube.ide.mcu.externaltools.gnu-tools-for-stm32.12.3.rel1.win32_1.0.200.202406191623/tools/bin/../lib/gcc/arm-none-eabi/12.3.1/../../../../arm-none-eabi/lib/thumb/v7e-m+fp/hard\libc_nano.a(libc_a-exit.o)
                              C:/ST/STM32CubeIDE_1.10.1/STM32CubeIDE/plugins/com.st.stm32cube.ide.mcu.externaltools.gnu-tools-for-stm32.12.3.rel1.win32_1.0.200.202406191623/tools/bin/../lib/gcc/arm-none-eabi/12.3.1/../../../../arm-none-eabi/lib/thumb/v7e-m+fp/hard/crt0.o (exit)
C:/ST/STM32CubeIDE_1.10.1/STM32CubeIDE/plugins/com.st.stm32cube.ide.mcu.externaltools.gnu-tools-for-stm32.12.3.rel1.win32_1.0.200.202406191623/tools/bin/../lib/gcc/arm-none-eabi/12.3.1/../../../../arm-none-eabi/lib/thumb/v7e-m+fp/hard\libc_nano.a(libc_a-findfp.o)
                              ./Middlewares/Third_Party/FreeRTOS/Source/tasks.o (__sf)
C:/ST/STM32CubeIDE_1.10.1/STM32CubeIDE/plugins/com.st.stm32cube.ide.mcu.externaltools.gnu-tools-for-stm32.12.3.rel1.win32_1.0.200.202406191623/tools/bin/../lib/gcc/arm-none-eabi/12.3.1/../../../../arm-none-eabi/lib/thumb/v7e-m+fp/hard\libc_nano.a(libc_a-fwalk.o)
                              C:/ST/STM32CubeIDE_1.10.1/STM32CubeIDE/plugins/com.st.stm32cube.ide.mcu.externaltools.gnu-tools-for-stm32.12.3.rel1.win32_1.0.200.202406191623/tools/bin/../lib/gcc/arm-none-eabi/12.3.1/../../../../arm-none-eabi/lib/thumb/v7e-m+fp/hard\libc_nano.a(libc_a-findfp.o) (_fwalk_sglue)
C:/ST/STM32CubeIDE_1.10.1/STM32CubeIDE/plugins/com.st.stm32cube.ide.mcu.externaltools.gnu-tools-for-stm32.12.3.rel1.win32_1.0.200.202406191623/tools/bin/../lib/gcc/arm-none-eabi/12.3.1/../../../../arm-none-eabi/lib/thumb/v7e-m+fp/hard\libc_nano.a(libc_a-stdio.o)
                              C:/ST/STM32CubeIDE_1.10.1/STM32CubeIDE/plugins/com.st.stm32cube.ide.mcu.externaltools.gnu-tools-for-stm32.12.3.rel1.win32_1.0.200.202406191623/tools/bin/../lib/gcc/arm-none-eabi/12.3.1/../../../../arm-none-eabi/lib/thumb/v7e-m+fp/hard\libc_nano.a(libc_a-findfp.o) (__sread)
C:/ST/STM32CubeIDE_1.10.1/STM32CubeIDE/plugins/com.st.stm32cube.ide.mcu.externaltools.gnu-tools-for-stm32.12.3.rel1.win32_1.0.200.202406191623/tools/bin/../lib/gcc/arm-none-eabi/12.3.1/../../../../arm-none-eabi/lib/thumb/v7e-m+fp/hard\libc_nano.a(libc_a-memset.o)
                              C:/ST/STM32CubeIDE_1.10.1/STM32CubeIDE/plugins/com.st.stm32cube.ide.mcu.externaltools.gnu-tools-for-stm32.12.3.rel1.win32_1.0.200.202406191623/tools/bin/../lib/gcc/arm-none-eabi/12.3.1/../../../../arm-none-eabi/lib/thumb/v7e-m+fp/hard/crt0.o (memset)
C:/ST/STM32CubeIDE_1.10.1/STM32CubeIDE/plugins/com.st.stm32cube.ide.mcu.externaltools.gnu-tools-for-stm32.12.3.rel1.win32_1.0.200.202406191623/tools/bin/../lib/gcc/arm-none-eabi/12.3.1/../../../../arm-none-eabi/lib/thumb/v7e-m+fp/hard\libc_nano.a(libc_a-closer.o)
                              C:/ST/STM32CubeIDE_1.10.1/STM32CubeIDE/plugins/com.st.stm32cube.ide.mcu.externaltools.gnu-tools-for-stm32.12.3.rel1.win32_1.0.200.202406191623/tools/bin/../lib/gcc/arm-none-eabi/12.3.1/../../../../arm-none-eabi/lib/thumb/v7e-m+fp/hard\libc_nano.a(libc_a-stdio.o) (_close_r)
C:/ST/STM32CubeIDE_1.10.1/STM32CubeIDE/plugins/com.st.stm32cube.ide.mcu.externaltools.gnu-tools-for-stm32.12.3.rel1.win32_1.0.200.202406191623/tools/bin/../lib/gcc/arm-none-eabi/12.3.1/../../../../arm-none-eabi/lib/thumb/v7e-m+fp/hard\libc_nano.a(libc_a-reent.o)
                              ./Middlewares/Third_Party/FreeRTOS/Source/tasks.o (_reclaim_reent)
C:/ST/STM32CubeIDE_1.10.1/STM32CubeIDE/plugins/com.st.stm32cube.ide.mcu.externaltools.gnu-tools-for-stm32.12.3.rel1.win32_1.0.200.202406191623/tools/bin/../lib/gcc/arm-none-eabi/12.3.1/../../../../arm-none-eabi/lib/thumb/v7e-m+fp/hard\libc_nano.a(libc_a-impure.o)
                              ./Middlewares/Third_Party/FreeRTOS/Source/tasks.o (_impure_ptr)
C:/ST/STM32CubeIDE_1.10.1/STM32CubeIDE/plugins/com.st.stm32cube.ide.mcu.externaltools.gnu-tools-for-stm32.12.3.rel1.win32_1.0.200.202406191623/tools/bin/../lib/gcc/arm-none-eabi/12.3.1/../../../../arm-none-eabi/lib/thumb/v7e-m+fp/hard\libc_nano.a(libc_a-lseekr.o)
                              C:/ST/STM32CubeIDE_1.10.1/STM32CubeIDE/plugins/com.st.stm32cube.ide.mcu.externaltools.gnu-tools-for-stm32.12.3.rel1.win32_1.0.200.202406191623/tools/bin/../lib/gcc/arm-none-eabi/12.3.1/../../../../arm-none-eabi/lib/thumb/v7e-m+fp/hard\libc_nano.a(libc_a-stdio.o) (_lseek_r)
C:/ST/STM32CubeIDE_1.10.1/STM32CubeIDE/plugins/com.st.stm32cube.ide.mcu.externaltools.gnu-tools-for-stm32.12.3.rel1.win32_1.0.200.202406191623/tools/bin/../lib/gcc/arm-none-eabi/12.3.1/../../../../arm-none-eabi/lib/thumb/v7e-m+fp/hard\libc_nano.a(libc_a-readr.o)
[...]
Memory Configuration

Name             Origin             Length             Attributes
RAM              0x20000000         0x00020000         xrw
FLASH            0x08000000         0x00080000         xr
*default*        0x00000000         0xffffffff

Linker script and memory map

LOAD C:/ST/STM32CubeIDE_1.10.1/STM32CubeIDE/plugins/com.st.stm32cube.ide.mcu.externaltools.gnu-tools-for-stm32.12.3.rel1.win32_1.0.200.202406191623/tools/bin/../lib/gcc/arm-none-eabi/12.3.1/thumb/v7e-m+fp/hard/crti.o
LOAD C:/ST/STM32CubeIDE_1.10.1/STM32CubeIDE/plugins/com.st.stm32cube.ide.mcu.externaltools.gnu-tools-for-stm32.12.3.rel1.win32_1.0.200.202406191623/tools/bin/../lib/gcc/arm-none-eabi/12.3.1/thumb/v7e-m+fp/hard/crtbegin.o
LOAD C:/ST/STM32CubeIDE_1.10.1/STM32CubeIDE/plugins/com.st.stm32cube.ide.mcu.externaltools.gnu-tools-for-stm32.12.3.rel1.win32_1.0.200.202406191623/tools/bin/../lib/gcc/arm-none-eabi/12.3.1/../../../../arm-none-eabi/lib/thumb/v7e-m+fp/hard/crt0.o
LOAD ./Core/Src/GopherCAN_interface.o
LOAD ./Core/Src/freertos.o
LOAD ./Core/Src/ledStrip.o
LOAD ./Core/Src/main.o
LOAD ./Core/Src/stm32f4xx_hal_msp.o
LOAD ./Core/Src/stm32f4xx_hal_timebase_tim.o
LOAD ./Core/Src/stm32f4xx_it.o
LOAD ./Core/Src/syscalls.o
LOAD ./Core/Src/sysmem.o
LOAD ./Core/Src/system_stm32f4xx.o
LOAD ./Core/Startup/startup_stm32f446retx.o
LOAD ./Core/gophercan-lib/GopherCAN.o
LOAD ./Core/gophercan-lib/GopherCAN_buffers.o
LOAD ./Core/gophercan-lib/GopherCAN_names.o
LOAD ./Core/gophercan-lib/GopherCAN_network.o
LOAD ./Drivers/STM32F4xx_HAL_Driver/Src/stm32f4xx_hal.o
LOAD ./Drivers/STM32F4xx_HAL_Driver/Src/stm32f4xx_hal_adc.o
LOAD ./Drivers/STM32F4xx_HAL_Driver/Src/stm32f4xx_hal_adc_ex.o
LOAD ./Drivers/STM32F4xx_HAL_Driver/Src/stm32f4xx_hal_can.o
LOAD ./Drivers/STM32F4xx_HAL_Driver/Src/stm32f4xx_hal_cortex.o
LOAD ./Drivers/STM32F4xx_HAL_Driver/Src/stm32f4xx_hal_dma.o
LOAD ./Drivers/STM32F4xx_HAL_Driver/Src/stm32f4xx_hal_dma_ex.o
LOAD ./Drivers/STM32F4xx_HAL_Driver/Src/stm32f4xx_hal_exti.o
LOAD ./Drivers/STM32F4xx_HAL_Driver/Src/stm32f4xx_hal_flash.o
LOAD ./Drivers/STM32F4xx_HAL_Driver/Src/stm32f4xx_hal_flash_ex.o
LOAD ./Drivers/STM32F4xx_HAL_Driver/Src/stm32f4xx_hal_flash_ramfunc.o
LOAD ./Drivers/STM32F4xx_HAL_Driver/Src/stm32f4xx_hal_gpio.o
LOAD ./Drivers/STM32F4xx_HAL_Driver/Src/stm32f4xx_hal_pwr.o
LOAD ./Drivers/STM32F4xx_HAL_Driver/Src/stm32f4xx_hal_pwr_ex.o
LOAD ./Drivers/STM32F4xx_HAL_Driver/Src/stm32f4xx_hal_rcc.o
LOAD ./Drivers/STM32F4xx_HAL_Driver/Src/stm32f4xx_hal_rcc_ex.o
LOAD ./Drivers/STM32F4xx_HAL_Driver/Src/stm32f4xx_hal_tim.o
LOAD ./Drivers/STM32F4xx_HAL_Driver/Src/stm32f4xx_hal_tim_ex.o
LOAD ./Drivers/STM32F4xx_HAL_Driver/Src/stm32f4xx_hal_uart.o
LOAD ./Drivers/STM32F4xx_HAL_Driver/Src/stm32f4xx_ll_adc.o
LOAD ./Middlewares/Third_Party/FreeRTOS/Source/CMSIS_RTOS/cmsis_os.o
LOAD ./Middlewares/Third_Party/FreeRTOS/Source/croutine.o
LOAD ./Middlewares/Third_Party/FreeRTOS/Source/event_groups.o
LOAD ./Middlewares/Third_Party/FreeRTOS/Source/list.o
LOAD ./Middlewares/Third_Party/FreeRTOS/Source/queue.o
LOAD ./Middlewares/Third_Party/FreeRTOS/Source/stream_buffer.o
LOAD ./Middlewares/Third_Party/FreeRTOS/Source/tasks.o
LOAD ./Middlewares/Third_Party/FreeRTOS/Source/timers.o
LOAD ./Middlewares/Third_Party/FreeRTOS/Source/portable/GCC/ARM_CM4F/port.o
LOAD ./Middlewares/Third_Party/FreeRTOS/Source/portable/MemMang/heap_4.o
START GROUP
LOAD C:/ST/STM32CubeIDE_1.10.1/STM32CubeIDE/plugins/com.st.stm32cube.ide.mcu.externaltools.gnu-tools-for-stm32.12.3.rel1.win32_1.0.200.202406191623/tools/bin/../lib/gcc/arm-none-eabi/12.3.1/../../../../arm-none-eabi/lib/thumb/v7e-m+fp/hard\libc_nano.a
LOAD C:/ST/STM32CubeIDE_1.10.1/STM32CubeIDE/plugins/com.st.stm32cube.ide.mcu.externaltools.gnu-tools-for-stm32.12.3.rel1.win32_1.0.200.202406191623/tools/bin/../lib/gcc/arm-none-eabi/12.3.1/../../../../arm-none-eabi/lib/thumb/v7e-m+fp/hard\libm.a
END GROUP
START GROUP
LOAD C:/ST/STM32CubeIDE_1.10.1/STM32CubeIDE/plugins/com.st.stm32cube.ide.mcu.externaltools.gnu-tools-for-stm32.12.3.rel1.win32_1.0.200.202406191623/tools/bin/../lib/gcc/arm-none-eabi/12.3.1/thumb/v7e-m+fp/hard\libgcc.a
LOAD C:/ST/STM32CubeIDE_1.10.1/STM32CubeIDE/plugins/com.st.stm32cube.ide.mcu.externaltools.gnu-tools-for-stm32.12.3.rel1.win32_1.0.200.202406191623/tools/bin/../lib/gcc/arm-none-eabi/12.3.1/../../../../arm-none-eabi/lib/thumb/v7e-m+fp/hard\libc_nano.a
END GROUP
START GROUP
LOAD C:/ST/STM32CubeIDE_1.10.1/STM32CubeIDE/plugins/com.st.stm32cube.ide.mcu.externaltools.gnu-tools-for-stm32.12.3.rel1.win32_1.0.200.202406191623/tools/bin/../lib/gcc/arm-none-eabi/12.3.1/thumb/v7e-m+fp/hard\libgcc.a
LOAD C:/ST/STM32CubeIDE_1.10.1/STM32CubeIDE/plugins/com.st.stm32cube.ide.mcu.externaltools.gnu-tools-for-stm32.12.3.rel1.win32_1.0.200.202406191623/tools/bin/../lib/gcc/arm-none-eabi/12.3.1/../../../../arm-none-eabi/lib/thumb/v7e-m+fp/hard\libc_nano.a
LOAD C:/ST/STM32CubeIDE_1.10.1/STM32CubeIDE/plugins/com.st.stm32cube.ide.mcu.externaltools.gnu-tools-for-stm32.12.3.rel1.win32_1.0.200.202406191623/tools/bin/../lib/gcc/arm-none-eabi/12.3.1/../../../../arm-none-eabi/lib/thumb/v7e-m+fp/hard\libnosys.a
END GROUP
START GROUP
LOAD C:/ST/STM32CubeIDE_1.10.1/STM32CubeIDE/plugins/com.st.stm32cube.ide.mcu.externaltools.gnu-tools-for-stm32.12.3.rel1.win32_1.0.200.202406191623/tools/bin/../lib/gcc/arm-none-eabi/12.3.1/thumb/v7e-m+fp/hard\libgcc.a
LOAD C:/ST/STM32CubeIDE_1.10.1/STM32CubeIDE/plugins/com.st.stm32cube.ide.mcu.externaltools.gnu-tools-for-stm32.12.3.rel1.win32_1.0.200.202406191623/tools/bin/../lib/gcc/arm-none-eabi/12.3.1/../../../../arm-none-eabi/lib/thumb/v7e-m+fp/hard\libc_nano.a
LOAD C:/ST/STM32CubeIDE_1.10.1/STM32CubeIDE/plugins/com.st.stm32cube.ide.mcu.externaltools.gnu-tools-for-stm32.12.3.rel1.win32_1.0.200.202406191623/tools/bin/../lib/gcc/arm-none-eabi/12.3.1/../../../../arm-none-eabi/lib/thumb/v7e-m+fp/hard\libnosys.a
END GROUP
LOAD C:/ST/STM32CubeIDE_1.10.1/STM32CubeIDE/plugins/com.st.stm32cube.ide.mcu.externaltools.gnu-tools-for-stm32.12.3.rel1.win32_1.0.200.202406191623/tools/bin/../lib/gcc/arm-none-eabi/12.3.1/thumb/v7e-m+fp/hard/crtend.o
LOAD C:/ST/STM32CubeIDE_1.10.1/STM32CubeIDE/plugins/com.st.stm32cube.ide.mcu.externaltools.gnu-tools-for-stm32.12.3.rel1.win32_1.0.200.202406191623/tools/bin/../lib/gcc/arm-none-eabi/12.3.1/thumb/v7e-m+fp/hard/crtn.o
                0x20020000                        _estack = (ORIGIN (RAM) + LENGTH (RAM))
                0x00000200                        _Min_Heap_Size = 0x200
                0x00000400                        _Min_Stack_Size = 0x400

.isr_vector     0x08000000      0x1c4
                0x08000000                        . = ALIGN (0x4)
 *(.isr_vector)
 .isr_vector    0x08000000      0x1c4 ./Core/Startup/startup_stm32f446retx.o
                0x08000000                g_pfnVectors
                0x080001c4                        . = ALIGN (0x4)

.text           0x080001d0     0xabcc
                0x080001d0                        . = ALIGN (0x4)
 *(.text)
 .text          0x080001d0       0x40 C:/ST/STM32CubeIDE_1.10.1/STM32CubeIDE/plugins/com.st.stm32cube.ide.mcu.externaltools.gnu-tools-for-stm32.12.3.rel1.win32_1.0.200.202406191623/tools/bin/../lib/gcc/arm-none-eabi/12.3.1/thumb/v7e-m+fp/hard/crtbegin.o
 .text          0x08000210      0x378 C:/ST/STM32CubeIDE_1.10.1/STM32CubeIDE/plugins/com.st.stm32cube.ide.mcu.externaltools.gnu-tools-for-stm32.12.3.rel1.win32_1.0.200.202406191623/tools/bin/../lib/gcc/arm-none-eabi/12.3.1/thumb/v7e-m+fp/hard\libgcc.a(_arm_addsubdf3.o)
                0x08000210                __aeabi_drsub
                0x08000218                __aeabi_dsub
                0x08000218                __subdf3
                0x0800021c                __aeabi_dadd
                0x0800021c                __adddf3
                0x08000494                __floatunsidf
                0x08000494                __aeabi_ui2d
                0x080004b4                __floatsidf
                0x080004b4                __aeabi_i2d
                0x080004d8                __aeabi_f2d
                0x080004d8                __extendsfdf2
                0x0800051c                __floatundidf
                0x0800051c                __aeabi_ul2d
                0x0800052c                __floatdidf
                0x0800052c                __aeabi_l2d
 .text          0x08000588      0x424 C:/ST/STM32CubeIDE_1.10.1/STM32CubeIDE/plugins/com.st.stm32cube.ide.mcu.externaltools.gnu-tools-for-stm32.12.3.rel1.win32_1.0.200.202406191623/tools/bin/../lib/gcc/arm-none-eabi/12.3.1/thumb/v7e-m+fp/hard\libgcc.a(_arm_muldivdf3.o)
                0x08000588                __aeabi_dmul
                0x08000588                __muldf3
                0x080007dc                __divdf3
                0x080007dc                __aeabi_ddiv
 .text          0x080009ac      0x110 C:/ST/STM32CubeIDE_1.10.1/STM32CubeIDE/plugins/com.st.stm32cube.ide.mcu.externaltools.gnu-tools-for-stm32.12.3.rel1.win32_1.0.200.202406191623/tools/bin/../lib/gcc/arm-none-eabi/12.3.1/thumb/v7e-m+fp/hard\libgcc.a(_arm_cmpdf2.o)
                0x080009ac                __gtdf2
                0x080009ac                __gedf2
                0x080009b4                __ltdf2
                0x080009b4                __ledf2
                0x080009bc                __nedf2
                0x080009bc                __eqdf2
                0x080009bc                __cmpdf2
                0x08000a38                __aeabi_cdrcmple
                0x08000a48                __aeabi_cdcmpeq
                0x08000a48                __aeabi_cdcmple
                0x08000a58                __aeabi_dcmpeq
                0x08000a6c                __aeabi_dcmplt
                0x08000a80                __aeabi_dcmple
                0x08000a94                __aeabi_dcmpge
                0x08000aa8                __aeabi_dcmpgt
 .text          0x08000abc       0x2c C:/ST/STM32CubeIDE_1.10.1/STM32CubeIDE/plugins/com.st.stm32cube.ide.mcu.externaltools.gnu-tools-for-stm32.12.3.rel1.win32_1.0.200.202406191623/tools/bin/../lib/gcc/arm-none-eabi/12.3.1/thumb/v7e-m+fp/hard\libgcc.a(_arm_unorddf2.o)
                0x08000abc                __unorddf2
                0x08000abc                __aeabi_dcmpun
 .text          0x08000ae8      0x21c C:/ST/STM32CubeIDE_1.10.1/STM32CubeIDE/plugins/com.st.stm32cube.ide.mcu.externaltools.gnu-tools-for-stm32.12.3.rel1.win32_1.0.200.202406191623/tools/bin/../lib/gcc/arm-none-eabi/12.3.1/thumb/v7e-m+fp/hard\libgcc.a(_arm_addsubsf3.o)
                0x08000ae8                __aeabi_frsub
                0x08000af0                __subsf3
                0x08000af0                __aeabi_fsub
                0x08000af4                __aeabi_fadd
                0x08000af4                __addsf3
                0x08000c54                __aeabi_ui2f
                0x08000c54                __floatunsisf
                0x08000c5c                __aeabi_i2f
                0x08000c5c                __floatsisf
                0x08000c78                __aeabi_ul2f
                0x08000c78                __floatundisf
                0x08000c88                __aeabi_l2f
                0x08000c88                __floatdisf
 .text          0x08000d04       0xa0 C:/ST/STM32CubeIDE_1.10.1/STM32CubeIDE/plugins/com.st.stm32cube.ide.mcu.externaltools.gnu-tools-for-stm32.12.3.rel1.win32_1.0.200.202406191623/tools/bin/../lib/gcc/arm-none-eabi/12.3.1/thumb/v7e-m+fp/hard\libgcc.a(_aeabi_ldivmod.o)
                0x08000d04                __aeabi_ldivmod
 .text          0x08000da4       0x30 C:/ST/STM32CubeIDE_1.10.1/STM32CubeIDE/plugins/com.st.stm32cube.ide.mcu.externaltools.gnu-tools-for-stm32.12.3.rel1.win32_1.0.200.202406191623/tools/bin/../lib/gcc/arm-none-eabi/12.3.1/thumb/v7e-m+fp/hard\libgcc.a(_aeabi_uldivmod.o)
                0x08000da4                __aeabi_uldivmod
 .text          0x08000dd4       0x28 C:/ST/STM32CubeIDE_1.10.1/STM32CubeIDE/plugins/com.st.stm32cube.ide.mcu.externaltools.gnu-tools-for-stm32.12.3.rel1.win32_1.0.200.202406191623/tools/bin/../lib/gcc/arm-none-eabi/12.3.1/thumb/v7e-m+fp/hard\libgcc.a(_fixsfdi.o)
                0x08000dd4                __fixsfdi
                0x08000dd4                __aeabi_f2lz
 .text          0x08000dfc       0x40 C:/ST/STM32CubeIDE_1.10.1/STM32CubeIDE/plugins/com.st.stm32cube.ide.mcu.externaltools.gnu-tools-for-stm32.12.3.rel1.win32_1.0.200.202406191623/tools/bin/../lib/gcc/arm-none-eabi/12.3.1/thumb/v7e-m+fp/hard\libgcc.a(_fixunssfdi.o)
                0x08000dfc                __fixunssfdi
                0x08000dfc                __aeabi_f2ulz
 .text          0x08000e3c      0x2bc C:/ST/STM32CubeIDE_1.10.1/STM32CubeIDE/plugins/com.st.stm32cube.ide.mcu.externaltools.gnu-tools-for-stm32.12.3.rel1.win32_1.0.200.202406191623/tools/bin/../lib/gcc/arm-none-eabi/12.3.1/thumb/v7e-m+fp/hard\libgcc.a(_udivmoddi4.o)
                0x08000e3c                __udivmoddi4
 .text          0x080010f8        0x4 C:/ST/STM32CubeIDE_1.10.1/STM32CubeIDE/plugins/com.st.stm32cube.ide.mcu.externaltools.gnu-tools-for-stm32.12.3.rel1.win32_1.0.200.202406191623/tools/bin/../lib/gcc/arm-none-eabi/12.3.1/thumb/v7e-m+fp/hard\libgcc.a(_dvmd_tls.o)
                0x080010f8                __aeabi_idiv0
                0x080010f8                __aeabi_ldiv0
 .text          0x080010fc       0x40 C:/ST/STM32CubeIDE_1.10.1/STM32CubeIDE/plugins/com.st.stm32cube.ide.mcu.externaltools.gnu-tools-for-stm32.12.3.rel1.win32_1.0.200.202406191623/tools/bin/../lib/gcc/arm-none-eabi/12.3.1/thumb/v7e-m+fp/hard\libgcc.a(_arm_fixunsdfsi.o)
                0x080010fc                __aeabi_d2uiz
                0x080010fc                __fixunsdfsi
 *(.text*)
 .text.init     0x0800113c       0x48 ./Core/Src/GopherCAN_interface.o
                0x0800113c                init
 .text.can_buffer_handling_loop
                0x08001184       0x1c ./Core/Src/GopherCAN_interface.o
                0x08001184                can_buffer_handling_loop
 .text.main_loop
                0x080011a0      0x2b0 ./Core/Src/GopherCAN_interface.o
                0x080011a0                main_loop
 .text.vApplicationGetIdleTaskMemory
                0x08001450       0x34 ./Core/Src/freertos.o
                0x08001450                vApplicationGetIdleTaskMemory
 .text.clear    0x08001484       0x40 ./Core/Src/ledStrip.o
                0x08001484                clear
 .text.write    0x080014c4      0x11c ./Core/Src/ledStrip.o
                0x080014c4                write
 .text.setPixelColor
                0x080015e0       0x54 ./Core/Src/ledStrip.o
                0x080015e0                setPixelColor
 .text.setStripColor
                0x08001634       0x3a ./Core/Src/ledStrip.o
                0x08001634                setStripColor
 *fill*         0x0800166e        0x2 
 .text.setStripBrightness
                0x08001670       0x48 ./Core/Src/ledStrip.o
                0x08001670                setStripBrightness
 .text.map      0x080016b8       0x38 ./Core/Src/ledStrip.o
                0x080016b8                map
 .text.generateRainbow
                0x080016f0      0x27c ./Core/Src/ledStrip.o
                0x080016f0                generateRainbow
 .text.dottedLine
                0x0800196c       0x58 ./Core/Src/ledStrip.o
                0x0800196c                dottedLine
 .text.main     0x080019c4       0x94 ./Core/Src/main.o
                0x080019c4                main
 .text.SystemClock_Config
                0x08001a58       0xd8 ./Core/Src/main.o
                0x08001a58                SystemClock_Config
 .text.MX_ADC1_Init
                0x08001b30       0xa4 ./Core/Src/main.o
 .text.MX_CAN1_Init
                0x08001bd4       0x6c ./Core/Src/main.o
 .text.MX_TIM2_Init
                0x08001c40       0xe8 ./Core/Src/main.o
 .text.MX_TIM3_Init
                0x08001d28       0xec ./Core/Src/main.o
 .text.MX_USART2_UART_Init
                0x08001e14       0x54 ./Core/Src/main.o
 .text.MX_DMA_Init
                0x08001e68       0x50 ./Core/Src/main.o
 .text.MX_GPIO_Init
                0x08001eb8       0xdc ./Core/Src/main.o
 .text.task_main_loop
                0x08001f94       0x16 ./Core/Src/main.o
                0x08001f94                task_main_loop
 .text.task_gcan_hw
                0x08001faa       0x16 ./Core/Src/main.o
                0x08001faa                task_gcan_hw
 .text.HAL_TIM_PeriodElapsedCallback
                0x08001fc0       0x24 ./Core/Src/main.o
                0x08001fc0                HAL_TIM_PeriodElapsedCallback
 .text.Error_Handler
                0x08001fe4        0xc ./Core/Src/main.o
                0x08001fe4                Error_Handler
 .text.HAL_MspInit
                0x08001ff0       0x58 ./Core/Src/stm32f4xx_hal_msp.o
                0x08001ff0                HAL_MspInit
 .text.HAL_ADC_MspInit
                0x08002048       0x88 ./Core/Src/stm32f4xx_hal_msp.o
                0x08002048                HAL_ADC_MspInit
 .text.HAL_CAN_MspInit
                0x080020d0       0xc0 ./Core/Src/stm32f4xx_hal_msp.o
                0x080020d0                HAL_CAN_MspInit
 .text.HAL_TIM_Base_MspInit
                0x08002190      0x150 ./Core/Src/stm32f4xx_hal_msp.o
                0x08002190                HAL_TIM_Base_MspInit
 .text.HAL_TIM_MspPostInit
                0x080022e0       0xc0 ./Core/Src/stm32f4xx_hal_msp.o
                0x080022e0                HAL_TIM_MspPostInit
 .text.HAL_UART_MspInit
                0x080023a0       0x90 ./Core/Src/stm32f4xx_hal_msp.o
                0x080023a0                HAL_UART_MspInit
 .text.HAL_InitTick
                0x08002430       0xf8 ./Core/Src/stm32f4xx_hal_timebase_tim.o
                0x08002430                HAL_InitTick
 .text.NMI_Handler
                0x08002528        0x8 ./Core/Src/stm32f4xx_it.o
                0x08002528                NMI_Handler
 .text.HardFault_Handler
                0x08002530        0x8 ./Core/Src/stm32f4xx_it.o
                0x08002530                HardFault_Handler
 .text.MemManage_Handler
                0x08002538        0x8 ./Core/Src/stm32f4xx_it.o
                0x08002538                MemManage_Handler
 .text.BusFault_Handler
                0x08002540        0x8 ./Core/Src/stm32f4xx_it.o
                0x08002540                BusFault_Handler
 .text.UsageFault_Handler
                0x08002548        0x8 ./Core/Src/stm32f4xx_it.o
                0x08002548                UsageFault_Handler
 .text.DebugMon_Handler
                0x08002550        0xe ./Core/Src/stm32f4xx_it.o
                0x08002550                DebugMon_Handler
 *fill*         0x0800255e        0x2 
 .text.DMA1_Stream2_IRQHandler
                0x08002560       0x14 ./Core/Src/stm32f4xx_it.o
                0x08002560                DMA1_Stream2_IRQHandler
 .text.CAN1_TX_IRQHandler
                0x08002574       0x14 ./Core/Src/stm32f4xx_it.o
                0x08002574                CAN1_TX_IRQHandler
 .text.CAN1_RX0_IRQHandler
                0x08002588       0x14 ./Core/Src/stm32f4xx_it.o
                0x08002588                CAN1_RX0_IRQHandler
 .text.CAN1_RX1_IRQHandler
                0x0800259c       0x14 ./Core/Src/stm32f4xx_it.o
                0x0800259c                CAN1_RX1_IRQHandler
 .text.DMA1_Stream7_IRQHandler
                0x080025b0       0x14 ./Core/Src/stm32f4xx_it.o
                0x080025b0                DMA1_Stream7_IRQHandler
 .text.TIM6_DAC_IRQHandler
                0x080025c4       0x14 ./Core/Src/stm32f4xx_it.o
                0x080025c4                TIM6_DAC_IRQHandler
 .text.SystemInit
                0x080025d8       0x24 ./Core/Src/system_stm32f4xx.o
                0x080025d8                SystemInit
 .text.Reset_Handler
                0x080025fc       0x50 ./Core/Startup/startup_stm32f446retx.o
                0x080025fc                Reset_Handler
 .text.Default_Handler
                0x0800264c        0x2 ./Core/Startup/startup_stm32f446retx.o
                0x0800264c                RTC_Alarm_IRQHandler
                0x0800264c                EXTI2_IRQHandler
                0x0800264c                TIM8_CC_IRQHandler
                0x0800264c                FMPI2C1_EV_IRQHandler
                0x0800264c                SPI4_IRQHandler
                0x0800264c                TIM1_CC_IRQHandler
                0x0800264c                DMA2_Stream5_IRQHandler
                0x0800264c                DMA1_Stream5_IRQHandler
                0x0800264c                PVD_IRQHandler
                0x0800264c                SDIO_IRQHandler
                0x0800264c                TAMP_STAMP_IRQHandler
                0x0800264c                CAN2_RX1_IRQHandler
                0x0800264c                EXTI3_IRQHandler
                0x0800264c                TIM8_TRG_COM_TIM14_IRQHandler
                0x0800264c                TIM1_UP_TIM10_IRQHandler
                0x0800264c                TIM8_UP_TIM13_IRQHandler
                0x0800264c                I2C3_ER_IRQHandler
                0x0800264c                EXTI0_IRQHandler
                0x0800264c                I2C2_EV_IRQHandler
                0x0800264c                FPU_IRQHandler
                0x0800264c                OTG_HS_WKUP_IRQHandler
                0x0800264c                CAN2_SCE_IRQHandler
                0x0800264c                DMA2_Stream2_IRQHandler
                0x0800264c                SPI1_IRQHandler
                0x0800264c                TIM1_BRK_TIM9_IRQHandler
                0x0800264c                DCMI_IRQHandler
                0x0800264c                CAN2_RX0_IRQHandler
                0x0800264c                DMA2_Stream3_IRQHandler
                0x0800264c                SAI2_IRQHandler
                0x0800264c                USART6_IRQHandler
                0x0800264c                USART3_IRQHandler
                0x0800264c                UART5_IRQHandler
                0x0800264c                DMA2_Stream0_IRQHandler
                0x0800264c                TIM4_IRQHandler
                0x0800264c                QUADSPI_IRQHandler
                0x0800264c                I2C1_EV_IRQHandler
                0x0800264c                DMA1_Stream6_IRQHandler
                0x0800264c                DMA1_Stream1_IRQHandler
                0x0800264c                UART4_IRQHandler
                0x0800264c                TIM3_IRQHandler
                0x0800264c                RCC_IRQHandler
                0x0800264c                TIM8_BRK_TIM12_IRQHandler
                0x0800264c                Default_Handler
                0x0800264c                CEC_IRQHandler
                0x0800264c                EXTI15_10_IRQHandler
                0x0800264c                ADC_IRQHandler
                0x0800264c                TIM7_IRQHandler
                0x0800264c                CAN2_TX_IRQHandler
                0x0800264c                TIM5_IRQHandler
                0x0800264c                DMA2_Stream7_IRQHandler
                0x0800264c                I2C3_EV_IRQHandler
                0x0800264c                EXTI9_5_IRQHandler
                0x0800264c                RTC_WKUP_IRQHandler
                0x0800264c                SPDIF_RX_IRQHandler
                0x0800264c                SPI2_IRQHandler
                0x0800264c                OTG_HS_EP1_IN_IRQHandler
                0x0800264c                DMA1_Stream0_IRQHandler
                0x0800264c                FMPI2C1_ER_IRQHandler
                0x0800264c                EXTI4_IRQHandler
                0x0800264c                OTG_HS_EP1_OUT_IRQHandler
                0x0800264c                WWDG_IRQHandler
                0x0800264c                TIM2_IRQHandler
                0x0800264c                OTG_FS_WKUP_IRQHandler
                0x0800264c                TIM1_TRG_COM_TIM11_IRQHandler
                0x0800264c                OTG_HS_IRQHandler
                0x0800264c                EXTI1_IRQHandler
                0x0800264c                USART2_IRQHandler
                0x0800264c                I2C2_ER_IRQHandler
                0x0800264c                DMA2_Stream1_IRQHandler
                0x0800264c                CAN1_SCE_IRQHandler
                0x0800264c                FLASH_IRQHandler
                0x0800264c                DMA2_Stream4_IRQHandler
                0x0800264c                USART1_IRQHandler
                0x0800264c                OTG_FS_IRQHandler
                0x0800264c                SPI3_IRQHandler
                0x0800264c                DMA1_Stream4_IRQHandler
                0x0800264c                I2C1_ER_IRQHandler
                0x0800264c                FMC_IRQHandler
                0x0800264c                DMA2_Stream6_IRQHandler
                0x0800264c                SAI1_IRQHandler
                0x0800264c                DMA1_Stream3_IRQHandler
 *fill*         0x0800264e        0x2 
 .text.init_can
                0x08002650      0x124 ./Core/gophercan-lib/GopherCAN.o
                0x08002650                init_can
 .text.init_filters
                0x08002774      0x18c ./Core/gophercan-lib/GopherCAN.o
 .text.send_parameter
                0x08002900       0x1c ./Core/gophercan-lib/GopherCAN.o
                0x08002900                send_parameter
 .text.send_group
                0x0800291c      0x158 ./Core/gophercan-lib/GopherCAN.o
                0x0800291c                send_group
 .text.encode_parameter
                0x08002a74      0x468 ./Core/gophercan-lib/GopherCAN.o
 .text.decode_parameter
                0x08002edc      0x3b4 ./Core/gophercan-lib/GopherCAN.o
 .text.service_can_tx_hardware
                0x08003290       0x84 ./Core/gophercan-lib/GopherCAN.o
 .text.service_can_tx
                0x08003314       0x60 ./Core/gophercan-lib/GopherCAN.o
                0x08003314                service_can_tx
 .text.service_can_rx_hardware
                0x08003374       0xb4 ./Core/gophercan-lib/GopherCAN.o
                0x08003374                service_can_rx_hardware
 .text.service_can_rx_buffer
                0x08003428       0x60 ./Core/gophercan-lib/GopherCAN.o
                0x08003428                service_can_rx_buffer
 .text.tx_can_message
                0x08003488       0x54 ./Core/gophercan-lib/GopherCAN.o
 .text.service_can_rx_message_std
                0x080034dc      0x150 ./Core/gophercan-lib/GopherCAN.o
 .text.service_can_rx_message_ext
                0x0800362c       0xb4 ./Core/gophercan-lib/GopherCAN.o
 .text.parameter_requested
                0x080036e0       0x64 ./Core/gophercan-lib/GopherCAN.o
 .text.run_can_command
                0x08003744       0xb4 ./Core/gophercan-lib/GopherCAN.o
 .text.build_message_id
                0x080037f8       0xaa ./Core/gophercan-lib/GopherCAN.o
 .text.get_message_id
                0x080038a2       0x6e ./Core/gophercan-lib/GopherCAN.o
 .text.send_error_message
                0x08003910       0x60 ./Core/gophercan-lib/GopherCAN.o
 .text.do_nothing
                0x08003970       0x24 ./Core/gophercan-lib/GopherCAN.o
                0x08003970                do_nothing
 .text.GCAN_RxMsgPendingCallback
                0x08003994       0x1a ./Core/gophercan-lib/GopherCAN.o
                0x08003994                GCAN_RxMsgPendingCallback
 .text.HAL_CAN_RxFifo0MsgPendingCallback
                0x080039ae       0x18 ./Core/gophercan-lib/GopherCAN.o
                0x080039ae                HAL_CAN_RxFifo0MsgPendingCallback
 .text.HAL_CAN_RxFifo1MsgPendingCallback
                0x080039c6       0x18 ./Core/gophercan-lib/GopherCAN.o
                0x080039c6                HAL_CAN_RxFifo1MsgPendingCallback
 .text.HAL_CAN_TxMailbox0CompleteCallback
                0x080039de       0x16 ./Core/gophercan-lib/GopherCAN.o
                0x080039de                HAL_CAN_TxMailbox0CompleteCallback
 .text.HAL_CAN_TxMailbox1CompleteCallback
                0x080039f4       0x16 ./Core/gophercan-lib/GopherCAN.o
                0x080039f4                HAL_CAN_TxMailbox1CompleteCallback
 .text.HAL_CAN_TxMailbox2CompleteCallback
                0x08003a0a       0x16 ./Core/gophercan-lib/GopherCAN.o
                0x08003a0a                HAL_CAN_TxMailbox2CompleteCallback
 .text.HAL_CAN_TxMailbox0AbortCallback
                0x08003a20       0x16 ./Core/gophercan-lib/GopherCAN.o
                0x08003a20                HAL_CAN_TxMailbox0AbortCallback
 .text.HAL_CAN_TxMailbox1AbortCallback
                0x08003a36       0x16 ./Core/gophercan-lib/GopherCAN.o
                0x08003a36                HAL_CAN_TxMailbox1AbortCallback
 .text.HAL_CAN_TxMailbox2AbortCallback
                0x08003a4c       0x16 ./Core/gophercan-lib/GopherCAN.o
                0x08003a4c                HAL_CAN_TxMailbox2AbortCallback
 *fill*         0x08003a62        0x2 
 .text.choose_tx_buffer_from_hcan
                0x08003a64       0x1c ./Core/gophercan-lib/GopherCAN_buffers.o
                0x08003a64                choose_tx_buffer_from_hcan
 .text.choose_hcan_from_tx_buffer
                0x08003a80       0x1c ./Core/gophercan-lib/GopherCAN_buffers.o
                0x08003a80                choose_hcan_from_tx_buffer
 .text.choose_tx_buffer_from_dest_module
                0x08003a9c       0x1c ./Core/gophercan-lib/GopherCAN_buffers.o
                0x08003a9c                choose_tx_buffer_from_dest_module
 .text.remove_from_front
                0x08003ab8       0x44 ./Core/gophercan-lib/GopherCAN_buffers.o
                0x08003ab8                remove_from_front
 .text.add_message_by_highest_prio
                0x08003afc      0x1b8 ./Core/gophercan-lib/GopherCAN_buffers.o
                0x08003afc                add_message_by_highest_prio
 .text.copy_message
                0x08003cb4       0x52 ./Core/gophercan-lib/GopherCAN_buffers.o
 *fill*         0x08003d06        0x2 
 .text.HAL_Init
                0x08003d08       0x44 ./Drivers/STM32F4xx_HAL_Driver/Src/stm32f4xx_hal.o
                0x08003d08                HAL_Init
 .text.HAL_IncTick
                0x08003d4c       0x28 ./Drivers/STM32F4xx_HAL_Driver/Src/stm32f4xx_hal.o
                0x08003d4c                HAL_IncTick
 .text.HAL_GetTick
                0x08003d74       0x18 ./Drivers/STM32F4xx_HAL_Driver/Src/stm32f4xx_hal.o
                0x08003d74                HAL_GetTick
 .text.HAL_SetTickFreq
                0x08003d8c       0x50 ./Drivers/STM32F4xx_HAL_Driver/Src/stm32f4xx_hal.o
                0x08003d8c                HAL_SetTickFreq
 .text.HAL_ADC_Init
                0x08003ddc       0x86 ./Drivers/STM32F4xx_HAL_Driver/Src/stm32f4xx_hal_adc.o
                0x08003ddc                HAL_ADC_Init
 *fill*         0x08003e62        0x2 
 .text.HAL_ADC_ConfigChannel
                0x08003e64      0x264 ./Drivers/STM32F4xx_HAL_Driver/Src/stm32f4xx_hal_adc.o
                0x08003e64                HAL_ADC_ConfigChannel
 .text.ADC_Init
                0x080040c8      0x1f8 ./Drivers/STM32F4xx_HAL_Driver/Src/stm32f4xx_hal_adc.o
 .text.HAL_CAN_Init
                0x080042c0      0x1f6 ./Drivers/STM32F4xx_HAL_Driver/Src/stm32f4xx_hal_can.o
                0x080042c0                HAL_CAN_Init
 *fill*         0x080044b6        0x2 
 .text.HAL_CAN_ConfigFilter
                0x080044b8      0x1c0 ./Drivers/STM32F4xx_HAL_Driver/Src/stm32f4xx_hal_can.o
                0x080044b8                HAL_CAN_ConfigFilter
 .text.HAL_CAN_Start
                0x08004678       0x88 ./Drivers/STM32F4xx_HAL_Driver/Src/stm32f4xx_hal_can.o
                0x08004678                HAL_CAN_Start
 .text.HAL_CAN_AddTxMessage
                0x08004700      0x1b6 ./Drivers/STM32F4xx_HAL_Driver/Src/stm32f4xx_hal_can.o
                0x08004700                HAL_CAN_AddTxMessage
 .text.HAL_CAN_GetTxMailboxesFreeLevel
                0x080048b6       0x6a ./Drivers/STM32F4xx_HAL_Driver/Src/stm32f4xx_hal_can.o
                0x080048b6                HAL_CAN_GetTxMailboxesFreeLevel
 .text.HAL_CAN_GetRxMessage
                0x08004920      0x224 ./Drivers/STM32F4xx_HAL_Driver/Src/stm32f4xx_hal_can.o
                0x08004920                HAL_CAN_GetRxMessage
 .text.HAL_CAN_GetRxFifoFillLevel
                0x08004b44       0x50 ./Drivers/STM32F4xx_HAL_Driver/Src/stm32f4xx_hal_can.o
                0x08004b44                HAL_CAN_GetRxFifoFillLevel
 .text.HAL_CAN_ActivateNotification
                0x08004b94       0x4c ./Drivers/STM32F4xx_HAL_Driver/Src/stm32f4xx_hal_can.o
                0x08004b94                HAL_CAN_ActivateNotification
 .text.HAL_CAN_DeactivateNotification
                0x08004be0       0x4e ./Drivers/STM32F4xx_HAL_Driver/Src/stm32f4xx_hal_can.o
                0x08004be0                HAL_CAN_DeactivateNotification
 .text.HAL_CAN_IRQHandler
                0x08004c2e      0x36e ./Drivers/STM32F4xx_HAL_Driver/Src/stm32f4xx_hal_can.o
                0x08004c2e                HAL_CAN_IRQHandler
 .text.HAL_CAN_RxFifo0FullCallback
                0x08004f9c       0x14 ./Drivers/STM32F4xx_HAL_Driver/Src/stm32f4xx_hal_can.o
                0x08004f9c                HAL_CAN_RxFifo0FullCallback
 .text.HAL_CAN_RxFifo1FullCallback
                0x08004fb0       0x14 ./Drivers/STM32F4xx_HAL_Driver/Src/stm32f4xx_hal_can.o
                0x08004fb0                HAL_CAN_RxFifo1FullCallback
 .text.HAL_CAN_SleepCallback
                0x08004fc4       0x14 ./Drivers/STM32F4xx_HAL_Driver/Src/stm32f4xx_hal_can.o
                0x08004fc4                HAL_CAN_SleepCallback
 .text.HAL_CAN_WakeUpFromRxMsgCallback
                0x08004fd8       0x14 ./Drivers/STM32F4xx_HAL_Driver/Src/stm32f4xx_hal_can.o
                0x08004fd8                HAL_CAN_WakeUpFromRxMsgCallback
 .text.HAL_CAN_ErrorCallback
                0x08004fec       0x14 ./Drivers/STM32F4xx_HAL_Driver/Src/stm32f4xx_hal_can.o
                0x08004fec                HAL_CAN_ErrorCallback
 .text.__NVIC_SetPriorityGrouping
                0x08005000       0x48 ./Drivers/STM32F4xx_HAL_Driver/Src/stm32f4xx_hal_cortex.o
 .text.__NVIC_GetPriorityGrouping
                0x08005048       0x1c ./Drivers/STM32F4xx_HAL_Driver/Src/stm32f4xx_hal_cortex.o
 .text.__NVIC_EnableIRQ
                0x08005064       0x3c ./Drivers/STM32F4xx_HAL_Driver/Src/stm32f4xx_hal_cortex.o
 .text.__NVIC_SetPriority
                0x080050a0       0x54 ./Drivers/STM32F4xx_HAL_Driver/Src/stm32f4xx_hal_cortex.o
 .text.NVIC_EncodePriority
                0x080050f4       0x66 ./Drivers/STM32F4xx_HAL_Driver/Src/stm32f4xx_hal_cortex.o
 .text.HAL_NVIC_SetPriorityGrouping
                0x0800515a       0x16 ./Drivers/STM32F4xx_HAL_Driver/Src/stm32f4xx_hal_cortex.o
                0x0800515a                HAL_NVIC_SetPriorityGrouping
 .text.HAL_NVIC_SetPriority
                0x08005170       0x38 ./Drivers/STM32F4xx_HAL_Driver/Src/stm32f4xx_hal_cortex.o
                0x08005170                HAL_NVIC_SetPriority
 .text.HAL_NVIC_EnableIRQ
                0x080051a8       0x1c ./Drivers/STM32F4xx_HAL_Driver/Src/stm32f4xx_hal_cortex.o
                0x080051a8                HAL_NVIC_EnableIRQ
 .text.HAL_DMA_Init
                0x080051c4      0x15c ./Drivers/STM32F4xx_HAL_Driver/Src/stm32f4xx_hal_dma.o
                0x080051c4                HAL_DMA_Init
 .text.HAL_DMA_Start_IT
                0x08005320       0xb0 ./Drivers/STM32F4xx_HAL_Driver/Src/stm32f4xx_hal_dma.o
                0x08005320                HAL_DMA_Start_IT
 .text.HAL_DMA_IRQHandler
                0x080053d0      0x314 ./Drivers/STM32F4xx_HAL_Driver/Src/stm32f4xx_hal_dma.o
                0x080053d0                HAL_DMA_IRQHandler
 .text.DMA_SetConfig
                0x080056e4       0x5c ./Drivers/STM32F4xx_HAL_Driver/Src/stm32f4xx_hal_dma.o
 .text.DMA_CalcBaseAndBitshift
                0x08005740       0x6c ./Drivers/STM32F4xx_HAL_Driver/Src/stm32f4xx_hal_dma.o
 .text.DMA_CheckFifoParam
                0x080057ac       0xf8 ./Drivers/STM32F4xx_HAL_Driver/Src/stm32f4xx_hal_dma.o
 .text.HAL_GPIO_Init
                0x080058a4      0x328 ./Drivers/STM32F4xx_HAL_Driver/Src/stm32f4xx_hal_gpio.o
                0x080058a4                HAL_GPIO_Init
 .text.HAL_GPIO_WritePin
                0x08005bcc       0x32 ./Drivers/STM32F4xx_HAL_Driver/Src/stm32f4xx_hal_gpio.o
                0x08005bcc                HAL_GPIO_WritePin
 *fill*         0x08005bfe        0x2 
 .text.HAL_RCC_ClockConfig
                0x08005c00      0x1cc ./Drivers/STM32F4xx_HAL_Driver/Src/stm32f4xx_hal_rcc.o
                0x08005c00                HAL_RCC_ClockConfig
 .text.HAL_RCC_GetHCLKFreq
                0x08005dcc       0x18 ./Drivers/STM32F4xx_HAL_Driver/Src/stm32f4xx_hal_rcc.o
                0x08005dcc                HAL_RCC_GetHCLKFreq
 .text.HAL_RCC_GetPCLK1Freq
                0x08005de4       0x28 ./Drivers/STM32F4xx_HAL_Driver/Src/stm32f4xx_hal_rcc.o
                0x08005de4                HAL_RCC_GetPCLK1Freq
 .text.HAL_RCC_GetPCLK2Freq
                0x08005e0c       0x28 ./Drivers/STM32F4xx_HAL_Driver/Src/stm32f4xx_hal_rcc.o
                0x08005e0c                HAL_RCC_GetPCLK2Freq
 .text.HAL_RCC_GetClockConfig
                0x08005e34       0x64 ./Drivers/STM32F4xx_HAL_Driver/Src/stm32f4xx_hal_rcc.o
                0x08005e34                HAL_RCC_GetClockConfig
 .text.HAL_RCC_GetSysClockFreq
                0x08005e98      0x354 ./Drivers/STM32F4xx_HAL_Driver/Src/stm32f4xx_hal_rcc_ex.o
                0x08005e98                HAL_RCC_GetSysClockFreq
 .text.HAL_RCC_OscConfig
                0x080061ec      0x53c ./Drivers/STM32F4xx_HAL_Driver/Src/stm32f4xx_hal_rcc_ex.o
                0x080061ec                HAL_RCC_OscConfig
 .text.HAL_TIM_Base_Init
                0x08006728       0x9e ./Drivers/STM32F4xx_HAL_Driver/Src/stm32f4xx_hal_tim.o
                0x08006728                HAL_TIM_Base_Init
 *fill*         0x080067c6        0x2 
 .text.HAL_TIM_Base_Start_IT
                0x080067c8       0xe0 ./Drivers/STM32F4xx_HAL_Driver/Src/stm32f4xx_hal_tim.o
                0x080067c8                HAL_TIM_Base_Start_IT
 .text.HAL_TIM_PWM_Init
                0x080068a8       0x9e ./Drivers/STM32F4xx_HAL_Driver/Src/stm32f4xx_hal_tim.o
                0x080068a8                HAL_TIM_PWM_Init
 .text.HAL_TIM_PWM_MspInit
                0x08006946       0x14 ./Drivers/STM32F4xx_HAL_Driver/Src/stm32f4xx_hal_tim.o
                0x08006946                HAL_TIM_PWM_MspInit
 *fill*         0x0800695a        0x2 
 .text.HAL_TIM_PWM_Start_DMA
                0x0800695c      0x390 ./Drivers/STM32F4xx_HAL_Driver/Src/stm32f4xx_hal_tim.o
                0x0800695c                HAL_TIM_PWM_Start_DMA
 .text.HAL_TIM_IRQHandler
                0x08006cec      0x210 ./Drivers/STM32F4xx_HAL_Driver/Src/stm32f4xx_hal_tim.o
                0x08006cec                HAL_TIM_IRQHandler
 .text.HAL_TIM_PWM_ConfigChannel
                0x08006efc      0x184 ./Drivers/STM32F4xx_HAL_Driver/Src/stm32f4xx_hal_tim.o
                0x08006efc                HAL_TIM_PWM_ConfigChannel
 .text.HAL_TIM_ConfigClockSource
                0x08007080      0x18e ./Drivers/STM32F4xx_HAL_Driver/Src/stm32f4xx_hal_tim.o
                0x08007080                HAL_TIM_ConfigClockSource
 .text.HAL_TIM_OC_DelayElapsedCallback
                0x0800720e       0x14 ./Drivers/STM32F4xx_HAL_Driver/Src/stm32f4xx_hal_tim.o
                0x0800720e                HAL_TIM_OC_DelayElapsedCallback
 .text.HAL_TIM_IC_CaptureCallback
                0x08007222       0x14 ./Drivers/STM32F4xx_HAL_Driver/Src/stm32f4xx_hal_tim.o
                0x08007222                HAL_TIM_IC_CaptureCallback
 .text.HAL_TIM_PWM_PulseFinishedCallback
                0x08007236       0x14 ./Drivers/STM32F4xx_HAL_Driver/Src/stm32f4xx_hal_tim.o
                0x08007236                HAL_TIM_PWM_PulseFinishedCallback
 .text.HAL_TIM_PWM_PulseFinishedHalfCpltCallback
                0x0800724a       0x14 ./Drivers/STM32F4xx_HAL_Driver/Src/stm32f4xx_hal_tim.o
                0x0800724a                HAL_TIM_PWM_PulseFinishedHalfCpltCallback
 .text.HAL_TIM_TriggerCallback
                0x0800725e       0x14 ./Drivers/STM32F4xx_HAL_Driver/Src/stm32f4xx_hal_tim.o
                0x0800725e                HAL_TIM_TriggerCallback
 .text.HAL_TIM_ErrorCallback
                0x08007272       0x14 ./Drivers/STM32F4xx_HAL_Driver/Src/stm32f4xx_hal_tim.o
                0x08007272                HAL_TIM_ErrorCallback
 .text.TIM_DMAError
                0x08007286       0x92 ./Drivers/STM32F4xx_HAL_Driver/Src/stm32f4xx_hal_tim.o
                0x08007286                TIM_DMAError
 .text.TIM_DMADelayPulseCplt
                0x08007318       0xa8 ./Drivers/STM32F4xx_HAL_Driver/Src/stm32f4xx_hal_tim.o
 .text.TIM_DMADelayPulseHalfCplt
                0x080073c0       0x68 ./Drivers/STM32F4xx_HAL_Driver/Src/stm32f4xx_hal_tim.o
                0x080073c0                TIM_DMADelayPulseHalfCplt
 .text.TIM_Base_SetConfig
                0x08007428      0x140 ./Drivers/STM32F4xx_HAL_Driver/Src/stm32f4xx_hal_tim.o
                0x08007428                TIM_Base_SetConfig
 .text.TIM_OC1_SetConfig
                0x08007568       0xe0 ./Drivers/STM32F4xx_HAL_Driver/Src/stm32f4xx_hal_tim.o
 .text.TIM_OC2_SetConfig
                0x08007648       0xec ./Drivers/STM32F4xx_HAL_Driver/Src/stm32f4xx_hal_tim.o
                0x08007648                TIM_OC2_SetConfig
 .text.TIM_OC3_SetConfig
                0x08007734       0xe8 ./Drivers/STM32F4xx_HAL_Driver/Src/stm32f4xx_hal_tim.o
 .text.TIM_OC4_SetConfig
                0x0800781c       0xac ./Drivers/STM32F4xx_HAL_Driver/Src/stm32f4xx_hal_tim.o
 .text.TIM_TI1_ConfigInputStage
                0x080078c8       0x5e ./Drivers/STM32F4xx_HAL_Driver/Src/stm32f4xx_hal_tim.o
 .text.TIM_TI2_ConfigInputStage
                0x08007926       0x60 ./Drivers/STM32F4xx_HAL_Driver/Src/stm32f4xx_hal_tim.o
 .text.TIM_ITRx_SetConfig
                0x08007986       0x36 ./Drivers/STM32F4xx_HAL_Driver/Src/stm32f4xx_hal_tim.o
 .text.TIM_ETR_SetConfig
                0x080079bc       0x40 ./Drivers/STM32F4xx_HAL_Driver/Src/stm32f4xx_hal_tim.o
                0x080079bc                TIM_ETR_SetConfig
 .text.TIM_CCxChannelCmd
                0x080079fc       0x4a ./Drivers/STM32F4xx_HAL_Driver/Src/stm32f4xx_hal_tim.o
                0x080079fc                TIM_CCxChannelCmd
 *fill*         0x08007a46        0x2 
 .text.HAL_TIMEx_MasterConfigSynchronization
                0x08007a48       0xf8 ./Drivers/STM32F4xx_HAL_Driver/Src/stm32f4xx_hal_tim_ex.o
                0x08007a48                HAL_TIMEx_MasterConfigSynchronization
 .text.HAL_TIMEx_CommutCallback
                0x08007b40       0x14 ./Drivers/STM32F4xx_HAL_Driver/Src/stm32f4xx_hal_tim_ex.o
                0x08007b40                HAL_TIMEx_CommutCallback
 .text.HAL_TIMEx_BreakCallback
                0x08007b54       0x14 ./Drivers/STM32F4xx_HAL_Driver/Src/stm32f4xx_hal_tim_ex.o
                0x08007b54                HAL_TIMEx_BreakCallback
 .text.HAL_UART_Init
                0x08007b68       0x9a ./Drivers/STM32F4xx_HAL_Driver/Src/stm32f4xx_hal_uart.o
                0x08007b68                HAL_UART_Init
 *fill*         0x08007c02        0x2 
 .text.UART_SetConfig
                0x08007c04      0x4e8 ./Drivers/STM32F4xx_HAL_Driver/Src/stm32f4xx_hal_uart.o
 .text.makeFreeRtosPriority
                0x080080ec       0x30 ./Middlewares/Third_Party/FreeRTOS/Source/CMSIS_RTOS/cmsis_os.o
 .text.inHandlerMode
                0x0800811c       0x24 ./Middlewares/Third_Party/FreeRTOS/Source/CMSIS_RTOS/cmsis_os.o
 .text.osKernelStart
                0x08008140        0xe ./Middlewares/Third_Party/FreeRTOS/Source/CMSIS_RTOS/cmsis_os.o
                0x08008140                osKernelStart
 .text.osThreadCreate
                0x0800814e       0x98 ./Middlewares/Third_Party/FreeRTOS/Source/CMSIS_RTOS/cmsis_os.o
                0x0800814e                osThreadCreate
 .text.osDelay  0x080081e6       0x28 ./Middlewares/Third_Party/FreeRTOS/Source/CMSIS_RTOS/cmsis_os.o
                0x080081e6                osDelay
 .text.osMutexCreate
                0x0800820e       0x30 ./Middlewares/Third_Party/FreeRTOS/Source/CMSIS_RTOS/cmsis_os.o
                0x0800820e                osMutexCreate
 *fill*         0x0800823e        0x2 
 .text.osMutexWait
                0x08008240       0x9c ./Middlewares/Third_Party/FreeRTOS/Source/CMSIS_RTOS/cmsis_os.o
                0x08008240                osMutexWait
 .text.osMutexRelease
                0x080082dc       0x6c ./Middlewares/Third_Party/FreeRTOS/Source/CMSIS_RTOS/cmsis_os.o
                0x080082dc                osMutexRelease
 .text.vListInitialise
                0x08008348       0x40 ./Middlewares/Third_Party/FreeRTOS/Source/list.o
                0x08008348                vListInitialise
 .text.vListInitialiseItem
                0x08008388       0x1a ./Middlewares/Third_Party/FreeRTOS/Source/list.o
                0x08008388                vListInitialiseItem
 .text.vListInsertEnd
                0x080083a2       0x48 ./Middlewares/Third_Party/FreeRTOS/Source/list.o
                0x080083a2                vListInsertEnd
 .text.vListInsert
                0x080083ea       0x72 ./Middlewares/Third_Party/FreeRTOS/Source/list.o
                0x080083ea                vListInsert
 .text.uxListRemove
                0x0800845c       0x54 ./Middlewares/Third_Party/FreeRTOS/Source/list.o
                0x0800845c                uxListRemove
 .text.xQueueGenericReset
                0x080084b0       0xd4 ./Middlewares/Third_Party/FreeRTOS/Source/queue.o
                0x080084b0                xQueueGenericReset
 .text.xQueueGenericCreateStatic
                0x08008584       0xfa ./Middlewares/Third_Party/FreeRTOS/Source/queue.o
                0x08008584                xQueueGenericCreateStatic
 .text.xQueueGenericCreate
                0x0800867e       0x76 ./Middlewares/Third_Party/FreeRTOS/Source/queue.o
                0x0800867e                xQueueGenericCreate
 .text.prvInitialiseNewQueue
                0x080086f4       0x3e ./Middlewares/Third_Party/FreeRTOS/Source/queue.o
 .text.prvInitialiseMutex
                0x08008732       0x34 ./Middlewares/Third_Party/FreeRTOS/Source/queue.o
 .text.xQueueCreateMutex
                0x08008766       0x30 ./Middlewares/Third_Party/FreeRTOS/Source/queue.o
                0x08008766                xQueueCreateMutex
 .text.xQueueCreateMutexStatic
                0x08008796       0x36 ./Middlewares/Third_Party/FreeRTOS/Source/queue.o
                0x08008796                xQueueCreateMutexStatic
 .text.xQueueGenericSend
                0x080087cc      0x204 ./Middlewares/Third_Party/FreeRTOS/Source/queue.o
                0x080087cc                xQueueGenericSend
 .text.xQueueGiveFromISR
                0x080089d0      0x120 ./Middlewares/Third_Party/FreeRTOS/Source/queue.o
                0x080089d0                xQueueGiveFromISR
 .text.xQueueSemaphoreTake
                0x08008af0      0x220 ./Middlewares/Third_Party/FreeRTOS/Source/queue.o
                0x08008af0                xQueueSemaphoreTake
 .text.xQueueReceiveFromISR
                0x08008d10      0x104 ./Middlewares/Third_Party/FreeRTOS/Source/queue.o
                0x08008d10                xQueueReceiveFromISR
 .text.prvGetDisinheritPriorityAfterTimeout
                0x08008e14       0x30 ./Middlewares/Third_Party/FreeRTOS/Source/queue.o
 .text.prvCopyDataToQueue
                0x08008e44       0xd4 ./Middlewares/Third_Party/FreeRTOS/Source/queue.o
 .text.prvCopyDataFromQueue
                0x08008f18       0x4c ./Middlewares/Third_Party/FreeRTOS/Source/queue.o
 .text.prvUnlockQueue
                0x08008f64       0xa4 ./Middlewares/Third_Party/FreeRTOS/Source/queue.o
 .text.prvIsQueueEmpty
                0x08009008       0x2c ./Middlewares/Third_Party/FreeRTOS/Source/queue.o
 .text.prvIsQueueFull
                0x08009034       0x30 ./Middlewares/Third_Party/FreeRTOS/Source/queue.o
 .text.xTaskCreateStatic
                0x08009064       0xc0 ./Middlewares/Third_Party/FreeRTOS/Source/tasks.o
                0x08009064                xTaskCreateStatic
 .text.xTaskCreate
                0x08009124       0x8a ./Middlewares/Third_Party/FreeRTOS/Source/tasks.o
                0x08009124                xTaskCreate
 *fill*         0x080091ae        0x2 
 .text.prvInitialiseNewTask
                0x080091b0      0x140 ./Middlewares/Third_Party/FreeRTOS/Source/tasks.o
 .text.prvAddNewTaskToReadyList
                0x080092f0       0xd4 ./Middlewares/Third_Party/FreeRTOS/Source/tasks.o
 .text.vTaskDelay
                0x080093c4       0x6c ./Middlewares/Third_Party/FreeRTOS/Source/tasks.o
                0x080093c4                vTaskDelay
 .text.vTaskStartScheduler
                0x08009430       0xd4 ./Middlewares/Third_Party/FreeRTOS/Source/tasks.o
                0x08009430                vTaskStartScheduler
 .text.vTaskSuspendAll
                0x08009504       0x1c ./Middlewares/Third_Party/FreeRTOS/Source/tasks.o
                0x08009504                vTaskSuspendAll
 .text.xTaskResumeAll
                0x08009520      0x13c ./Middlewares/Third_Party/FreeRTOS/Source/tasks.o
                0x08009520                xTaskResumeAll
 .text.xTaskIncrementTick
                0x0800965c      0x174 ./Middlewares/Third_Party/FreeRTOS/Source/tasks.o
                0x0800965c                xTaskIncrementTick
 .text.vTaskSwitchContext
                0x080097d0       0xc8 ./Middlewares/Third_Party/FreeRTOS/Source/tasks.o
                0x080097d0                vTaskSwitchContext
 .text.vTaskPlaceOnEventList
                0x08009898       0x4c ./Middlewares/Third_Party/FreeRTOS/Source/tasks.o
                0x08009898                vTaskPlaceOnEventList
 .text.xTaskRemoveFromEventList
                0x080098e4       0xc8 ./Middlewares/Third_Party/FreeRTOS/Source/tasks.o
                0x080098e4                xTaskRemoveFromEventList
 .text.vTaskInternalSetTimeOutState
                0x080099ac       0x2c ./Middlewares/Third_Party/FreeRTOS/Source/tasks.o
                0x080099ac                vTaskInternalSetTimeOutState
 .text.xTaskCheckForTimeOut
                0x080099d8       0xc8 ./Middlewares/Third_Party/FreeRTOS/Source/tasks.o
                0x080099d8                xTaskCheckForTimeOut
 .text.vTaskMissedYield
                0x08009aa0       0x18 ./Middlewares/Third_Party/FreeRTOS/Source/tasks.o
                0x08009aa0                vTaskMissedYield
 .text.prvIdleTask
                0x08009ab8       0x30 ./Middlewares/Third_Party/FreeRTOS/Source/tasks.o
 .text.prvInitialiseTaskLists
                0x08009ae8       0x80 ./Middlewares/Third_Party/FreeRTOS/Source/tasks.o
 .text.prvCheckTasksWaitingTermination
                0x08009b68       0x5c ./Middlewares/Third_Party/FreeRTOS/Source/tasks.o
 .text.prvDeleteTCB
                0x08009bc4       0x6a ./Middlewares/Third_Party/FreeRTOS/Source/tasks.o
 *fill*         0x08009c2e        0x2 
 .text.prvResetNextTaskUnblockTime
                0x08009c30       0x40 ./Middlewares/Third_Party/FreeRTOS/Source/tasks.o
 .text.xTaskGetSchedulerState
                0x08009c70       0x3c ./Middlewares/Third_Party/FreeRTOS/Source/tasks.o
                0x08009c70                xTaskGetSchedulerState
 .text.xTaskPriorityInherit
                0x08009cac       0xec ./Middlewares/Third_Party/FreeRTOS/Source/tasks.o
                0x08009cac                xTaskPriorityInherit
 .text.xTaskPriorityDisinherit
                0x08009d98      0x110 ./Middlewares/Third_Party/FreeRTOS/Source/tasks.o
                0x08009d98                xTaskPriorityDisinherit
 .text.vTaskPriorityDisinheritAfterTimeout
                0x08009ea8      0x120 ./Middlewares/Third_Party/FreeRTOS/Source/tasks.o
                0x08009ea8                vTaskPriorityDisinheritAfterTimeout
 .text.pvTaskIncrementMutexHeldCount
                0x08009fc8       0x28 ./Middlewares/Third_Party/FreeRTOS/Source/tasks.o
                0x08009fc8                pvTaskIncrementMutexHeldCount
 .text.prvAddCurrentTaskToDelayedList
                0x08009ff0       0xcc ./Middlewares/Third_Party/FreeRTOS/Source/tasks.o
 .text.pxPortInitialiseStack
                0x0800a0bc       0x68 ./Middlewares/Third_Party/FreeRTOS/Source/portable/GCC/ARM_CM4F/port.o
                0x0800a0bc                pxPortInitialiseStack
 .text.prvTaskExitError
                0x0800a124       0x5c ./Middlewares/Third_Party/FreeRTOS/Source/portable/GCC/ARM_CM4F/port.o
 .text.SVC_Handler
                0x0800a180       0x28 ./Middlewares/Third_Party/FreeRTOS/Source/portable/GCC/ARM_CM4F/port.o
                0x0800a180                SVC_Handler
 .text.prvPortStartFirstTask
                0x0800a1a8       0x28 ./Middlewares/Third_Party/FreeRTOS/Source/portable/GCC/ARM_CM4F/port.o
 .text.xPortStartScheduler
                0x0800a1d0      0x148 ./Middlewares/Third_Party/FreeRTOS/Source/portable/GCC/ARM_CM4F/port.o
                0x0800a1d0                xPortStartScheduler
 .text.vPortEnterCritical
                0x0800a318       0x64 ./Middlewares/Third_Party/FreeRTOS/Source/portable/GCC/ARM_CM4F/port.o
                0x0800a318                vPortEnterCritical
 .text.vPortExitCritical
                0x0800a37c       0x54 ./Middlewares/Third_Party/FreeRTOS/Source/portable/GCC/ARM_CM4F/port.o
                0x0800a37c                vPortExitCritical
 .text.PendSV_Handler
                0x0800a3d0       0x68 ./Middlewares/Third_Party/FreeRTOS/Source/portable/GCC/ARM_CM4F/port.o
                0x0800a3d0                PendSV_Handler
 .text.SysTick_Handler
                0x0800a438       0x44 ./Middlewares/Third_Party/FreeRTOS/Source/portable/GCC/ARM_CM4F/port.o
                0x0800a438                SysTick_Handler
 .text.vPortSetupTimerInterrupt
                0x0800a47c       0x48 ./Middlewares/Third_Party/FreeRTOS/Source/portable/GCC/ARM_CM4F/port.o
                0x0800a47c                vPortSetupTimerInterrupt
 .text.vPortEnableVFP
                0x0800a4c4       0x14 ./Middlewares/Third_Party/FreeRTOS/Source/portable/GCC/ARM_CM4F/port.o
 .text.vPortValidateInterruptPriority
                0x0800a4d8       0x84 ./Middlewares/Third_Party/FreeRTOS/Source/portable/GCC/ARM_CM4F/port.o
                0x0800a4d8                vPortValidateInterruptPriority
 .text.pvPortMalloc
                0x0800a55c      0x19c ./Middlewares/Third_Party/FreeRTOS/Source/portable/MemMang/heap_4.o
                0x0800a55c                pvPortMalloc
 .text.vPortFree
                0x0800a6f8       0xc8 ./Middlewares/Third_Party/FreeRTOS/Source/portable/MemMang/heap_4.o
                0x0800a6f8                vPortFree
 .text.prvHeapInit
                0x0800a7c0       0xc4 ./Middlewares/Third_Party/FreeRTOS/Source/portable/MemMang/heap_4.o
 .text.prvInsertBlockIntoFreeList
                0x0800a884       0xb4 ./Middlewares/Third_Party/FreeRTOS/Source/portable/MemMang/heap_4.o
 .text.memset   0x0800a938       0x10 C:/ST/STM32CubeIDE_1.10.1/STM32CubeIDE/plugins/com.st.stm32cube.ide.mcu.externaltools.gnu-tools-for-stm32.12.3.rel1.win32_1.0.200.202406191623/tools/bin/../lib/gcc/arm-none-eabi/12.3.1/../../../../arm-none-eabi/lib/thumb/v7e-m+fp/hard\libc_nano.a(libc_a-memset.o)
                0x0800a938                memset
 .text._reclaim_reent
                0x0800a948       0xac C:/ST/STM32CubeIDE_1.10.1/STM32CubeIDE/plugins/com.st.stm32cube.ide.mcu.externaltools.gnu-tools-for-stm32.12.3.rel1.win32_1.0.200.202406191623/tools/bin/../lib/gcc/arm-none-eabi/12.3.1/../../../../arm-none-eabi/lib/thumb/v7e-m+fp/hard\libc_nano.a(libc_a-reent.o)
                0x0800a948                _reclaim_reent
 .text.__errno  0x0800a9f4        0xc C:/ST/STM32CubeIDE_1.10.1/STM32CubeIDE/plugins/com.st.stm32cube.ide.mcu.externaltools.gnu-tools-for-stm32.12.3.rel1.win32_1.0.200.202406191623/tools/bin/../lib/gcc/arm-none-eabi/12.3.1/../../../../arm-none-eabi/lib/thumb/v7e-m+fp/hard\libc_nano.a(libc_a-errno.o)
                0x0800a9f4                __errno
 .text.__libc_init_array
                0x0800aa00       0x48 C:/ST/STM32CubeIDE_1.10.1/STM32CubeIDE/plugins/com.st.stm32cube.ide.mcu.externaltools.gnu-tools-for-stm32.12.3.rel1.win32_1.0.200.202406191623/tools/bin/../lib/gcc/arm-none-eabi/12.3.1/../../../../arm-none-eabi/lib/thumb/v7e-m+fp/hard\libc_nano.a(libc_a-init.o)
                0x0800aa00                __libc_init_array
 .text.__retarget_lock_acquire_recursive
                0x0800aa48        0x2 C:/ST/STM32CubeIDE_1.10.1/STM32CubeIDE/plugins/com.st.stm32cube.ide.mcu.externaltools.gnu-tools-for-stm32.12.3.rel1.win32_1.0.200.202406191623/tools/bin/../lib/gcc/arm-none-eabi/12.3.1/../../../../arm-none-eabi/lib/thumb/v7e-m+fp/hard\libc_nano.a(libc_a-lock.o)
                0x0800aa48                __retarget_lock_acquire_recursive
 .text.__retarget_lock_release_recursive
                0x0800aa4a        0x2 C:/ST/STM32CubeIDE_1.10.1/STM32CubeIDE/plugins/com.st.stm32cube.ide.mcu.externaltools.gnu-tools-for-stm32.12.3.rel1.win32_1.0.200.202406191623/tools/bin/../lib/gcc/arm-none-eabi/12.3.1/../../../../arm-none-eabi/lib/thumb/v7e-m+fp/hard\libc_nano.a(libc_a-lock.o)
                0x0800aa4a                __retarget_lock_release_recursive
 .text.memcpy   0x0800aa4c       0x1c C:/ST/STM32CubeIDE_1.10.1/STM32CubeIDE/plugins/com.st.stm32cube.ide.mcu.externaltools.gnu-tools-for-stm32.12.3.rel1.win32_1.0.200.202406191623/tools/bin/../lib/gcc/arm-none-eabi/12.3.1/../../../../arm-none-eabi/lib/thumb/v7e-m+fp/hard\libc_nano.a(libc_a-memcpy-stub.o)
                0x0800aa4c                memcpy
 .text._free_r  0x0800aa68       0x94 C:/ST/STM32CubeIDE_1.10.1/STM32CubeIDE/plugins/com.st.stm32cube.ide.mcu.externaltools.gnu-tools-for-stm32.12.3.rel1.win32_1.0.200.202406191623/tools/bin/../lib/gcc/arm-none-eabi/12.3.1/../../../../arm-none-eabi/lib/thumb/v7e-m+fp/hard\libc_nano.a(libc_a-freer.o)
                0x0800aa68                _free_r
 .text.__malloc_lock
                0x0800aafc        0xc C:/ST/STM32CubeIDE_1.10.1/STM32CubeIDE/plugins/com.st.stm32cube.ide.mcu.externaltools.gnu-tools-for-stm32.12.3.rel1.win32_1.0.200.202406191623/tools/bin/../lib/gcc/arm-none-eabi/12.3.1/../../../../arm-none-eabi/lib/thumb/v7e-m+fp/hard\libc_nano.a(libc_a-mlock.o)
                0x0800aafc                __malloc_lock
 .text.__malloc_unlock
                0x0800ab08        0xc C:/ST/STM32CubeIDE_1.10.1/STM32CubeIDE/plugins/com.st.stm32cube.ide.mcu.externaltools.gnu-tools-for-stm32.12.3.rel1.win32_1.0.200.202406191623/tools/bin/../lib/gcc/arm-none-eabi/12.3.1/../../../../arm-none-eabi/lib/thumb/v7e-m+fp/hard\libc_nano.a(libc_a-mlock.o)
                0x0800ab08                __malloc_unlock
 .text.fmod     0x0800ab14       0x5c C:/ST/STM32CubeIDE_1.10.1/STM32CubeIDE/plugins/com.st.stm32cube.ide.mcu.externaltools.gnu-tools-for-stm32.12.3.rel1.win32_1.0.200.202406191623/tools/bin/../lib/gcc/arm-none-eabi/12.3.1/../../../../arm-none-eabi/lib/thumb/v7e-m+fp/hard\libm.a(libm_a-w_fmod.o)
                0x0800ab14                fmod
 .text.__ieee754_fmod
                0x0800ab70      0x214 C:/ST/STM32CubeIDE_1.10.1/STM32CubeIDE/plugins/com.st.stm32cube.ide.mcu.externaltools.gnu-tools-for-stm32.12.3.rel1.win32_1.0.200.202406191623/tools/bin/../lib/gcc/arm-none-eabi/12.3.1/../../../../arm-none-eabi/lib/thumb/v7e-m+fp/hard\libm.a(libm_a-e_fmod.o)
                0x0800ab70                __ieee754_fmod
 *(.glue_7)
 .glue_7        0x0800ad84        0x0 linker stubs
 *(.glue_7t)
 .glue_7t       0x0800ad84        0x0 linker stubs
 *(.eh_frame)
 .eh_frame      0x0800ad84        0x0 C:/ST/STM32CubeIDE_1.10.1/STM32CubeIDE/plugins/com.st.stm32cube.ide.mcu.externaltools.gnu-tools-for-stm32.12.3.rel1.win32_1.0.200.202406191623/tools/bin/../lib/gcc/arm-none-eabi/12.3.1/thumb/v7e-m+fp/hard/crtbegin.o
 *(.init)
 .init          0x0800ad84        0x4 C:/ST/STM32CubeIDE_1.10.1/STM32CubeIDE/plugins/com.st.stm32cube.ide.mcu.externaltools.gnu-tools-for-stm32.12.3.rel1.win32_1.0.200.202406191623/tools/bin/../lib/gcc/arm-none-eabi/12.3.1/thumb/v7e-m+fp/hard/crti.o
                0x0800ad84                _init
 .init          0x0800ad88        0x8 C:/ST/STM32CubeIDE_1.10.1/STM32CubeIDE/plugins/com.st.stm32cube.ide.mcu.externaltools.gnu-tools-for-stm32.12.3.rel1.win32_1.0.200.202406191623/tools/bin/../lib/gcc/arm-none-eabi/12.3.1/thumb/v7e-m+fp/hard/crtn.o
 *(.fini)
 .fini          0x0800ad90        0x4 C:/ST/STM32CubeIDE_1.10.1/STM32CubeIDE/plugins/com.st.stm32cube.ide.mcu.externaltools.gnu-tools-for-stm32.12.3.rel1.win32_1.0.200.202406191623/tools/bin/../lib/gcc/arm-none-eabi/12.3.1/thumb/v7e-m+fp/hard/crti.o
                0x0800ad90                _fini
 .fini          0x0800ad94        0x8 C:/ST/STM32CubeIDE_1.10.1/STM32CubeIDE/plugins/com.st.stm32cube.ide.mcu.externaltools.gnu-tools-for-stm32.12.3.rel1.win32_1.0.200.202406191623/tools/bin/../lib/gcc/arm-none-eabi/12.3.1/thumb/v7e-m+fp/hard/crtn.o
                0x0800ad9c                        . = ALIGN (0x4)
                0x0800ad9c                        _etext = .

.vfp11_veneer   0x0800ad9c        0x0
 .vfp11_veneer  0x0800ad9c        0x0 linker stubs

.v4_bx          0x0800ad9c        0x0
 .v4_bx         0x0800ad9c        0x0 linker stubs

.iplt           0x0800ad9c        0x0
 .iplt          0x0800ad9c        0x0 C:/ST/STM32CubeIDE_1.10.1/STM32CubeIDE/plugins/com.st.stm32cube.ide.mcu.externaltools.gnu-tools-for-stm32.12.3.rel1.win32_1.0.200.202406191623/tools/bin/../lib/gcc/arm-none-eabi/12.3.1/thumb/v7e-m+fp/hard/crtbegin.o

.rodata         0x0800ada0       0x90
                0x0800ada0                        . = ALIGN (0x4)
 *(.rodata)
 .rodata        0x0800ada0       0x58 ./Core/Src/main.o
 .rodata        0x0800adf8        0x5 ./Middlewares/Third_Party/FreeRTOS/Source/tasks.o
 *(.rodata*)
 *fill*         0x0800adfd        0x3 
 .rodata.AHBPrescTable
                0x0800ae00       0x10 ./Core/Src/system_stm32f4xx.o
                0x0800ae00                AHBPrescTable
 .rodata.APBPrescTable
                0x0800ae10        0x8 ./Core/Src/system_stm32f4xx.o
                0x0800ae10                APBPrescTable
 .rodata.flagBitshiftOffset.0
                0x0800ae18        0x8 ./Drivers/STM32F4xx_HAL_Driver/Src/stm32f4xx_hal_dma.o
 .rodata.Zero   0x0800ae20       0x10 C:/ST/STM32CubeIDE_1.10.1/STM32CubeIDE/plugins/com.st.stm32cube.ide.mcu.externaltools.gnu-tools-for-stm32.12.3.rel1.win32_1.0.200.202406191623/tools/bin/../lib/gcc/arm-none-eabi/12.3.1/../../../../arm-none-eabi/lib/thumb/v7e-m+fp/hard\libm.a(libm_a-e_fmod.o)
                0x0800ae30                        . = ALIGN (0x4)

.ARM.extab      0x0800ae30        0x0
                0x0800ae30                        . = ALIGN (0x4)
 *(.ARM.extab* .gnu.linkonce.armextab.*)
                0x0800ae30                        . = ALIGN (0x4)

.ARM            0x0800ae30        0x8
                0x0800ae30                        . = ALIGN (0x4)
                0x0800ae30                        __exidx_start = .
 *(.ARM.exidx*)
 .ARM.exidx     0x0800ae30        0x8 C:/ST/STM32CubeIDE_1.10.1/STM32CubeIDE/plugins/com.st.stm32cube.ide.mcu.externaltools.gnu-tools-for-stm32.12.3.rel1.win32_1.0.200.202406191623/tools/bin/../lib/gcc/arm-none-eabi/12.3.1/thumb/v7e-m+fp/hard\libgcc.a(_udivmoddi4.o)
                0x0800ae38                        __exidx_end = .
                0x0800ae38                        . = ALIGN (0x4)

.rel.dyn        0x0800ae38        0x0
 .rel.iplt      0x0800ae38        0x0 C:/ST/STM32CubeIDE_1.10.1/STM32CubeIDE/plugins/com.st.stm32cube.ide.mcu.externaltools.gnu-tools-for-stm32.12.3.rel1.win32_1.0.200.202406191623/tools/bin/../lib/gcc/arm-none-eabi/12.3.1/thumb/v7e-m+fp/hard/crtbegin.o

.preinit_array  0x0800ae38        0x0
                0x0800ae38                        . = ALIGN (0x4)
                0x0800ae38                        PROVIDE (__preinit_array_start = .)
 *(.preinit_array*)
                0x0800ae38                        PROVIDE (__preinit_array_end = .)
                0x0800ae38                        . = ALIGN (0x4)

.init_array     0x0800ae38        0x4
                0x0800ae38                        . = ALIGN (0x4)
                0x0800ae38                        PROVIDE (__init_array_start = .)
 *(SORT_BY_NAME(.init_array.*))
 *(.init_array*)
 .init_array    0x0800ae38        0x4 C:/ST/STM32CubeIDE_1.10.1/STM32CubeIDE/plugins/com.st.stm32cube.ide.mcu.externaltools.gnu-tools-for-stm32.12.3.rel1.win32_1.0.200.202406191623/tools/bin/../lib/gcc/arm-none-eabi/12.3.1/thumb/v7e-m+fp/hard/crtbegin.o
                0x0800ae3c                        PROVIDE (__init_array_end = .)
                0x0800ae3c                        . = ALIGN (0x4)

.fini_array     0x0800ae3c        0x4
                0x0800ae3c                        . = ALIGN (0x4)
                [!provide]                        PROVIDE (__fini_array_start = .)
 *(SORT_BY_NAME(.fini_array.*))
 *(.fini_array*)
 .fini_array    0x0800ae3c        0x4 C:/ST/STM32CubeIDE_1.10.1/STM32CubeIDE/plugins/com.st.stm32cube.ide.mcu.externaltools.gnu-tools-for-stm32.12.3.rel1.win32_1.0.200.202406191623/tools/bin/../lib/gcc/arm-none-eabi/12.3.1/thumb/v7e-m+fp/hard/crtbegin.o
                [!provide]                        PROVIDE (__fini_array_end = .)
                0x0800ae40                        . = ALIGN (0x4)
                0x0800ae40                        _sidata = LOADADDR (.data)

.data           0x20000000     0x6478 load address 0x0800ae40
                0x20000000                        . = ALIGN (0x4)
                0x20000000                        _sdata = .
 *(.data)
 *(.data*)
 .data.SystemCoreClock
                0x20000000        0x4 ./Core/Src/system_stm32f4xx.o
                0x20000000                SystemCoreClock
 .data.rxbuff   0x20000004       0x14 ./Core/gophercan-lib/GopherCAN_buffers.o
                0x20000004                rxbuff
 .data.txbuff0  0x20000018       0x14 ./Core/gophercan-lib/GopherCAN_buffers.o
                0x20000018                txbuff0
 .data.igbtATemp_C
                0x2000002c       0x20 ./Core/gophercan-lib/GopherCAN_network.o
                0x2000002c                igbtATemp_C
 .data.igbtBTemp_C
                0x2000004c       0x20 ./Core/gophercan-lib/GopherCAN_network.o
                0x2000004c                igbtBTemp_C
 .data.igbtCTemp_C
                0x2000006c       0x20 ./Core/gophercan-lib/GopherCAN_network.o
                0x2000006c                igbtCTemp_C
 .data.gateDriverBoardTemp_C
                0x2000008c       0x20 ./Core/gophercan-lib/GopherCAN_network.o
                0x2000008c                gateDriverBoardTemp_C
 .data.controlBoardTemp_C
                0x200000ac       0x20 ./Core/gophercan-lib/GopherCAN_network.o
                0x200000ac                controlBoardTemp_C
 .data.rtd1Temp_C
                0x200000cc       0x20 ./Core/gophercan-lib/GopherCAN_network.o
                0x200000cc                rtd1Temp_C
 .data.rtd2Temp_C
                0x200000ec       0x20 ./Core/gophercan-lib/GopherCAN_network.o
                0x200000ec                rtd2Temp_C
 .data.rtd3Temp_C
                0x2000010c       0x20 ./Core/gophercan-lib/GopherCAN_network.o
                0x2000010c                rtd3Temp_C
 .data.coolantTemp_C
                0x2000012c       0x20 ./Core/gophercan-lib/GopherCAN_network.o
                0x2000012c                coolantTemp_C
 .data.hotSpotTemp_C
                0x2000014c       0x20 ./Core/gophercan-lib/GopherCAN_network.o
                0x2000014c                hotSpotTemp_C
 .data.motorTemp_C
                0x2000016c       0x20 ./Core/gophercan-lib/GopherCAN_network.o
                0x2000016c                motorTemp_C
 .data.torqueShudder_Nm
                0x2000018c       0x20 ./Core/gophercan-lib/GopherCAN_network.o
                0x2000018c                torqueShudder_Nm
 .data.motorAngle_deg
                0x200001ac       0x20 ./Core/gophercan-lib/GopherCAN_network.o
                0x200001ac                motorAngle_deg
 .data.motorSpeedLF_rpm
                0x200001cc       0x20 ./Core/gophercan-lib/GopherCAN_network.o
                0x200001cc                motorSpeedLF_rpm
 .data.motorACFreq_Hz
                0x200001ec       0x20 ./Core/gophercan-lib/GopherCAN_network.o
                0x200001ec                motorACFreq_Hz
 .data.deltaResolver_deg
                0x2000020c       0x20 ./Core/gophercan-lib/GopherCAN_network.o
                0x2000020c                deltaResolver_deg
 .data.phaseACurrent_A
                0x2000022c       0x20 ./Core/gophercan-lib/GopherCAN_network.o
                0x2000022c                phaseACurrent_A
 .data.phaseBCurrent_A
                0x2000024c       0x20 ./Core/gophercan-lib/GopherCAN_network.o
                0x2000024c                phaseBCurrent_A
 .data.phaseCCurrent_A
                0x2000026c       0x20 ./Core/gophercan-lib/GopherCAN_network.o
                0x2000026c                phaseCCurrent_A
 .data.dcBusCurrent_A
                0x2000028c       0x20 ./Core/gophercan-lib/GopherCAN_network.o
                0x2000028c                dcBusCurrent_A
 .data.dcBusVoltageLF_V
                0x200002ac       0x20 ./Core/gophercan-lib/GopherCAN_network.o
                0x200002ac                dcBusVoltageLF_V
 .data.peakOutputVoltage_V
                0x200002cc       0x20 ./Core/gophercan-lib/GopherCAN_network.o
                0x200002cc                peakOutputVoltage_V
 .data.vdVoltage_V
                0x200002ec       0x20 ./Core/gophercan-lib/GopherCAN_network.o
                0x200002ec                vdVoltage_V
 .data.vqVoltage_V
                0x2000030c       0x20 ./Core/gophercan-lib/GopherCAN_network.o
                0x2000030c                vqVoltage_V
 .data.fluxCommand_Wb
                0x2000032c       0x20 ./Core/gophercan-lib/GopherCAN_network.o
                0x2000032c                fluxCommand_Wb
 .data.fluxFeedback_Wb
                0x2000034c       0x20 ./Core/gophercan-lib/GopherCAN_network.o
                0x2000034c                fluxFeedback_Wb
 .data.idFeedback_A
                0x2000036c       0x20 ./Core/gophercan-lib/GopherCAN_network.o
                0x2000036c                idFeedback_A
 .data.iqFeedback_A
                0x2000038c       0x20 ./Core/gophercan-lib/GopherCAN_network.o
                0x2000038c                iqFeedback_A
 .data.vRef1v5_V
                0x200003ac       0x20 ./Core/gophercan-lib/GopherCAN_network.o
                0x200003ac                vRef1v5_V
 .data.vRef2v5_V
                0x200003cc       0x20 ./Core/gophercan-lib/GopherCAN_network.o
                0x200003cc                vRef2v5_V
 .data.vRef5v_V
                0x200003ec       0x20 ./Core/gophercan-lib/GopherCAN_network.o
                0x200003ec                vRef5v_V
 .data.vRef12v_V
                0x2000040c       0x20 ./Core/gophercan-lib/GopherCAN_network.o
                0x2000040c                vRef12v_V
 .data.vsmState_state
                0x2000042c       0x20 ./Core/gophercan-lib/GopherCAN_network.o
                0x2000042c                vsmState_state
 .data.pwmFreq_kHz
                0x2000044c       0x20 ./Core/gophercan-lib/GopherCAN_network.o
                0x2000044c                pwmFreq_kHz
 .data.inverterState_state
                0x2000046c       0x20 ./Core/gophercan-lib/GopherCAN_network.o
                0x2000046c                inverterState_state
 .data.relayState_state
                0x2000048c       0x20 ./Core/gophercan-lib/GopherCAN_network.o
                0x2000048c                relayState_state
 .data.invStatesByte4_state
                0x200004ac       0x20 ./Core/gophercan-lib/GopherCAN_network.o
                0x200004ac                invStatesByte4_state
 .data.invStatesByte5_state
                0x200004cc       0x20 ./Core/gophercan-lib/GopherCAN_network.o
                0x200004cc                invStatesByte5_state
 .data.invStatesByte6_state
                0x200004ec       0x20 ./Core/gophercan-lib/GopherCAN_network.o
                0x200004ec                invStatesByte6_state
 .data.invStatesByte7_state
                0x2000050c       0x20 ./Core/gophercan-lib/GopherCAN_network.o
                0x2000050c                invStatesByte7_state
 .data.postFaultLo_state
                0x2000052c       0x20 ./Core/gophercan-lib/GopherCAN_network.o
                0x2000052c                postFaultLo_state
 .data.postFaultHi_state
                0x2000054c       0x20 ./Core/gophercan-lib/GopherCAN_network.o
                0x2000054c                postFaultHi_state
 .data.runFaultLo_state
                0x2000056c       0x20 ./Core/gophercan-lib/GopherCAN_network.o
                0x2000056c                runFaultLo_state
 .data.runFaultHi_state
                0x2000058c       0x20 ./Core/gophercan-lib/GopherCAN_network.o
                0x2000058c                runFaultHi_state
 .data.activeTorqueCmdLF_Nm
                0x200005ac       0x20 ./Core/gophercan-lib/GopherCAN_network.o
                0x200005ac                activeTorqueCmdLF_Nm
 .data.torqueFeedbackLF_Nm
                0x200005cc       0x20 ./Core/gophercan-lib/GopherCAN_network.o
                0x200005cc                torqueFeedbackLF_Nm
 .data.powerOnTimer_s
                0x200005ec       0x20 ./Core/gophercan-lib/GopherCAN_network.o
                0x200005ec                powerOnTimer_s
 .data.modulationIndex_ul
                0x2000060c       0x20 ./Core/gophercan-lib/GopherCAN_network.o
                0x2000060c                modulationIndex_ul
 .data.fluxWeakeningOutput_A
                0x2000062c       0x20 ./Core/gophercan-lib/GopherCAN_network.o
                0x2000062c                fluxWeakeningOutput_A
 .data.iqCommand_A
                0x2000064c       0x20 ./Core/gophercan-lib/GopherCAN_network.o
                0x2000064c                iqCommand_A
 .data.idCommand_A
                0x2000066c       0x20 ./Core/gophercan-lib/GopherCAN_network.o
                0x2000066c                idCommand_A
 .data.activeTorqueCmd_Nm
                0x2000068c       0x20 ./Core/gophercan-lib/GopherCAN_network.o
                0x2000068c                activeTorqueCmd_Nm
 .data.torqueFeedback_Nm
                0x200006ac       0x20 ./Core/gophercan-lib/GopherCAN_network.o
                0x200006ac                torqueFeedback_Nm
 .data.motorSpeed_rpm
                0x200006cc       0x20 ./Core/gophercan-lib/GopherCAN_network.o
                0x200006cc                motorSpeed_rpm
 .data.dcBusVoltage_V
                0x200006ec       0x20 ./Core/gophercan-lib/GopherCAN_network.o
                0x200006ec                dcBusVoltage_V
 .data.soeByOCV_percent
                0x2000070c       0x20 ./Core/gophercan-lib/GopherCAN_network.o
                0x2000070c                soeByOCV_percent
 .data.soeByCoulombCounting_percent
                0x2000072c       0x20 ./Core/gophercan-lib/GopherCAN_network.o
                0x2000072c                soeByCoulombCounting_percent
 .data.torqueCmd_Nm
                0x2000074c       0x20 ./Core/gophercan-lib/GopherCAN_network.o
                0x2000074c                torqueCmd_Nm
 .data.speedCmd_rpm
                0x2000076c       0x20 ./Core/gophercan-lib/GopherCAN_network.o
                0x2000076c                speedCmd_rpm
 .data.cmdDir_state
                0x2000078c       0x20 ./Core/gophercan-lib/GopherCAN_network.o
                0x2000078c                cmdDir_state
 .data.invCmdFlags_state
                0x200007ac       0x20 ./Core/gophercan-lib/GopherCAN_network.o
                0x200007ac                invCmdFlags_state
 .data.torqueCmdLim_Nm
                0x200007cc       0x20 ./Core/gophercan-lib/GopherCAN_network.o
                0x200007cc                torqueCmdLim_Nm
 .data.invParameterAddress_state
                0x200007ec       0x20 ./Core/gophercan-lib/GopherCAN_network.o
                0x200007ec                invParameterAddress_state
 .data.invParameterRW_state
                0x2000080c       0x20 ./Core/gophercan-lib/GopherCAN_network.o
                0x2000080c                invParameterRW_state
 .data.invParameterReserved1_state
                0x2000082c       0x20 ./Core/gophercan-lib/GopherCAN_network.o
                0x2000082c                invParameterReserved1_state
 .data.invParameterData_state
                0x2000084c       0x20 ./Core/gophercan-lib/GopherCAN_network.o
                0x2000084c                invParameterData_state
 .data.invParameterReserved2_state
                0x2000086c       0x20 ./Core/gophercan-lib/GopherCAN_network.o
                0x2000086c                invParameterReserved2_state
 .data.inverterChargeLimit_A
                0x2000088c       0x20 ./Core/gophercan-lib/GopherCAN_network.o
                0x2000088c                inverterChargeLimit_A
 .data.inverterDischargeLimit_A
                0x200008ac       0x20 ./Core/gophercan-lib/GopherCAN_network.o
                0x200008ac                inverterDischargeLimit_A
 .data.pedalPosition1_mm
                0x200008cc       0x20 ./Core/gophercan-lib/GopherCAN_network.o
                0x200008cc                pedalPosition1_mm
 .data.pedalPosition2_mm
                0x200008ec       0x20 ./Core/gophercan-lib/GopherCAN_network.o
                0x200008ec                pedalPosition2_mm
 .data.pedalPosition1_percent
                0x2000090c       0x20 ./Core/gophercan-lib/GopherCAN_network.o
                0x2000090c                pedalPosition1_percent
 .data.pedalPosition2_percent
                0x2000092c       0x20 ./Core/gophercan-lib/GopherCAN_network.o
                0x2000092c                pedalPosition2_percent
 .data.brakePressureFront_psi
                0x2000094c       0x20 ./Core/gophercan-lib/GopherCAN_network.o
                0x2000094c                brakePressureFront_psi
 .data.vcuTractiveSystemCurrent_A
                0x2000096c       0x20 ./Core/gophercan-lib/GopherCAN_network.o
                0x2000096c                vcuTractiveSystemCurrent_A
 .data.bspdBrakePressureSensorFault_state
                0x2000098c       0x20 ./Core/gophercan-lib/GopherCAN_network.o
                0x2000098c                bspdBrakePressureSensorFault_state
 .data.bspdPedalPosition1Fault_state
                0x200009ac       0x20 ./Core/gophercan-lib/GopherCAN_network.o
                0x200009ac                bspdPedalPosition1Fault_state
 .data.bspdPedalPosition2Fault_state
                0x200009cc       0x20 ./Core/gophercan-lib/GopherCAN_network.o
                0x200009cc                bspdPedalPosition2Fault_state
 .data.bspdTractiveSystemCurrentSensorFault_state
                0x200009ec       0x20 ./Core/gophercan-lib/GopherCAN_network.o
                0x200009ec                bspdTractiveSystemCurrentSensorFault_state
 .data.bspdTractiveSystemBrakingFault_state
                0x20000a0c       0x20 ./Core/gophercan-lib/GopherCAN_network.o
                0x20000a0c                bspdTractiveSystemBrakingFault_state
 .data.vcuBrakePressureSensorFault_state
                0x20000a2c       0x20 ./Core/gophercan-lib/GopherCAN_network.o
                0x20000a2c                vcuBrakePressureSensorFault_state
 .data.vcuPedalPosition1Fault_state
                0x20000a4c       0x20 ./Core/gophercan-lib/GopherCAN_network.o
                0x20000a4c                vcuPedalPosition1Fault_state
 .data.vcuPedalPosition2Fault_state
                0x20000a6c       0x20 ./Core/gophercan-lib/GopherCAN_network.o
                0x20000a6c                vcuPedalPosition2Fault_state
 .data.vcuTractiveSystemCurrentSensorFault_state
                0x20000a8c       0x20 ./Core/gophercan-lib/GopherCAN_network.o
                0x20000a8c                vcuTractiveSystemCurrentSensorFault_state
 .data.vcuPedalPositionCorrelationFault_state
                0x20000aac       0x20 ./Core/gophercan-lib/GopherCAN_network.o
                0x20000aac                vcuPedalPositionCorrelationFault_state
 .data.vcuPedalPositionBrakingFault_state
                0x20000acc       0x20 ./Core/gophercan-lib/GopherCAN_network.o
                0x20000acc                vcuPedalPositionBrakingFault_state
 .data.vcuBrakingClampingCurrent_state
                0x20000aec       0x20 ./Core/gophercan-lib/GopherCAN_network.o
                0x20000aec                vcuBrakingClampingCurrent_state
 .data.vcuTorqueRequested_Nm
                0x20000b0c       0x20 ./Core/gophercan-lib/GopherCAN_network.o
                0x20000b0c                vcuTorqueRequested_Nm
 .data.coolantPumpPressure_psi
                0x20000b2c       0x20 ./Core/gophercan-lib/GopherCAN_network.o
                0x20000b2c                coolantPumpPressure_psi
 .data.coolantFanPower_percent
                0x20000b4c       0x20 ./Core/gophercan-lib/GopherCAN_network.o
                0x20000b4c                coolantFanPower_percent
 .data.coolantPumpPower_percent
                0x20000b6c       0x20 ./Core/gophercan-lib/GopherCAN_network.o
                0x20000b6c                coolantPumpPower_percent
 .data.accumulatorFanPower_percent
                0x20000b8c       0x20 ./Core/gophercan-lib/GopherCAN_network.o
                0x20000b8c                accumulatorFanPower_percent
 .data.switch1On_state
                0x20000bac       0x20 ./Core/gophercan-lib/GopherCAN_network.o
                0x20000bac                switch1On_state
 .data.switch2On_state
                0x20000bcc       0x20 ./Core/gophercan-lib/GopherCAN_network.o
                0x20000bcc                switch2On_state
 .data.gpio1_state
                0x20000bec       0x20 ./Core/gophercan-lib/GopherCAN_network.o
                0x20000bec                gpio1_state
 .data.gpio2_state
                0x20000c0c       0x20 ./Core/gophercan-lib/GopherCAN_network.o
                0x20000c0c                gpio2_state
 .data.brakeLightOn_state
                0x20000c2c       0x20 ./Core/gophercan-lib/GopherCAN_network.o
                0x20000c2c                brakeLightOn_state
 .data.vehicleBuzzerOn_state
                0x20000c4c       0x20 ./Core/gophercan-lib/GopherCAN_network.o
                0x20000c4c                vehicleBuzzerOn_state
 .data.readyToDriveButton_state
                0x20000c6c       0x20 ./Core/gophercan-lib/GopherCAN_network.o
                0x20000c6c                readyToDriveButton_state
 .data.vcuTemp_C
                0x20000c8c       0x20 ./Core/gophercan-lib/GopherCAN_network.o
                0x20000c8c                vcuTemp_C
 .data.vehicleState_state
                0x20000cac       0x20 ./Core/gophercan-lib/GopherCAN_network.o
                0x20000cac                vehicleState_state
 .data.vcuState_state
                0x20000ccc       0x20 ./Core/gophercan-lib/GopherCAN_network.o
                0x20000ccc                vcuState_state
 .data.vcuMcuStatus_state
                0x20000cec       0x20 ./Core/gophercan-lib/GopherCAN_network.o
                0x20000cec                vcuMcuStatus_state
 .data.currentlyMoving_state
                0x20000d0c       0x20 ./Core/gophercan-lib/GopherCAN_network.o
                0x20000d0c                currentlyMoving_state
 .data.vcuGSenseStatus_state
                0x20000d2c       0x20 ./Core/gophercan-lib/GopherCAN_network.o
                0x20000d2c                vcuGSenseStatus_state
 .data.displayFaultStatus_state
                0x20000d4c       0x20 ./Core/gophercan-lib/GopherCAN_network.o
                0x20000d4c                displayFaultStatus_state
 .data.seg1Voltage_V
                0x20000d6c       0x20 ./Core/gophercan-lib/GopherCAN_network.o
                0x20000d6c                seg1Voltage_V
 .data.seg1BMBMaxBoardTemp_C
                0x20000d8c       0x20 ./Core/gophercan-lib/GopherCAN_network.o
                0x20000d8c                seg1BMBMaxBoardTemp_C
 .data.seg1BMBMinBoardTemp_C
                0x20000dac       0x20 ./Core/gophercan-lib/GopherCAN_network.o
                0x20000dac                seg1BMBMinBoardTemp_C
 .data.seg1BMBAveBoardTemp_C
                0x20000dcc       0x20 ./Core/gophercan-lib/GopherCAN_network.o
                0x20000dcc                seg1BMBAveBoardTemp_C
 .data.seg1MaxCellVoltage_V
                0x20000dec       0x20 ./Core/gophercan-lib/GopherCAN_network.o
                0x20000dec                seg1MaxCellVoltage_V
 .data.seg1MinCellVoltage_V
                0x20000e0c       0x20 ./Core/gophercan-lib/GopherCAN_network.o
                0x20000e0c                seg1MinCellVoltage_V
 .data.seg1AveCellVoltage_V
                0x20000e2c       0x20 ./Core/gophercan-lib/GopherCAN_network.o
                0x20000e2c                seg1AveCellVoltage_V
 .data.seg1MaxCellTemp_C
                0x20000e4c       0x20 ./Core/gophercan-lib/GopherCAN_network.o
                0x20000e4c                seg1MaxCellTemp_C
 .data.seg1MinCellTemp_C
                0x20000e6c       0x20 ./Core/gophercan-lib/GopherCAN_network.o
                0x20000e6c                seg1MinCellTemp_C
 .data.seg1AveCellTemp_C
                0x20000e8c       0x20 ./Core/gophercan-lib/GopherCAN_network.o
                0x20000e8c                seg1AveCellTemp_C
 .data.seg1BMBBoardTemp1_C
                0x20000eac       0x20 ./Core/gophercan-lib/GopherCAN_network.o
                0x20000eac                seg1BMBBoardTemp1_C
 .data.seg1BMBBoardTemp2_C
                0x20000ecc       0x20 ./Core/gophercan-lib/GopherCAN_network.o
                0x20000ecc                seg1BMBBoardTemp2_C
 .data.seg1BMBBoardTemp3_C
                0x20000eec       0x20 ./Core/gophercan-lib/GopherCAN_network.o
                0x20000eec                seg1BMBBoardTemp3_C
 .data.seg1BMBBoardTemp4_C
                0x20000f0c       0x20 ./Core/gophercan-lib/GopherCAN_network.o
                0x20000f0c                seg1BMBBoardTemp4_C
 .data.seg1Cell1Voltage_V
                0x20000f2c       0x20 ./Core/gophercan-lib/GopherCAN_network.o
                0x20000f2c                seg1Cell1Voltage_V
 .data.seg1Cell2Voltage_V
                0x20000f4c       0x20 ./Core/gophercan-lib/GopherCAN_network.o
                0x20000f4c                seg1Cell2Voltage_V
 .data.seg1Cell3Voltage_V
                0x20000f6c       0x20 ./Core/gophercan-lib/GopherCAN_network.o
                0x20000f6c                seg1Cell3Voltage_V
 .data.seg1Cell4Voltage_V
                0x20000f8c       0x20 ./Core/gophercan-lib/GopherCAN_network.o
                0x20000f8c                seg1Cell4Voltage_V
 .data.seg1Cell5Voltage_V
                0x20000fac       0x20 ./Core/gophercan-lib/GopherCAN_network.o
                0x20000fac                seg1Cell5Voltage_V
 .data.seg1Cell6Voltage_V
                0x20000fcc       0x20 ./Core/gophercan-lib/GopherCAN_network.o
                0x20000fcc                seg1Cell6Voltage_V
 .data.seg1Cell7Voltage_V
                0x20000fec       0x20 ./Core/gophercan-lib/GopherCAN_network.o
                0x20000fec                seg1Cell7Voltage_V
 .data.seg1Cell8Voltage_V
                0x2000100c       0x20 ./Core/gophercan-lib/GopherCAN_network.o
                0x2000100c                seg1Cell8Voltage_V
 .data.seg1Cell9Voltage_V
                0x2000102c       0x20 ./Core/gophercan-lib/GopherCAN_network.o
                0x2000102c                seg1Cell9Voltage_V
 .data.seg1Cell10Voltage_V
                0x2000104c       0x20 ./Core/gophercan-lib/GopherCAN_network.o
                0x2000104c                seg1Cell10Voltage_V
 .data.seg1Cell11Voltage_V
                0x2000106c       0x20 ./Core/gophercan-lib/GopherCAN_network.o
                0x2000106c                seg1Cell11Voltage_V
 .data.seg1Cell12Voltage_V
                0x2000108c       0x20 ./Core/gophercan-lib/GopherCAN_network.o
                0x2000108c                seg1Cell12Voltage_V
 .data.seg1Cell1Temp_C
                0x200010ac       0x20 ./Core/gophercan-lib/GopherCAN_network.o
                0x200010ac                seg1Cell1Temp_C
 .data.seg1Cell2Temp_C
                0x200010cc       0x20 ./Core/gophercan-lib/GopherCAN_network.o
                0x200010cc                seg1Cell2Temp_C
 .data.seg1Cell3Temp_C
                0x200010ec       0x20 ./Core/gophercan-lib/GopherCAN_network.o
                0x200010ec                seg1Cell3Temp_C
 .data.seg1Cell4Temp_C
                0x2000110c       0x20 ./Core/gophercan-lib/GopherCAN_network.o
                0x2000110c                seg1Cell4Temp_C
 .data.seg1Cell5Temp_C
                0x2000112c       0x20 ./Core/gophercan-lib/GopherCAN_network.o
                0x2000112c                seg1Cell5Temp_C
 .data.seg1Cell6Temp_C
                0x2000114c       0x20 ./Core/gophercan-lib/GopherCAN_network.o
                0x2000114c                seg1Cell6Temp_C
 .data.seg1Cell7Temp_C
                0x2000116c       0x20 ./Core/gophercan-lib/GopherCAN_network.o
                0x2000116c                seg1Cell7Temp_C
 .data.seg1Cell8Temp_C
                0x2000118c       0x20 ./Core/gophercan-lib/GopherCAN_network.o
                0x2000118c                seg1Cell8Temp_C
 .data.seg1Cell9Temp_C
                0x200011ac       0x20 ./Core/gophercan-lib/GopherCAN_network.o
                0x200011ac                seg1Cell9Temp_C
 .data.seg1Cell10Temp_C
                0x200011cc       0x20 ./Core/gophercan-lib/GopherCAN_network.o
                0x200011cc                seg1Cell10Temp_C
 .data.seg1Cell11Temp_C
                0x200011ec       0x20 ./Core/gophercan-lib/GopherCAN_network.o
                0x200011ec                seg1Cell11Temp_C
 .data.seg1Cell12Temp_C
                0x2000120c       0x20 ./Core/gophercan-lib/GopherCAN_network.o
                0x2000120c                seg1Cell12Temp_C
 .data.seg1Cell1VoltageStatus
                0x2000122c       0x20 ./Core/gophercan-lib/GopherCAN_network.o
                0x2000122c                seg1Cell1VoltageStatus
 .data.seg1Cell2VoltageStatus
                0x2000124c       0x20 ./Core/gophercan-lib/GopherCAN_network.o
                0x2000124c                seg1Cell2VoltageStatus
 .data.seg1Cell3VoltageStatus
                0x2000126c       0x20 ./Core/gophercan-lib/GopherCAN_network.o
                0x2000126c                seg1Cell3VoltageStatus
 .data.seg1Cell4VoltageStatus
                0x2000128c       0x20 ./Core/gophercan-lib/GopherCAN_network.o
                0x2000128c                seg1Cell4VoltageStatus
 .data.seg1Cell5VoltageStatus
                0x200012ac       0x20 ./Core/gophercan-lib/GopherCAN_network.o
                0x200012ac                seg1Cell5VoltageStatus
 .data.seg1Cell6VoltageStatus
                0x200012cc       0x20 ./Core/gophercan-lib/GopherCAN_network.o
                0x200012cc                seg1Cell6VoltageStatus
 .data.seg1Cell7VoltageStatus
                0x200012ec       0x20 ./Core/gophercan-lib/GopherCAN_network.o
                0x200012ec                seg1Cell7VoltageStatus
 .data.seg1Cell8VoltageStatus
                0x2000130c       0x20 ./Core/gophercan-lib/GopherCAN_network.o
                0x2000130c                seg1Cell8VoltageStatus
 .data.seg1Cell9VoltageStatus
                0x2000132c       0x20 ./Core/gophercan-lib/GopherCAN_network.o
                0x2000132c                seg1Cell9VoltageStatus
 .data.seg1Cell10VoltageStatus
                0x2000134c       0x20 ./Core/gophercan-lib/GopherCAN_network.o
                0x2000134c                seg1Cell10VoltageStatus
 .data.seg1Cell11VoltageStatus
                0x2000136c       0x20 ./Core/gophercan-lib/GopherCAN_network.o
                0x2000136c                seg1Cell11VoltageStatus
 .data.seg1Cell12VoltageStatus
                0x2000138c       0x20 ./Core/gophercan-lib/GopherCAN_network.o
                0x2000138c                seg1Cell12VoltageStatus
 .data.seg1Cell1TempStatus
                0x200013ac       0x20 ./Core/gophercan-lib/GopherCAN_network.o
                0x200013ac                seg1Cell1TempStatus
 .data.seg1Cell2TempStatus
                0x200013cc       0x20 ./Core/gophercan-lib/GopherCAN_network.o
                0x200013cc                seg1Cell2TempStatus
 .data.seg1Cell3TempStatus
                0x200013ec       0x20 ./Core/gophercan-lib/GopherCAN_network.o
                0x200013ec                seg1Cell3TempStatus
 .data.seg1Cell4TempStatus
                0x2000140c       0x20 ./Core/gophercan-lib/GopherCAN_network.o
                0x2000140c                seg1Cell4TempStatus
 .data.seg1Cell5TempStatus
                0x2000142c       0x20 ./Core/gophercan-lib/GopherCAN_network.o
                0x2000142c                seg1Cell5TempStatus
 .data.seg1Cell6TempStatus
                0x2000144c       0x20 ./Core/gophercan-lib/GopherCAN_network.o
                0x2000144c                seg1Cell6TempStatus
 .data.seg1Cell7TempStatus
                0x2000146c       0x20 ./Core/gophercan-lib/GopherCAN_network.o
                0x2000146c                seg1Cell7TempStatus
 .data.seg1Cell8TempStatus
                0x2000148c       0x20 ./Core/gophercan-lib/GopherCAN_network.o
                0x2000148c                seg1Cell8TempStatus
 .data.seg1Cell9TempStatus
                0x200014ac       0x20 ./Core/gophercan-lib/GopherCAN_network.o
                0x200014ac                seg1Cell9TempStatus
 .data.seg1Cell10TempStatus
                0x200014cc       0x20 ./Core/gophercan-lib/GopherCAN_network.o
                0x200014cc                seg1Cell10TempStatus
 .data.seg1Cell11TempStatus
                0x200014ec       0x20 ./Core/gophercan-lib/GopherCAN_network.o
                0x200014ec                seg1Cell11TempStatus
 .data.seg1Cell12TempStatus
                0x2000150c       0x20 ./Core/gophercan-lib/GopherCAN_network.o
                0x2000150c                seg1Cell12TempStatus
 .data.seg2Voltage_V
                0x2000152c       0x20 ./Core/gophercan-lib/GopherCAN_network.o
                0x2000152c                seg2Voltage_V
 .data.seg2BMBMaxBoardTemp_C
                0x2000154c       0x20 ./Core/gophercan-lib/GopherCAN_network.o
                0x2000154c                seg2BMBMaxBoardTemp_C
 .data.seg2BMBMinBoardTemp_C
                0x2000156c       0x20 ./Core/gophercan-lib/GopherCAN_network.o
                0x2000156c                seg2BMBMinBoardTemp_C
 .data.seg2BMBAveBoardTemp_C