C:/Users/hp/STM32CubeIDE/workspace_1.11.0/gophercan-lib/GopherCAN.c:56:4:init_can	32	static
C:/Users/hp/STM32CubeIDE/workspace_1.11.0/gophercan-lib/GopherCAN.c:137:11:init_filters	80	static
C:/Users/hp/STM32CubeIDE/workspace_1.11.0/gophercan-lib/GopherCAN.c:267:4:request_parameter	64	static
C:/Users/hp/STM32CubeIDE/workspace_1.11.0/gophercan-lib/GopherCAN.c:314:4:send_can_command	72	static
C:/Users/hp/STM32CubeIDE/workspace_1.11.0/gophercan-lib/GopherCAN.c:357:4:send_parameter	16	static
C:/Users/hp/STM32CubeIDE/workspace_1.11.0/gophercan-lib/GopherCAN.c:369:4:send_group	80	static
C:/Users/hp/STM32CubeIDE/workspace_1.11.0/gophercan-lib/GopherCAN.c:432:11:encode_parameter	152	static
C:/Users/hp/STM32CubeIDE/workspace_1.11.0/gophercan-lib/GopherCAN.c:494:11:decode_parameter	128	static
C:/Users/hp/STM32CubeIDE/workspace_1.11.0/gophercan-lib/GopherCAN.c:581:4:add_custom_can_func	32	static
C:/Users/hp/STM32CubeIDE/workspace_1.11.0/gophercan-lib/GopherCAN.c:610:4:mod_custom_can_func_state	24	static
C:/Users/hp/STM32CubeIDE/workspace_1.11.0/gophercan-lib/GopherCAN.c:632:13:service_can_tx_hardware	32	static
C:/Users/hp/STM32CubeIDE/workspace_1.11.0/gophercan-lib/GopherCAN.c:671:6:service_can_tx	24	static
C:/Users/hp/STM32CubeIDE/workspace_1.11.0/gophercan-lib/GopherCAN.c:710:6:service_can_rx_hardware	48	static
C:/Users/hp/STM32CubeIDE/workspace_1.11.0/gophercan-lib/GopherCAN.c:761:4:service_can_rx_buffer	16	static
C:/Users/hp/STM32CubeIDE/workspace_1.11.0/gophercan-lib/GopherCAN.c:789:11:tx_can_message	24	static
C:/Users/hp/STM32CubeIDE/workspace_1.11.0/gophercan-lib/GopherCAN.c:829:11:service_can_rx_message_std	40	static
C:/Users/hp/STM32CubeIDE/workspace_1.11.0/gophercan-lib/GopherCAN.c:882:11:service_can_rx_message_ext	24	static
C:/Users/hp/STM32CubeIDE/workspace_1.11.0/gophercan-lib/GopherCAN.c:937:11:parameter_requested	24	static
C:/Users/hp/STM32CubeIDE/workspace_1.11.0/gophercan-lib/GopherCAN.c:962:11:run_can_command	48	static
C:/Users/hp/STM32CubeIDE/workspace_1.11.0/gophercan-lib/GopherCAN.c:1013:12:build_message_id	24	static
C:/Users/hp/STM32CubeIDE/workspace_1.11.0/gophercan-lib/GopherCAN.c:1055:13:get_message_id	16	static
C:/Users/hp/STM32CubeIDE/workspace_1.11.0/gophercan-lib/GopherCAN.c:1067:11:send_error_message	64	static
C:/Users/hp/STM32CubeIDE/workspace_1.11.0/gophercan-lib/GopherCAN.c:1132:6:do_nothing	16	static
C:/Users/hp/STM32CubeIDE/workspace_1.11.0/gophercan-lib/GopherCAN.c:1140:13:GCAN_RxMsgPendingCallback	16	static
C:/Users/hp/STM32CubeIDE/workspace_1.11.0/gophercan-lib/GopherCAN.c:1148:6:HAL_CAN_RxFifo0MsgPendingCallback	16	static
C:/Users/hp/STM32CubeIDE/workspace_1.11.0/gophercan-lib/GopherCAN.c:1153:6:HAL_CAN_RxFifo1MsgPendingCallback	16	static
C:/Users/hp/STM32CubeIDE/workspace_1.11.0/gophercan-lib/GopherCAN.c:1161:6:HAL_CAN_TxMailbox0CompleteCallback	16	static
C:/Users/hp/STM32CubeIDE/workspace_1.11.0/gophercan-lib/GopherCAN.c:1166:6:HAL_CAN_TxMailbox1CompleteCallback	16	static
C:/Users/hp/STM32CubeIDE/workspace_1.11.0/gophercan-lib/GopherCAN.c:1171:6:HAL_CAN_TxMailbox2CompleteCallback	16	static
C:/Users/hp/STM32CubeIDE/workspace_1.11.0/gophercan-lib/GopherCAN.c:1176:6:HAL_CAN_TxMailbox0AbortCallback	16	static
C:/Users/hp/STM32CubeIDE/workspace_1.11.0/gophercan-lib/GopherCAN.c:1181:6:HAL_CAN_TxMailbox1AbortCallback	16	static
C:/Users/hp/STM32CubeIDE/workspace_1.11.0/gophercan-lib/GopherCAN.c:1186:6:HAL_CAN_TxMailbox2AbortCallback	16	static
