../Core/Src/main.c:85:5:main	72	static
../Core/Src/main.c:248:6:SystemClock_Config	88	static
../Core/Src/main.c:296:13:MX_CAN1_Init	8	static
../Core/Src/main.c:333:13:MX_TIM2_Init	64	static
../Core/Src/main.c:392:13:MX_TIM3_Init	64	static
../Core/Src/main.c:451:13:MX_USART2_UART_Init	8	static
../Core/Src/main.c:482:13:MX_DMA_Init	16	static
../Core/Src/main.c:503:13:MX_GPIO_Init	40	static
../Core/Src/main.c:546:6:task_main_loop	16	static
../Core/Src/main.c:565:6:task_gcan_hw	16	static
../Core/Src/main.c:585:6:HAL_TIM_PeriodElapsedCallback	16	static
../Core/Src/main.c:602:6:Error_Handler	4	static,ignoring_inline_asm
