../Core/Src/main.c:88:5:main	72	static
../Core/Src/main.c:251:6:SystemClock_Config	88	static
../Core/Src/main.c:299:13:MX_ADC1_Init	24	static
../Core/Src/main.c:351:13:MX_CAN1_Init	8	static
../Core/Src/main.c:388:13:MX_TIM2_Init	64	static
../Core/Src/main.c:447:13:MX_TIM3_Init	64	static
../Core/Src/main.c:506:13:MX_USART2_UART_Init	8	static
../Core/Src/main.c:537:13:MX_DMA_Init	16	static
../Core/Src/main.c:558:13:MX_GPIO_Init	40	static
../Core/Src/main.c:601:6:task_main_loop	16	static
../Core/Src/main.c:620:6:task_gcan_hw	16	static
../Core/Src/main.c:640:6:HAL_TIM_PeriodElapsedCallback	16	static
../Core/Src/main.c:657:6:Error_Handler	4	static,ignoring_inline_asm
